../Core/Src/main.c:119:6:HAL_TIM_IC_CaptureCallback	16	static
../Core/Src/main.c:182:6:HAL_ADC_ConvCpltCallback	16	static
../Core/Src/main.c:204:6:HAL_UART_RxCpltCallback	16	static
../Core/Src/main.c:213:6:sendParameter	8	static
../Core/Src/main.c:219:6:Mise_a_zero_encours	8	static
../Core/Src/main.c:226:6:sendholdTo_st1	8	static
../Core/Src/main.c:232:6:sendterminé_st1	8	static
../Core/Src/main.c:238:6:zero	8	static
../Core/Src/main.c:308:6:moveroleauTo	16	static
../Core/Src/main.c:343:7:calculateMovingAverage	16	static
../Core/Src/main.c:363:5:main	8	static
../Core/Src/main.c:454:6:SystemClock_Config	88	static
../Core/Src/main.c:511:6:Error_Handler	4	static,ignoring_inline_asm
