../Core/Src/main.c:148:6:HAL_TIM_IC_CaptureCallback	16	static
../Core/Src/main.c:335:6:HAL_ADC_ConvCpltCallback	16	static
../Core/Src/main.c:352:6:roundpulse	24	static
../Core/Src/main.c:358:6:ConvertMM_topulse	24	static
../Core/Src/main.c:365:6:determinerVecteurTEMPS	32	static
../Core/Src/main.c:375:6:moveTo	40	static
../Core/Src/main.c:586:6:convert_Frompolar_Tocourse	48	static
../Core/Src/main.c:598:6:Commander_Moteuraxial	16	static
../Core/Src/main.c:618:6:zerodefine	8	static
../Core/Src/main.c:650:5:main	8	static
../Core/Src/main.c:751:6:SystemClock_Config	88	static
../Core/Src/main.c:808:6:Error_Handler	4	static,ignoring_inline_asm
