Archive member included to satisfy reference by file (symbol)

c:/st/stm32cubeide_1.12.0/stm32cubeide/plugins/com.st.stm32cube.ide.mcu.externaltools.gnu-tools-for-stm32.10.3-2021.10.win32_1.0.200.202301161003/tools/bin/../lib/gcc/arm-none-eabi/10.3.1/../../../../arm-none-eabi/lib/thumb/v7e-m+fp/hard\libc_nano.a(lib_a-errno.o)
                              ./Core/Src/syscalls.o (__errno)
c:/st/stm32cubeide_1.12.0/stm32cubeide/plugins/com.st.stm32cube.ide.mcu.externaltools.gnu-tools-for-stm32.10.3-2021.10.win32_1.0.200.202301161003/tools/bin/../lib/gcc/arm-none-eabi/10.3.1/../../../../arm-none-eabi/lib/thumb/v7e-m+fp/hard\libc_nano.a(lib_a-exit.o)
                              c:/st/stm32cubeide_1.12.0/stm32cubeide/plugins/com.st.stm32cube.ide.mcu.externaltools.gnu-tools-for-stm32.10.3-2021.10.win32_1.0.200.202301161003/tools/bin/../lib/gcc/arm-none-eabi/10.3.1/../../../../arm-none-eabi/lib/thumb/v7e-m+fp/hard/crt0.o (exit)
c:/st/stm32cubeide_1.12.0/stm32cubeide/plugins/com.st.stm32cube.ide.mcu.externaltools.gnu-tools-for-stm32.10.3-2021.10.win32_1.0.200.202301161003/tools/bin/../lib/gcc/arm-none-eabi/10.3.1/../../../../arm-none-eabi/lib/thumb/v7e-m+fp/hard\libc_nano.a(lib_a-impure.o)
                              c:/st/stm32cubeide_1.12.0/stm32cubeide/plugins/com.st.stm32cube.ide.mcu.externaltools.gnu-tools-for-stm32.10.3-2021.10.win32_1.0.200.202301161003/tools/bin/../lib/gcc/arm-none-eabi/10.3.1/../../../../arm-none-eabi/lib/thumb/v7e-m+fp/hard\libc_nano.a(lib_a-exit.o) (_global_impure_ptr)
c:/st/stm32cubeide_1.12.0/stm32cubeide/plugins/com.st.stm32cube.ide.mcu.externaltools.gnu-tools-for-stm32.10.3-2021.10.win32_1.0.200.202301161003/tools/bin/../lib/gcc/arm-none-eabi/10.3.1/../../../../arm-none-eabi/lib/thumb/v7e-m+fp/hard\libc_nano.a(lib_a-init.o)
                              c:/st/stm32cubeide_1.12.0/stm32cubeide/plugins/com.st.stm32cube.ide.mcu.externaltools.gnu-tools-for-stm32.10.3-2021.10.win32_1.0.200.202301161003/tools/bin/../lib/gcc/arm-none-eabi/10.3.1/../../../../arm-none-eabi/lib/thumb/v7e-m+fp/hard/crt0.o (__libc_init_array)
c:/st/stm32cubeide_1.12.0/stm32cubeide/plugins/com.st.stm32cube.ide.mcu.externaltools.gnu-tools-for-stm32.10.3-2021.10.win32_1.0.200.202301161003/tools/bin/../lib/gcc/arm-none-eabi/10.3.1/../../../../arm-none-eabi/lib/thumb/v7e-m+fp/hard\libc_nano.a(lib_a-memset.o)
                              c:/st/stm32cubeide_1.12.0/stm32cubeide/plugins/com.st.stm32cube.ide.mcu.externaltools.gnu-tools-for-stm32.10.3-2021.10.win32_1.0.200.202301161003/tools/bin/../lib/gcc/arm-none-eabi/10.3.1/../../../../arm-none-eabi/lib/thumb/v7e-m+fp/hard/crt0.o (memset)
c:/st/stm32cubeide_1.12.0/stm32cubeide/plugins/com.st.stm32cube.ide.mcu.externaltools.gnu-tools-for-stm32.10.3-2021.10.win32_1.0.200.202301161003/tools/bin/../lib/gcc/arm-none-eabi/10.3.1/../../../../arm-none-eabi/lib/thumb/v7e-m+fp/hard\libm.a(lib_a-s_ceil.o)
                              ./Core/Src/main.o (ceil)
c:/st/stm32cubeide_1.12.0/stm32cubeide/plugins/com.st.stm32cube.ide.mcu.externaltools.gnu-tools-for-stm32.10.3-2021.10.win32_1.0.200.202301161003/tools/bin/../lib/gcc/arm-none-eabi/10.3.1/../../../../arm-none-eabi/lib/thumb/v7e-m+fp/hard\libm.a(lib_a-s_cos.o)
                              ./Core/Src/main.o (cos)
c:/st/stm32cubeide_1.12.0/stm32cubeide/plugins/com.st.stm32cube.ide.mcu.externaltools.gnu-tools-for-stm32.10.3-2021.10.win32_1.0.200.202301161003/tools/bin/../lib/gcc/arm-none-eabi/10.3.1/../../../../arm-none-eabi/lib/thumb/v7e-m+fp/hard\libm.a(lib_a-s_round.o)
                              ./Core/Src/main.o (round)
c:/st/stm32cubeide_1.12.0/stm32cubeide/plugins/com.st.stm32cube.ide.mcu.externaltools.gnu-tools-for-stm32.10.3-2021.10.win32_1.0.200.202301161003/tools/bin/../lib/gcc/arm-none-eabi/10.3.1/../../../../arm-none-eabi/lib/thumb/v7e-m+fp/hard\libm.a(lib_a-s_sin.o)
                              ./Core/Src/main.o (sin)
c:/st/stm32cubeide_1.12.0/stm32cubeide/plugins/com.st.stm32cube.ide.mcu.externaltools.gnu-tools-for-stm32.10.3-2021.10.win32_1.0.200.202301161003/tools/bin/../lib/gcc/arm-none-eabi/10.3.1/../../../../arm-none-eabi/lib/thumb/v7e-m+fp/hard\libm.a(lib_a-w_pow.o)
                              ./Core/Src/main.o (pow)
c:/st/stm32cubeide_1.12.0/stm32cubeide/plugins/com.st.stm32cube.ide.mcu.externaltools.gnu-tools-for-stm32.10.3-2021.10.win32_1.0.200.202301161003/tools/bin/../lib/gcc/arm-none-eabi/10.3.1/../../../../arm-none-eabi/lib/thumb/v7e-m+fp/hard\libm.a(lib_a-w_sqrt.o)
                              ./Core/Src/main.o (sqrt)
c:/st/stm32cubeide_1.12.0/stm32cubeide/plugins/com.st.stm32cube.ide.mcu.externaltools.gnu-tools-for-stm32.10.3-2021.10.win32_1.0.200.202301161003/tools/bin/../lib/gcc/arm-none-eabi/10.3.1/../../../../arm-none-eabi/lib/thumb/v7e-m+fp/hard\libm.a(lib_a-e_pow.o)
[...]
Memory Configuration

Name             Origin             Length             Attributes
RAM              0x0000000020000000 0x0000000000050000 xrw
FLASH            0x0000000008000000 0x0000000000100000 xr
*default*        0x0000000000000000 0xffffffffffffffff

Linker script and memory map

LOAD c:/st/stm32cubeide_1.12.0/stm32cubeide/plugins/com.st.stm32cube.ide.mcu.externaltools.gnu-tools-for-stm32.10.3-2021.10.win32_1.0.200.202301161003/tools/bin/../lib/gcc/arm-none-eabi/10.3.1/thumb/v7e-m+fp/hard/crti.o
LOAD c:/st/stm32cubeide_1.12.0/stm32cubeide/plugins/com.st.stm32cube.ide.mcu.externaltools.gnu-tools-for-stm32.10.3-2021.10.win32_1.0.200.202301161003/tools/bin/../lib/gcc/arm-none-eabi/10.3.1/thumb/v7e-m+fp/hard/crtbegin.o
LOAD c:/st/stm32cubeide_1.12.0/stm32cubeide/plugins/com.st.stm32cube.ide.mcu.externaltools.gnu-tools-for-stm32.10.3-2021.10.win32_1.0.200.202301161003/tools/bin/../lib/gcc/arm-none-eabi/10.3.1/../../../../arm-none-eabi/lib/thumb/v7e-m+fp/hard/crt0.o
LOAD ./Core/Src/adc.o
LOAD ./Core/Src/asservissement.o
LOAD ./Core/Src/dma.o
LOAD ./Core/Src/gpio.o
LOAD ./Core/Src/interruption.o
LOAD ./Core/Src/main.o
LOAD ./Core/Src/stm32f7xx_hal_msp.o
LOAD ./Core/Src/stm32f7xx_it.o
LOAD ./Core/Src/syscalls.o
LOAD ./Core/Src/sysmem.o
LOAD ./Core/Src/system_stm32f7xx.o
LOAD ./Core/Src/tim.o
LOAD ./Core/Src/usart.o
LOAD ./Core/Startup/startup_stm32f746zgtx.o
LOAD ./Drivers/STM32F7xx_HAL_Driver/Src/stm32f7xx_hal.o
LOAD ./Drivers/STM32F7xx_HAL_Driver/Src/stm32f7xx_hal_adc.o
LOAD ./Drivers/STM32F7xx_HAL_Driver/Src/stm32f7xx_hal_adc_ex.o
LOAD ./Drivers/STM32F7xx_HAL_Driver/Src/stm32f7xx_hal_cortex.o
LOAD ./Drivers/STM32F7xx_HAL_Driver/Src/stm32f7xx_hal_dma.o
LOAD ./Drivers/STM32F7xx_HAL_Driver/Src/stm32f7xx_hal_dma_ex.o
LOAD ./Drivers/STM32F7xx_HAL_Driver/Src/stm32f7xx_hal_exti.o
LOAD ./Drivers/STM32F7xx_HAL_Driver/Src/stm32f7xx_hal_flash.o
LOAD ./Drivers/STM32F7xx_HAL_Driver/Src/stm32f7xx_hal_flash_ex.o
LOAD ./Drivers/STM32F7xx_HAL_Driver/Src/stm32f7xx_hal_gpio.o
LOAD ./Drivers/STM32F7xx_HAL_Driver/Src/stm32f7xx_hal_i2c.o
LOAD ./Drivers/STM32F7xx_HAL_Driver/Src/stm32f7xx_hal_i2c_ex.o
LOAD ./Drivers/STM32F7xx_HAL_Driver/Src/stm32f7xx_hal_pwr.o
LOAD ./Drivers/STM32F7xx_HAL_Driver/Src/stm32f7xx_hal_pwr_ex.o
LOAD ./Drivers/STM32F7xx_HAL_Driver/Src/stm32f7xx_hal_rcc.o
LOAD ./Drivers/STM32F7xx_HAL_Driver/Src/stm32f7xx_hal_rcc_ex.o
LOAD ./Drivers/STM32F7xx_HAL_Driver/Src/stm32f7xx_hal_tim.o
LOAD ./Drivers/STM32F7xx_HAL_Driver/Src/stm32f7xx_hal_tim_ex.o
LOAD ./Drivers/STM32F7xx_HAL_Driver/Src/stm32f7xx_hal_uart.o
LOAD ./Drivers/STM32F7xx_HAL_Driver/Src/stm32f7xx_hal_uart_ex.o
START GROUP
LOAD c:/st/stm32cubeide_1.12.0/stm32cubeide/plugins/com.st.stm32cube.ide.mcu.externaltools.gnu-tools-for-stm32.10.3-2021.10.win32_1.0.200.202301161003/tools/bin/../lib/gcc/arm-none-eabi/10.3.1/../../../../arm-none-eabi/lib/thumb/v7e-m+fp/hard\libc_nano.a
LOAD c:/st/stm32cubeide_1.12.0/stm32cubeide/plugins/com.st.stm32cube.ide.mcu.externaltools.gnu-tools-for-stm32.10.3-2021.10.win32_1.0.200.202301161003/tools/bin/../lib/gcc/arm-none-eabi/10.3.1/../../../../arm-none-eabi/lib/thumb/v7e-m+fp/hard\libm.a
END GROUP
START GROUP
LOAD c:/st/stm32cubeide_1.12.0/stm32cubeide/plugins/com.st.stm32cube.ide.mcu.externaltools.gnu-tools-for-stm32.10.3-2021.10.win32_1.0.200.202301161003/tools/bin/../lib/gcc/arm-none-eabi/10.3.1/thumb/v7e-m+fp/hard\libgcc.a
LOAD c:/st/stm32cubeide_1.12.0/stm32cubeide/plugins/com.st.stm32cube.ide.mcu.externaltools.gnu-tools-for-stm32.10.3-2021.10.win32_1.0.200.202301161003/tools/bin/../lib/gcc/arm-none-eabi/10.3.1/../../../../arm-none-eabi/lib/thumb/v7e-m+fp/hard\libc_nano.a
END GROUP
START GROUP
LOAD c:/st/stm32cubeide_1.12.0/stm32cubeide/plugins/com.st.stm32cube.ide.mcu.externaltools.gnu-tools-for-stm32.10.3-2021.10.win32_1.0.200.202301161003/tools/bin/../lib/gcc/arm-none-eabi/10.3.1/thumb/v7e-m+fp/hard\libgcc.a
LOAD c:/st/stm32cubeide_1.12.0/stm32cubeide/plugins/com.st.stm32cube.ide.mcu.externaltools.gnu-tools-for-stm32.10.3-2021.10.win32_1.0.200.202301161003/tools/bin/../lib/gcc/arm-none-eabi/10.3.1/../../../../arm-none-eabi/lib/thumb/v7e-m+fp/hard\libc_nano.a
LOAD c:/st/stm32cubeide_1.12.0/stm32cubeide/plugins/com.st.stm32cube.ide.mcu.externaltools.gnu-tools-for-stm32.10.3-2021.10.win32_1.0.200.202301161003/tools/bin/../lib/gcc/arm-none-eabi/10.3.1/../../../../arm-none-eabi/lib/thumb/v7e-m+fp/hard\libnosys.a
END GROUP
START GROUP
LOAD c:/st/stm32cubeide_1.12.0/stm32cubeide/plugins/com.st.stm32cube.ide.mcu.externaltools.gnu-tools-for-stm32.10.3-2021.10.win32_1.0.200.202301161003/tools/bin/../lib/gcc/arm-none-eabi/10.3.1/thumb/v7e-m+fp/hard\libgcc.a
LOAD c:/st/stm32cubeide_1.12.0/stm32cubeide/plugins/com.st.stm32cube.ide.mcu.externaltools.gnu-tools-for-stm32.10.3-2021.10.win32_1.0.200.202301161003/tools/bin/../lib/gcc/arm-none-eabi/10.3.1/../../../../arm-none-eabi/lib/thumb/v7e-m+fp/hard\libc_nano.a
LOAD c:/st/stm32cubeide_1.12.0/stm32cubeide/plugins/com.st.stm32cube.ide.mcu.externaltools.gnu-tools-for-stm32.10.3-2021.10.win32_1.0.200.202301161003/tools/bin/../lib/gcc/arm-none-eabi/10.3.1/../../../../arm-none-eabi/lib/thumb/v7e-m+fp/hard\libnosys.a
END GROUP
LOAD c:/st/stm32cubeide_1.12.0/stm32cubeide/plugins/com.st.stm32cube.ide.mcu.externaltools.gnu-tools-for-stm32.10.3-2021.10.win32_1.0.200.202301161003/tools/bin/../lib/gcc/arm-none-eabi/10.3.1/thumb/v7e-m+fp/hard/crtend.o
LOAD c:/st/stm32cubeide_1.12.0/stm32cubeide/plugins/com.st.stm32cube.ide.mcu.externaltools.gnu-tools-for-stm32.10.3-2021.10.win32_1.0.200.202301161003/tools/bin/../lib/gcc/arm-none-eabi/10.3.1/thumb/v7e-m+fp/hard/crtn.o
                0x0000000020050000                _estack = (ORIGIN (RAM) + LENGTH (RAM))
                0x0000000000000200                _Min_Heap_Size = 0x200
                0x0000000000000400                _Min_Stack_Size = 0x400

.isr_vector     0x0000000008000000      0x1c8
                0x0000000008000000                . = ALIGN (0x4)
 *(.isr_vector)
 .isr_vector    0x0000000008000000      0x1c8 ./Core/Startup/startup_stm32f746zgtx.o
                0x0000000008000000                g_pfnVectors
                0x00000000080001c8                . = ALIGN (0x4)

.text           0x00000000080001c8     0xb64c
                0x00000000080001c8                . = ALIGN (0x4)
 *(.text)
 .text          0x00000000080001c8       0x40 c:/st/stm32cubeide_1.12.0/stm32cubeide/plugins/com.st.stm32cube.ide.mcu.externaltools.gnu-tools-for-stm32.10.3-2021.10.win32_1.0.200.202301161003/tools/bin/../lib/gcc/arm-none-eabi/10.3.1/thumb/v7e-m+fp/hard/crtbegin.o
 .text          0x0000000008000208      0x378 c:/st/stm32cubeide_1.12.0/stm32cubeide/plugins/com.st.stm32cube.ide.mcu.externaltools.gnu-tools-for-stm32.10.3-2021.10.win32_1.0.200.202301161003/tools/bin/../lib/gcc/arm-none-eabi/10.3.1/thumb/v7e-m+fp/hard\libgcc.a(_arm_addsubdf3.o)
                0x0000000008000208                __aeabi_drsub
                0x0000000008000210                __aeabi_dsub
                0x0000000008000210                __subdf3
                0x0000000008000214                __aeabi_dadd
                0x0000000008000214                __adddf3
                0x000000000800048c                __floatunsidf
                0x000000000800048c                __aeabi_ui2d
                0x00000000080004ac                __floatsidf
                0x00000000080004ac                __aeabi_i2d
                0x00000000080004d0                __aeabi_f2d
                0x00000000080004d0                __extendsfdf2
                0x0000000008000514                __floatundidf
                0x0000000008000514                __aeabi_ul2d
                0x0000000008000524                __floatdidf
                0x0000000008000524                __aeabi_l2d
 .text          0x0000000008000580      0x424 c:/st/stm32cubeide_1.12.0/stm32cubeide/plugins/com.st.stm32cube.ide.mcu.externaltools.gnu-tools-for-stm32.10.3-2021.10.win32_1.0.200.202301161003/tools/bin/../lib/gcc/arm-none-eabi/10.3.1/thumb/v7e-m+fp/hard\libgcc.a(_arm_muldivdf3.o)
                0x0000000008000580                __aeabi_dmul
                0x0000000008000580                __muldf3
                0x00000000080007d4                __divdf3
                0x00000000080007d4                __aeabi_ddiv
 .text          0x00000000080009a4      0x110 c:/st/stm32cubeide_1.12.0/stm32cubeide/plugins/com.st.stm32cube.ide.mcu.externaltools.gnu-tools-for-stm32.10.3-2021.10.win32_1.0.200.202301161003/tools/bin/../lib/gcc/arm-none-eabi/10.3.1/thumb/v7e-m+fp/hard\libgcc.a(_arm_cmpdf2.o)
                0x00000000080009a4                __gtdf2
                0x00000000080009a4                __gedf2
                0x00000000080009ac                __ltdf2
                0x00000000080009ac                __ledf2
                0x00000000080009b4                __nedf2
                0x00000000080009b4                __eqdf2
                0x00000000080009b4                __cmpdf2
                0x0000000008000a30                __aeabi_cdrcmple
                0x0000000008000a40                __aeabi_cdcmpeq
                0x0000000008000a40                __aeabi_cdcmple
                0x0000000008000a50                __aeabi_dcmpeq
                0x0000000008000a64                __aeabi_dcmplt
                0x0000000008000a78                __aeabi_dcmple
                0x0000000008000a8c                __aeabi_dcmpge
                0x0000000008000aa0                __aeabi_dcmpgt
 .text          0x0000000008000ab4       0x2c c:/st/stm32cubeide_1.12.0/stm32cubeide/plugins/com.st.stm32cube.ide.mcu.externaltools.gnu-tools-for-stm32.10.3-2021.10.win32_1.0.200.202301161003/tools/bin/../lib/gcc/arm-none-eabi/10.3.1/thumb/v7e-m+fp/hard\libgcc.a(_arm_unorddf2.o)
                0x0000000008000ab4                __unorddf2
                0x0000000008000ab4                __aeabi_dcmpun
 .text          0x0000000008000ae0       0x50 c:/st/stm32cubeide_1.12.0/stm32cubeide/plugins/com.st.stm32cube.ide.mcu.externaltools.gnu-tools-for-stm32.10.3-2021.10.win32_1.0.200.202301161003/tools/bin/../lib/gcc/arm-none-eabi/10.3.1/thumb/v7e-m+fp/hard\libgcc.a(_arm_fixdfsi.o)
                0x0000000008000ae0                __aeabi_d2iz
                0x0000000008000ae0                __fixdfsi
 .text          0x0000000008000b30       0xa0 c:/st/stm32cubeide_1.12.0/stm32cubeide/plugins/com.st.stm32cube.ide.mcu.externaltools.gnu-tools-for-stm32.10.3-2021.10.win32_1.0.200.202301161003/tools/bin/../lib/gcc/arm-none-eabi/10.3.1/thumb/v7e-m+fp/hard\libgcc.a(_arm_truncdfsf2.o)
                0x0000000008000b30                __truncdfsf2
                0x0000000008000b30                __aeabi_d2f
 .text          0x0000000008000bd0       0x30 c:/st/stm32cubeide_1.12.0/stm32cubeide/plugins/com.st.stm32cube.ide.mcu.externaltools.gnu-tools-for-stm32.10.3-2021.10.win32_1.0.200.202301161003/tools/bin/../lib/gcc/arm-none-eabi/10.3.1/thumb/v7e-m+fp/hard\libgcc.a(_aeabi_uldivmod.o)
                0x0000000008000bd0                __aeabi_uldivmod
 .text          0x0000000008000c00      0x2d0 c:/st/stm32cubeide_1.12.0/stm32cubeide/plugins/com.st.stm32cube.ide.mcu.externaltools.gnu-tools-for-stm32.10.3-2021.10.win32_1.0.200.202301161003/tools/bin/../lib/gcc/arm-none-eabi/10.3.1/thumb/v7e-m+fp/hard\libgcc.a(_udivmoddi4.o)
                0x0000000008000c00                __udivmoddi4
 .text          0x0000000008000ed0        0x4 c:/st/stm32cubeide_1.12.0/stm32cubeide/plugins/com.st.stm32cube.ide.mcu.externaltools.gnu-tools-for-stm32.10.3-2021.10.win32_1.0.200.202301161003/tools/bin/../lib/gcc/arm-none-eabi/10.3.1/thumb/v7e-m+fp/hard\libgcc.a(_dvmd_tls.o)
                0x0000000008000ed0                __aeabi_idiv0
                0x0000000008000ed0                __aeabi_ldiv0
 *(.text*)
 .text.MX_ADC1_Init
                0x0000000008000ed4       0xe4 ./Core/Src/adc.o
                0x0000000008000ed4                MX_ADC1_Init
 .text.MX_ADC2_Init
                0x0000000008000fb8       0xa4 ./Core/Src/adc.o
                0x0000000008000fb8                MX_ADC2_Init
 .text.MX_ADC3_Init
                0x000000000800105c       0xe4 ./Core/Src/adc.o
                0x000000000800105c                MX_ADC3_Init
 .text.HAL_ADC_MspInit
                0x0000000008001140      0x2a0 ./Core/Src/adc.o
                0x0000000008001140                HAL_ADC_MspInit
 .text.Regulation_Mt1
                0x00000000080013e0      0x100 ./Core/Src/asservissement.o
                0x00000000080013e0                Regulation_Mt1
 .text.Regulation_Mt6
                0x00000000080014e0       0xfc ./Core/Src/asservissement.o
                0x00000000080014e0                Regulation_Mt6
 *fill*         0x00000000080015dc        0x4 
 .text.Regulation_Mt2
                0x00000000080015e0      0x10c ./Core/Src/asservissement.o
                0x00000000080015e0                Regulation_Mt2
 *fill*         0x00000000080016ec        0x4 
 .text.Regulation_Mt5
                0x00000000080016f0      0x10c ./Core/Src/asservissement.o
                0x00000000080016f0                Regulation_Mt5
 *fill*         0x00000000080017fc        0x4 
 .text.Regulation_Mt3
                0x0000000008001800      0x108 ./Core/Src/asservissement.o
                0x0000000008001800                Regulation_Mt3
 .text.Regulation_Mt4
                0x0000000008001908      0x108 ./Core/Src/asservissement.o
                0x0000000008001908                Regulation_Mt4
 .text.MX_DMA_Init
                0x0000000008001a10       0x7c ./Core/Src/dma.o
                0x0000000008001a10                MX_DMA_Init
 .text.MX_GPIO_Init
                0x0000000008001a8c      0x1dc ./Core/Src/gpio.o
                0x0000000008001a8c                MX_GPIO_Init
 .text.Interruption_1
                0x0000000008001c68       0x98 ./Core/Src/interruption.o
                0x0000000008001c68                Interruption_1
 .text.Initerruption_2
                0x0000000008001d00       0x98 ./Core/Src/interruption.o
                0x0000000008001d00                Initerruption_2
 .text.Interruption_3
                0x0000000008001d98       0x9c ./Core/Src/interruption.o
                0x0000000008001d98                Interruption_3
 .text.Interruption_4
                0x0000000008001e34       0x9c ./Core/Src/interruption.o
                0x0000000008001e34                Interruption_4
 .text.Interruption_5
                0x0000000008001ed0       0x9c ./Core/Src/interruption.o
                0x0000000008001ed0                Interruption_5
 .text.Interruption_6
                0x0000000008001f6c       0x9c ./Core/Src/interruption.o
                0x0000000008001f6c                Interruption_6
 .text.HAL_TIM_IC_CaptureCallback
                0x0000000008002008      0x3d0 ./Core/Src/main.o
                0x0000000008002008                HAL_TIM_IC_CaptureCallback
 .text.HAL_UART_RxCpltCallback
                0x00000000080023d8       0x24 ./Core/Src/main.o
                0x00000000080023d8                HAL_UART_RxCpltCallback
 *fill*         0x00000000080023fc        0x4 
 .text.convert_Frompolar_Tocourse
                0x0000000008002400      0x440 ./Core/Src/main.o
                0x0000000008002400                convert_Frompolar_Tocourse
 .text.roundpulse
                0x0000000008002840       0x74 ./Core/Src/main.o
                0x0000000008002840                roundpulse
 *fill*         0x00000000080028b4        0x4 
 .text.ConvertMM_topulse
                0x00000000080028b8       0x70 ./Core/Src/main.o
                0x00000000080028b8                ConvertMM_topulse
 .text.determinerVecteurTEMPS
                0x0000000008002928       0xe4 ./Core/Src/main.o
                0x0000000008002928                determinerVecteurTEMPS
 .text.moveTo   0x0000000008002a0c      0xd34 ./Core/Src/main.o
                0x0000000008002a0c                moveTo
 .text.main     0x0000000008003740       0xec ./Core/Src/main.o
                0x0000000008003740                main
 .text.SystemClock_Config
                0x000000000800382c       0xd8 ./Core/Src/main.o
                0x000000000800382c                SystemClock_Config
 .text.Error_Handler
                0x0000000008003904        0xa ./Core/Src/main.o
                0x0000000008003904                Error_Handler
 *fill*         0x000000000800390e        0x2 
 .text.HAL_MspInit
                0x0000000008003910       0x48 ./Core/Src/stm32f7xx_hal_msp.o
                0x0000000008003910                HAL_MspInit
 .text.NMI_Handler
                0x0000000008003958        0x6 ./Core/Src/stm32f7xx_it.o
                0x0000000008003958                NMI_Handler
 .text.HardFault_Handler
                0x000000000800395e        0x6 ./Core/Src/stm32f7xx_it.o
                0x000000000800395e                HardFault_Handler
 .text.MemManage_Handler
                0x0000000008003964        0x6 ./Core/Src/stm32f7xx_it.o
                0x0000000008003964                MemManage_Handler
 .text.BusFault_Handler
                0x000000000800396a        0x6 ./Core/Src/stm32f7xx_it.o
                0x000000000800396a                BusFault_Handler
 .text.UsageFault_Handler
                0x0000000008003970        0x6 ./Core/Src/stm32f7xx_it.o
                0x0000000008003970                UsageFault_Handler
 .text.SVC_Handler
                0x0000000008003976        0xe ./Core/Src/stm32f7xx_it.o
                0x0000000008003976                SVC_Handler
 .text.DebugMon_Handler
                0x0000000008003984        0xe ./Core/Src/stm32f7xx_it.o
                0x0000000008003984                DebugMon_Handler
 .text.PendSV_Handler
                0x0000000008003992        0xe ./Core/Src/stm32f7xx_it.o
                0x0000000008003992                PendSV_Handler
 .text.SysTick_Handler
                0x00000000080039a0        0xc ./Core/Src/stm32f7xx_it.o
                0x00000000080039a0                SysTick_Handler
 .text.TIM1_CC_IRQHandler
                0x00000000080039ac       0x14 ./Core/Src/stm32f7xx_it.o
                0x00000000080039ac                TIM1_CC_IRQHandler
 .text.USART1_IRQHandler
                0x00000000080039c0       0x14 ./Core/Src/stm32f7xx_it.o
                0x00000000080039c0                USART1_IRQHandler
 .text.TIM8_CC_IRQHandler
                0x00000000080039d4       0x14 ./Core/Src/stm32f7xx_it.o
                0x00000000080039d4                TIM8_CC_IRQHandler
 .text.DMA2_Stream0_IRQHandler
                0x00000000080039e8       0x14 ./Core/Src/stm32f7xx_it.o
                0x00000000080039e8                DMA2_Stream0_IRQHandler
 .text.DMA2_Stream1_IRQHandler
                0x00000000080039fc       0x14 ./Core/Src/stm32f7xx_it.o
                0x00000000080039fc                DMA2_Stream1_IRQHandler
 .text.DMA2_Stream2_IRQHandler
                0x0000000008003a10       0x14 ./Core/Src/stm32f7xx_it.o
                0x0000000008003a10                DMA2_Stream2_IRQHandler
 .text.DMA2_Stream5_IRQHandler
                0x0000000008003a24       0x14 ./Core/Src/stm32f7xx_it.o
                0x0000000008003a24                DMA2_Stream5_IRQHandler
 .text.DMA2_Stream7_IRQHandler
                0x0000000008003a38       0x14 ./Core/Src/stm32f7xx_it.o
                0x0000000008003a38                DMA2_Stream7_IRQHandler
 .text.SystemInit
                0x0000000008003a4c       0x24 ./Core/Src/system_stm32f7xx.o
                0x0000000008003a4c                SystemInit
 .text.MX_TIM1_Init
                0x0000000008003a70       0xf8 ./Core/Src/tim.o
                0x0000000008003a70                MX_TIM1_Init
 .text.MX_TIM2_Init
                0x0000000008003b68      0x118 ./Core/Src/tim.o
                0x0000000008003b68                MX_TIM2_Init
 .text.MX_TIM3_Init
                0x0000000008003c80      0x104 ./Core/Src/tim.o
                0x0000000008003c80                MX_TIM3_Init
 .text.MX_TIM4_Init
                0x0000000008003d84       0xb4 ./Core/Src/tim.o
                0x0000000008003d84                MX_TIM4_Init
 .text.MX_TIM8_Init
                0x0000000008003e38       0xcc ./Core/Src/tim.o
                0x0000000008003e38                MX_TIM8_Init
 .text.HAL_TIM_IC_MspInit
                0x0000000008003f04      0x10c ./Core/Src/tim.o
                0x0000000008003f04                HAL_TIM_IC_MspInit
 .text.HAL_TIM_Base_MspInit
                0x0000000008004010       0x64 ./Core/Src/tim.o
                0x0000000008004010                HAL_TIM_Base_MspInit
 .text.HAL_TIM_PWM_MspInit
                0x0000000008004074       0x40 ./Core/Src/tim.o
                0x0000000008004074                HAL_TIM_PWM_MspInit
 .text.HAL_TIM_MspPostInit
                0x00000000080040b4      0x138 ./Core/Src/tim.o
                0x00000000080040b4                HAL_TIM_MspPostInit
 .text.MX_USART1_UART_Init
                0x00000000080041ec       0x60 ./Core/Src/usart.o
                0x00000000080041ec                MX_USART1_UART_Init
 .text.HAL_UART_MspInit
                0x000000000800424c      0x19c ./Core/Src/usart.o
                0x000000000800424c                HAL_UART_MspInit
 .text.Reset_Handler
                0x00000000080043e8       0x50 ./Core/Startup/startup_stm32f746zgtx.o
                0x00000000080043e8                Reset_Handler
 .text.Default_Handler
                0x0000000008004438        0x2 ./Core/Startup/startup_stm32f746zgtx.o
                0x0000000008004438                RTC_Alarm_IRQHandler
                0x0000000008004438                EXTI2_IRQHandler
                0x0000000008004438                UART8_IRQHandler
                0x0000000008004438                SPI4_IRQHandler
                0x0000000008004438                DMA1_Stream5_IRQHandler
                0x0000000008004438                PVD_IRQHandler
                0x0000000008004438                TAMP_STAMP_IRQHandler
                0x0000000008004438                CAN2_RX1_IRQHandler
                0x0000000008004438                EXTI3_IRQHandler
                0x0000000008004438                TIM8_TRG_COM_TIM14_IRQHandler
                0x0000000008004438                TIM1_UP_TIM10_IRQHandler
                0x0000000008004438                TIM8_UP_TIM13_IRQHandler
                0x0000000008004438                I2C3_ER_IRQHandler
                0x0000000008004438                EXTI0_IRQHandler
                0x0000000008004438                I2C2_EV_IRQHandler
                0x0000000008004438                DMA1_Stream2_IRQHandler
                0x0000000008004438                CAN1_RX0_IRQHandler
                0x0000000008004438                FPU_IRQHandler
                0x0000000008004438                OTG_HS_WKUP_IRQHandler
                0x0000000008004438                LTDC_ER_IRQHandler
                0x0000000008004438                CAN2_SCE_IRQHandler
                0x0000000008004438                SPI1_IRQHandler
                0x0000000008004438                TIM6_DAC_IRQHandler
                0x0000000008004438                TIM1_BRK_TIM9_IRQHandler
                0x0000000008004438                DCMI_IRQHandler
                0x0000000008004438                CAN2_RX0_IRQHandler
                0x0000000008004438                DMA2_Stream3_IRQHandler
                0x0000000008004438                SAI2_IRQHandler
                0x0000000008004438                USART6_IRQHandler
                0x0000000008004438                USART3_IRQHandler
                0x0000000008004438                CAN1_RX1_IRQHandler
                0x0000000008004438                UART5_IRQHandler
                0x0000000008004438                TIM4_IRQHandler
                0x0000000008004438                QUADSPI_IRQHandler
                0x0000000008004438                I2C1_EV_IRQHandler
                0x0000000008004438                DMA1_Stream6_IRQHandler
                0x0000000008004438                DMA1_Stream1_IRQHandler
                0x0000000008004438                UART4_IRQHandler
                0x0000000008004438                TIM3_IRQHandler
                0x0000000008004438                RCC_IRQHandler
                0x0000000008004438                TIM8_BRK_TIM12_IRQHandler
                0x0000000008004438                Default_Handler
                0x0000000008004438                CEC_IRQHandler
                0x0000000008004438                EXTI15_10_IRQHandler
                0x0000000008004438                ADC_IRQHandler
                0x0000000008004438                DMA1_Stream7_IRQHandler
                0x0000000008004438                SPI5_IRQHandler
                0x0000000008004438                TIM7_IRQHandler
                0x0000000008004438                SDMMC1_IRQHandler
                0x0000000008004438                CAN2_TX_IRQHandler
                0x0000000008004438                TIM5_IRQHandler
                0x0000000008004438                I2C3_EV_IRQHandler
                0x0000000008004438                EXTI9_5_IRQHandler
                0x0000000008004438                RTC_WKUP_IRQHandler
                0x0000000008004438                LTDC_IRQHandler
                0x0000000008004438                ETH_WKUP_IRQHandler
                0x0000000008004438                SPDIF_RX_IRQHandler
                0x0000000008004438                SPI2_IRQHandler
                0x0000000008004438                OTG_HS_EP1_IN_IRQHandler
                0x0000000008004438                DMA1_Stream0_IRQHandler
                0x0000000008004438                CAN1_TX_IRQHandler
                0x0000000008004438                EXTI4_IRQHandler
                0x0000000008004438                RNG_IRQHandler
                0x0000000008004438                ETH_IRQHandler
                0x0000000008004438                OTG_HS_EP1_OUT_IRQHandler
                0x0000000008004438                WWDG_IRQHandler
                0x0000000008004438                SPI6_IRQHandler
                0x0000000008004438                I2C4_EV_IRQHandler
                0x0000000008004438                TIM2_IRQHandler
                0x0000000008004438                OTG_FS_WKUP_IRQHandler
                0x0000000008004438                TIM1_TRG_COM_TIM11_IRQHandler
                0x0000000008004438                OTG_HS_IRQHandler
                0x0000000008004438                DMA2D_IRQHandler
                0x0000000008004438                EXTI1_IRQHandler
                0x0000000008004438                UART7_IRQHandler
                0x0000000008004438                USART2_IRQHandler
                0x0000000008004438                I2C2_ER_IRQHandler
                0x0000000008004438                CAN1_SCE_IRQHandler
                0x0000000008004438                FLASH_IRQHandler
                0x0000000008004438                DMA2_Stream4_IRQHandler
                0x0000000008004438                OTG_FS_IRQHandler
                0x0000000008004438                SPI3_IRQHandler
                0x0000000008004438                DMA1_Stream4_IRQHandler
                0x0000000008004438                I2C1_ER_IRQHandler
                0x0000000008004438                FMC_IRQHandler
                0x0000000008004438                LPTIM1_IRQHandler
                0x0000000008004438                I2C4_ER_IRQHandler
                0x0000000008004438                DMA2_Stream6_IRQHandler
                0x0000000008004438                SAI1_IRQHandler
                0x0000000008004438                DMA1_Stream3_IRQHandler
 .text.HAL_Init
                0x000000000800443a       0x1a ./Drivers/STM32F7xx_HAL_Driver/Src/stm32f7xx_hal.o
                0x000000000800443a                HAL_Init
 .text.HAL_InitTick
                0x0000000008004454       0x60 ./Drivers/STM32F7xx_HAL_Driver/Src/stm32f7xx_hal.o
                0x0000000008004454                HAL_InitTick
 .text.HAL_IncTick
                0x00000000080044b4       0x28 ./Drivers/STM32F7xx_HAL_Driver/Src/stm32f7xx_hal.o
                0x00000000080044b4                HAL_IncTick
 .text.HAL_GetTick
                0x00000000080044dc       0x18 ./Drivers/STM32F7xx_HAL_Driver/Src/stm32f7xx_hal.o
                0x00000000080044dc                HAL_GetTick
 .text.HAL_Delay
                0x00000000080044f4       0x48 ./Drivers/STM32F7xx_HAL_Driver/Src/stm32f7xx_hal.o
                0x00000000080044f4                HAL_Delay
 .text.HAL_ADC_Init
                0x000000000800453c       0x88 ./Drivers/STM32F7xx_HAL_Driver/Src/stm32f7xx_hal_adc.o
                0x000000000800453c                HAL_ADC_Init
 .text.HAL_ADC_ConfigChannel
                0x00000000080045c4      0x2ac ./Drivers/STM32F7xx_HAL_Driver/Src/stm32f7xx_hal_adc.o
                0x00000000080045c4                HAL_ADC_ConfigChannel
 .text.ADC_Init
                0x0000000008004870      0x1f4 ./Drivers/STM32F7xx_HAL_Driver/Src/stm32f7xx_hal_adc.o
 .text.__NVIC_SetPriorityGrouping
                0x0000000008004a64       0x48 ./Drivers/STM32F7xx_HAL_Driver/Src/stm32f7xx_hal_cortex.o
 .text.__NVIC_GetPriorityGrouping
                0x0000000008004aac       0x1c ./Drivers/STM32F7xx_HAL_Driver/Src/stm32f7xx_hal_cortex.o
 .text.__NVIC_EnableIRQ
                0x0000000008004ac8       0x3c ./Drivers/STM32F7xx_HAL_Driver/Src/stm32f7xx_hal_cortex.o
 .text.__NVIC_SetPriority
                0x0000000008004b04       0x54 ./Drivers/STM32F7xx_HAL_Driver/Src/stm32f7xx_hal_cortex.o
 .text.NVIC_EncodePriority
                0x0000000008004b58       0x66 ./Drivers/STM32F7xx_HAL_Driver/Src/stm32f7xx_hal_cortex.o
 *fill*         0x0000000008004bbe        0x2 
 .text.SysTick_Config
                0x0000000008004bc0       0x44 ./Drivers/STM32F7xx_HAL_Driver/Src/stm32f7xx_hal_cortex.o
 .text.HAL_NVIC_SetPriorityGrouping
                0x0000000008004c04       0x16 ./Drivers/STM32F7xx_HAL_Driver/Src/stm32f7xx_hal_cortex.o
                0x0000000008004c04                HAL_NVIC_SetPriorityGrouping
 .text.HAL_NVIC_SetPriority
                0x0000000008004c1a       0x38 ./Drivers/STM32F7xx_HAL_Driver/Src/stm32f7xx_hal_cortex.o
                0x0000000008004c1a                HAL_NVIC_SetPriority
 .text.HAL_NVIC_EnableIRQ
                0x0000000008004c52       0x1c ./Drivers/STM32F7xx_HAL_Driver/Src/stm32f7xx_hal_cortex.o
                0x0000000008004c52                HAL_NVIC_EnableIRQ
 .text.HAL_SYSTICK_Config
                0x0000000008004c6e       0x18 ./Drivers/STM32F7xx_HAL_Driver/Src/stm32f7xx_hal_cortex.o
                0x0000000008004c6e                HAL_SYSTICK_Config
 *fill*         0x0000000008004c86        0x2 
 .text.HAL_DMA_Init
                0x0000000008004c88      0x15c ./Drivers/STM32F7xx_HAL_Driver/Src/stm32f7xx_hal_dma.o
                0x0000000008004c88                HAL_DMA_Init
 .text.HAL_DMA_Abort
                0x0000000008004de4       0xe0 ./Drivers/STM32F7xx_HAL_Driver/Src/stm32f7xx_hal_dma.o
                0x0000000008004de4                HAL_DMA_Abort
 .text.HAL_DMA_Abort_IT
                0x0000000008004ec4       0x44 ./Drivers/STM32F7xx_HAL_Driver/Src/stm32f7xx_hal_dma.o
                0x0000000008004ec4                HAL_DMA_Abort_IT
 .text.HAL_DMA_IRQHandler
                0x0000000008004f08      0x314 ./Drivers/STM32F7xx_HAL_Driver/Src/stm32f7xx_hal_dma.o
                0x0000000008004f08                HAL_DMA_IRQHandler
 .text.DMA_CalcBaseAndBitshift
                0x000000000800521c       0x6c ./Drivers/STM32F7xx_HAL_Driver/Src/stm32f7xx_hal_dma.o
 .text.DMA_CheckFifoParam
                0x0000000008005288       0xf8 ./Drivers/STM32F7xx_HAL_Driver/Src/stm32f7xx_hal_dma.o
 .text.HAL_GPIO_Init
                0x0000000008005380      0x358 ./Drivers/STM32F7xx_HAL_Driver/Src/stm32f7xx_hal_gpio.o
                0x0000000008005380                HAL_GPIO_Init
 .text.HAL_GPIO_ReadPin
                0x00000000080056d8       0x30 ./Drivers/STM32F7xx_HAL_Driver/Src/stm32f7xx_hal_gpio.o
                0x00000000080056d8                HAL_GPIO_ReadPin
 .text.HAL_GPIO_WritePin
                0x0000000008005708       0x32 ./Drivers/STM32F7xx_HAL_Driver/Src/stm32f7xx_hal_gpio.o
                0x0000000008005708                HAL_GPIO_WritePin
 *fill*         0x000000000800573a        0x2 
 .text.HAL_PWREx_EnableOverDrive
                0x000000000800573c       0xa0 ./Drivers/STM32F7xx_HAL_Driver/Src/stm32f7xx_hal_pwr_ex.o
                0x000000000800573c                HAL_PWREx_EnableOverDrive
 .text.HAL_RCC_OscConfig
                0x00000000080057dc      0x548 ./Drivers/STM32F7xx_HAL_Driver/Src/stm32f7xx_hal_rcc.o
                0x00000000080057dc                HAL_RCC_OscConfig
 .text.HAL_RCC_ClockConfig
                0x0000000008005d24      0x1d8 ./Drivers/STM32F7xx_HAL_Driver/Src/stm32f7xx_hal_rcc.o
                0x0000000008005d24                HAL_RCC_ClockConfig
 .text.HAL_RCC_GetSysClockFreq
                0x0000000008005efc      0x20c ./Drivers/STM32F7xx_HAL_Driver/Src/stm32f7xx_hal_rcc.o
                0x0000000008005efc                HAL_RCC_GetSysClockFreq
 .text.HAL_RCC_GetHCLKFreq
                0x0000000008006108       0x18 ./Drivers/STM32F7xx_HAL_Driver/Src/stm32f7xx_hal_rcc.o
                0x0000000008006108                HAL_RCC_GetHCLKFreq
 .text.HAL_RCC_GetPCLK1Freq
                0x0000000008006120       0x28 ./Drivers/STM32F7xx_HAL_Driver/Src/stm32f7xx_hal_rcc.o
                0x0000000008006120                HAL_RCC_GetPCLK1Freq
 .text.HAL_RCC_GetPCLK2Freq
                0x0000000008006148       0x28 ./Drivers/STM32F7xx_HAL_Driver/Src/stm32f7xx_hal_rcc.o
                0x0000000008006148                HAL_RCC_GetPCLK2Freq
 .text.HAL_RCCEx_PeriphCLKConfig
                0x0000000008006170      0x7e0 ./Drivers/STM32F7xx_HAL_Driver/Src/stm32f7xx_hal_rcc_ex.o
                0x0000000008006170                HAL_RCCEx_PeriphCLKConfig
 .text.HAL_TIM_Base_Init
                0x0000000008006950       0xae ./Drivers/STM32F7xx_HAL_Driver/Src/stm32f7xx_hal_tim.o
                0x0000000008006950                HAL_TIM_Base_Init
 .text.HAL_TIM_PWM_Init
                0x00000000080069fe       0xae ./Drivers/STM32F7xx_HAL_Driver/Src/stm32f7xx_hal_tim.o
                0x00000000080069fe                HAL_TIM_PWM_Init
 .text.HAL_TIM_PWM_Start
                0x0000000008006aac      0x1f4 ./Drivers/STM32F7xx_HAL_Driver/Src/stm32f7xx_hal_tim.o
                0x0000000008006aac                HAL_TIM_PWM_Start
 .text.HAL_TIM_IC_Init
                0x0000000008006ca0       0xae ./Drivers/STM32F7xx_HAL_Driver/Src/stm32f7xx_hal_tim.o
                0x0000000008006ca0                HAL_TIM_IC_Init
 *fill*         0x0000000008006d4e        0x2 
 .text.HAL_TIM_IC_Start_IT
                0x0000000008006d50      0x2a0 ./Drivers/STM32F7xx_HAL_Driver/Src/stm32f7xx_hal_tim.o
                0x0000000008006d50                HAL_TIM_IC_Start_IT
 .text.HAL_TIM_IRQHandler
                0x0000000008006ff0      0x23e ./Drivers/STM32F7xx_HAL_Driver/Src/stm32f7xx_hal_tim.o
                0x0000000008006ff0                HAL_TIM_IRQHandler
 .text.HAL_TIM_IC_ConfigChannel
                0x000000000800722e      0x138 ./Drivers/STM32F7xx_HAL_Driver/Src/stm32f7xx_hal_tim.o
                0x000000000800722e                HAL_TIM_IC_ConfigChannel
 *fill*         0x0000000008007366        0x2 
 .text.HAL_TIM_PWM_ConfigChannel
                0x0000000008007368      0x228 ./Drivers/STM32F7xx_HAL_Driver/Src/stm32f7xx_hal_tim.o
                0x0000000008007368                HAL_TIM_PWM_ConfigChannel
 .text.HAL_TIM_ConfigClockSource
                0x0000000008007590      0x194 ./Drivers/STM32F7xx_HAL_Driver/Src/stm32f7xx_hal_tim.o
                0x0000000008007590                HAL_TIM_ConfigClockSource
 .text.HAL_TIM_PeriodElapsedCallback
                0x0000000008007724       0x14 ./Drivers/STM32F7xx_HAL_Driver/Src/stm32f7xx_hal_tim.o
                0x0000000008007724                HAL_TIM_PeriodElapsedCallback
 .text.HAL_TIM_OC_DelayElapsedCallback
                0x0000000008007738       0x14 ./Drivers/STM32F7xx_HAL_Driver/Src/stm32f7xx_hal_tim.o
                0x0000000008007738                HAL_TIM_OC_DelayElapsedCallback
 .text.HAL_TIM_PWM_PulseFinishedCallback
                0x000000000800774c       0x14 ./Drivers/STM32F7xx_HAL_Driver/Src/stm32f7xx_hal_tim.o
                0x000000000800774c                HAL_TIM_PWM_PulseFinishedCallback
 .text.HAL_TIM_TriggerCallback
                0x0000000008007760       0x14 ./Drivers/STM32F7xx_HAL_Driver/Src/stm32f7xx_hal_tim.o
                0x0000000008007760                HAL_TIM_TriggerCallback
 .text.TIM_Base_SetConfig
                0x0000000008007774      0x140 ./Drivers/STM32F7xx_HAL_Driver/Src/stm32f7xx_hal_tim.o
                0x0000000008007774                TIM_Base_SetConfig
 .text.TIM_OC1_SetConfig
                0x00000000080078b4       0xe4 ./Drivers/STM32F7xx_HAL_Driver/Src/stm32f7xx_hal_tim.o
 .text.TIM_OC2_SetConfig
                0x0000000008007998       0xf0 ./Drivers/STM32F7xx_HAL_Driver/Src/stm32f7xx_hal_tim.o
                0x0000000008007998                TIM_OC2_SetConfig
 .text.TIM_OC3_SetConfig
                0x0000000008007a88       0xec ./Drivers/STM32F7xx_HAL_Driver/Src/stm32f7xx_hal_tim.o
 .text.TIM_OC4_SetConfig
                0x0000000008007b74       0xb0 ./Drivers/STM32F7xx_HAL_Driver/Src/stm32f7xx_hal_tim.o
 .text.TIM_OC5_SetConfig
                0x0000000008007c24       0xa4 ./Drivers/STM32F7xx_HAL_Driver/Src/stm32f7xx_hal_tim.o
 .text.TIM_OC6_SetConfig
                0x0000000008007cc8       0xa8 ./Drivers/STM32F7xx_HAL_Driver/Src/stm32f7xx_hal_tim.o
 .text.TIM_TI1_SetConfig
                0x0000000008007d70       0xe8 ./Drivers/STM32F7xx_HAL_Driver/Src/stm32f7xx_hal_tim.o
                0x0000000008007d70                TIM_TI1_SetConfig
 .text.TIM_TI1_ConfigInputStage
                0x0000000008007e58       0x5e ./Drivers/STM32F7xx_HAL_Driver/Src/stm32f7xx_hal_tim.o
 .text.TIM_TI2_SetConfig
                0x0000000008007eb6       0x7a ./Drivers/STM32F7xx_HAL_Driver/Src/stm32f7xx_hal_tim.o
 .text.TIM_TI2_ConfigInputStage
                0x0000000008007f30       0x60 ./Drivers/STM32F7xx_HAL_Driver/Src/stm32f7xx_hal_tim.o
 .text.TIM_TI3_SetConfig
                0x0000000008007f90       0x78 ./Drivers/STM32F7xx_HAL_Driver/Src/stm32f7xx_hal_tim.o
 .text.TIM_TI4_SetConfig
                0x0000000008008008       0x7a ./Drivers/STM32F7xx_HAL_Driver/Src/stm32f7xx_hal_tim.o
 .text.TIM_ITRx_SetConfig
                0x0000000008008082       0x36 ./Drivers/STM32F7xx_HAL_Driver/Src/stm32f7xx_hal_tim.o
 .text.TIM_ETR_SetConfig
                0x00000000080080b8       0x40 ./Drivers/STM32F7xx_HAL_Driver/Src/stm32f7xx_hal_tim.o
                0x00000000080080b8                TIM_ETR_SetConfig
 .text.TIM_CCxChannelCmd
                0x00000000080080f8       0x4a ./Drivers/STM32F7xx_HAL_Driver/Src/stm32f7xx_hal_tim.o
                0x00000000080080f8                TIM_CCxChannelCmd
 *fill*         0x0000000008008142        0x2 
 .text.HAL_TIMEx_MasterConfigSynchronization
                0x0000000008008144      0x11c ./Drivers/STM32F7xx_HAL_Driver/Src/stm32f7xx_hal_tim_ex.o
                0x0000000008008144                HAL_TIMEx_MasterConfigSynchronization
 .text.HAL_TIMEx_CommutCallback
                0x0000000008008260       0x14 ./Drivers/STM32F7xx_HAL_Driver/Src/stm32f7xx_hal_tim_ex.o
                0x0000000008008260                HAL_TIMEx_CommutCallback
 .text.HAL_TIMEx_BreakCallback
                0x0000000008008274       0x14 ./Drivers/STM32F7xx_HAL_Driver/Src/stm32f7xx_hal_tim_ex.o
                0x0000000008008274                HAL_TIMEx_BreakCallback
 .text.HAL_TIMEx_Break2Callback
                0x0000000008008288       0x14 ./Drivers/STM32F7xx_HAL_Driver/Src/stm32f7xx_hal_tim_ex.o
                0x0000000008008288                HAL_TIMEx_Break2Callback
 .text.HAL_UART_Init
                0x000000000800829c       0x9c ./Drivers/STM32F7xx_HAL_Driver/Src/stm32f7xx_hal_uart.o
                0x000000000800829c                HAL_UART_Init
 .text.HAL_UART_Receive_IT
                0x0000000008008338       0x88 ./Drivers/STM32F7xx_HAL_Driver/Src/stm32f7xx_hal_uart.o
                0x0000000008008338                HAL_UART_Receive_IT
 .text.HAL_UART_IRQHandler
                0x00000000080083c0      0x5a4 ./Drivers/STM32F7xx_HAL_Driver/Src/stm32f7xx_hal_uart.o
                0x00000000080083c0                HAL_UART_IRQHandler
 .text.HAL_UART_TxCpltCallback
                0x0000000008008964       0x14 ./Drivers/STM32F7xx_HAL_Driver/Src/stm32f7xx_hal_uart.o
                0x0000000008008964                HAL_UART_TxCpltCallback
 .text.HAL_UART_ErrorCallback
                0x0000000008008978       0x14 ./Drivers/STM32F7xx_HAL_Driver/Src/stm32f7xx_hal_uart.o
                0x0000000008008978                HAL_UART_ErrorCallback
 .text.HAL_UARTEx_RxEventCallback
                0x000000000800898c       0x18 ./Drivers/STM32F7xx_HAL_Driver/Src/stm32f7xx_hal_uart.o
                0x000000000800898c                HAL_UARTEx_RxEventCallback
 .text.UART_SetConfig
                0x00000000080089a4      0x4c8 ./Drivers/STM32F7xx_HAL_Driver/Src/stm32f7xx_hal_uart.o
                0x00000000080089a4                UART_SetConfig
 .text.UART_AdvFeatureConfig
                0x0000000008008e6c      0x144 ./Drivers/STM32F7xx_HAL_Driver/Src/stm32f7xx_hal_uart.o
                0x0000000008008e6c                UART_AdvFeatureConfig
 .text.UART_CheckIdleState
                0x0000000008008fb0       0x6e ./Drivers/STM32F7xx_HAL_Driver/Src/stm32f7xx_hal_uart.o
                0x0000000008008fb0                UART_CheckIdleState
 .text.UART_WaitOnFlagUntilTimeout
                0x000000000800901e      0x18c ./Drivers/STM32F7xx_HAL_Driver/Src/stm32f7xx_hal_uart.o
                0x000000000800901e                UART_WaitOnFlagUntilTimeout
 *fill*         0x00000000080091aa        0x2 
 .text.UART_Start_Receive_IT
                0x00000000080091ac      0x18c ./Drivers/STM32F7xx_HAL_Driver/Src/stm32f7xx_hal_uart.o
                0x00000000080091ac                UART_Start_Receive_IT
 .text.UART_EndRxTransfer
                0x0000000008009338       0xc8 ./Drivers/STM32F7xx_HAL_Driver/Src/stm32f7xx_hal_uart.o
 .text.UART_DMAAbortOnError
                0x0000000008009400       0x2c ./Drivers/STM32F7xx_HAL_Driver/Src/stm32f7xx_hal_uart.o
 .text.UART_EndTransmit_IT
                0x000000000800942c       0x54 ./Drivers/STM32F7xx_HAL_Driver/Src/stm32f7xx_hal_uart.o
 .text.UART_RxISR_8BIT
                0x0000000008009480      0x166 ./Drivers/STM32F7xx_HAL_Driver/Src/stm32f7xx_hal_uart.o
 .text.UART_RxISR_16BIT
                0x00000000080095e6      0x166 ./Drivers/STM32F7xx_HAL_Driver/Src/stm32f7xx_hal_uart.o
 .text.__errno  0x000000000800974c        0xc c:/st/stm32cubeide_1.12.0/stm32cubeide/plugins/com.st.stm32cube.ide.mcu.externaltools.gnu-tools-for-stm32.10.3-2021.10.win32_1.0.200.202301161003/tools/bin/../lib/gcc/arm-none-eabi/10.3.1/../../../../arm-none-eabi/lib/thumb/v7e-m+fp/hard\libc_nano.a(lib_a-errno.o)
                0x000000000800974c                __errno
 .text.__libc_init_array
                0x0000000008009758       0x48 c:/st/stm32cubeide_1.12.0/stm32cubeide/plugins/com.st.stm32cube.ide.mcu.externaltools.gnu-tools-for-stm32.10.3-2021.10.win32_1.0.200.202301161003/tools/bin/../lib/gcc/arm-none-eabi/10.3.1/../../../../arm-none-eabi/lib/thumb/v7e-m+fp/hard\libc_nano.a(lib_a-init.o)
                0x0000000008009758                __libc_init_array
 .text.memset   0x00000000080097a0       0x10 c:/st/stm32cubeide_1.12.0/stm32cubeide/plugins/com.st.stm32cube.ide.mcu.externaltools.gnu-tools-for-stm32.10.3-2021.10.win32_1.0.200.202301161003/tools/bin/../lib/gcc/arm-none-eabi/10.3.1/../../../../arm-none-eabi/lib/thumb/v7e-m+fp/hard\libc_nano.a(lib_a-memset.o)
                0x00000000080097a0                memset
 .text.ceil     0x00000000080097b0      0x108 c:/st/stm32cubeide_1.12.0/stm32cubeide/plugins/com.st.stm32cube.ide.mcu.externaltools.gnu-tools-for-stm32.10.3-2021.10.win32_1.0.200.202301161003/tools/bin/../lib/gcc/arm-none-eabi/10.3.1/../../../../arm-none-eabi/lib/thumb/v7e-m+fp/hard\libm.a(lib_a-s_ceil.o)
                0x00000000080097b0                ceil
 .text.cos      0x00000000080098b8       0xa8 c:/st/stm32cubeide_1.12.0/stm32cubeide/plugins/com.st.stm32cube.ide.mcu.externaltools.gnu-tools-for-stm32.10.3-2021.10.win32_1.0.200.202301161003/tools/bin/../lib/gcc/arm-none-eabi/10.3.1/../../../../arm-none-eabi/lib/thumb/v7e-m+fp/hard\libm.a(lib_a-s_cos.o)
                0x00000000080098b8                cos
 .text.round    0x0000000008009960       0x8c c:/st/stm32cubeide_1.12.0/stm32cubeide/plugins/com.st.stm32cube.ide.mcu.externaltools.gnu-tools-for-stm32.10.3-2021.10.win32_1.0.200.202301161003/tools/bin/../lib/gcc/arm-none-eabi/10.3.1/../../../../arm-none-eabi/lib/thumb/v7e-m+fp/hard\libm.a(lib_a-s_round.o)
                0x0000000008009960                round
 *fill*         0x00000000080099ec        0x4 
 .text.sin      0x00000000080099f0       0xb0 c:/st/stm32cubeide_1.12.0/stm32cubeide/plugins/com.st.stm32cube.ide.mcu.externaltools.gnu-tools-for-stm32.10.3-2021.10.win32_1.0.200.202301161003/tools/bin/../lib/gcc/arm-none-eabi/10.3.1/../../../../arm-none-eabi/lib/thumb/v7e-m+fp/hard\libm.a(lib_a-s_sin.o)
                0x00000000080099f0                sin
 .text.pow      0x0000000008009aa0       0xe0 c:/st/stm32cubeide_1.12.0/stm32cubeide/plugins/com.st.stm32cube.ide.mcu.externaltools.gnu-tools-for-stm32.10.3-2021.10.win32_1.0.200.202301161003/tools/bin/../lib/gcc/arm-none-eabi/10.3.1/../../../../arm-none-eabi/lib/thumb/v7e-m+fp/hard\libm.a(lib_a-w_pow.o)
                0x0000000008009aa0                pow
 .text.sqrt     0x0000000008009b80       0x58 c:/st/stm32cubeide_1.12.0/stm32cubeide/plugins/com.st.stm32cube.ide.mcu.externaltools.gnu-tools-for-stm32.10.3-2021.10.win32_1.0.200.202301161003/tools/bin/../lib/gcc/arm-none-eabi/10.3.1/../../../../arm-none-eabi/lib/thumb/v7e-m+fp/hard\libm.a(lib_a-w_sqrt.o)
                0x0000000008009b80                sqrt
 .text.__ieee754_pow
                0x0000000008009bd8      0xa5c c:/st/stm32cubeide_1.12.0/stm32cubeide/plugins/com.st.stm32cube.ide.mcu.externaltools.gnu-tools-for-stm32.10.3-2021.10.win32_1.0.200.202301161003/tools/bin/../lib/gcc/arm-none-eabi/10.3.1/../../../../arm-none-eabi/lib/thumb/v7e-m+fp/hard\libm.a(lib_a-e_pow.o)
                0x0000000008009bd8                __ieee754_pow
 *fill*         0x000000000800a634        0x4 
 .text.__ieee754_rem_pio2
                0x000000000800a638      0x418 c:/st/stm32cubeide_1.12.0/stm32cubeide/plugins/com.st.stm32cube.ide.mcu.externaltools.gnu-tools-for-stm32.10.3-2021.10.win32_1.0.200.202301161003/tools/bin/../lib/gcc/arm-none-eabi/10.3.1/../../../../arm-none-eabi/lib/thumb/v7e-m+fp/hard\libm.a(lib_a-e_rem_pio2.o)
                0x000000000800a638                __ieee754_rem_pio2
 .text.__ieee754_sqrt
                0x000000000800aa50      0x164 c:/st/stm32cubeide_1.12.0/stm32cubeide/plugins/com.st.stm32cube.ide.mcu.externaltools.gnu-tools-for-stm32.10.3-2021.10.win32_1.0.200.202301161003/tools/bin/../lib/gcc/arm-none-eabi/10.3.1/../../../../arm-none-eabi/lib/thumb/v7e-m+fp/hard\libm.a(lib_a-e_sqrt.o)
                0x000000000800aa50                __ieee754_sqrt
 *fill*         0x000000000800abb4        0x4 
 .text.__kernel_cos
                0x000000000800abb8      0x18c c:/st/stm32cubeide_1.12.0/stm32cubeide/plugins/com.st.stm32cube.ide.mcu.externaltools.gnu-tools-for-stm32.10.3-2021.10.win32_1.0.200.202301161003/tools/bin/../lib/gcc/arm-none-eabi/10.3.1/../../../../arm-none-eabi/lib/thumb/v7e-m+fp/hard\libm.a(lib_a-k_cos.o)
                0x000000000800abb8                __kernel_cos
 *fill*         0x000000000800ad44        0x4 
 .text.__kernel_rem_pio2
                0x000000000800ad48      0x69c c:/st/stm32cubeide_1.12.0/stm32cubeide/plugins/com.st.stm32cube.ide.mcu.externaltools.gnu-tools-for-stm32.10.3-2021.10.win32_1.0.200.202301161003/tools/bin/../lib/gcc/arm-none-eabi/10.3.1/../../../../arm-none-eabi/lib/thumb/v7e-m+fp/hard\libm.a(lib_a-k_rem_pio2.o)
                0x000000000800ad48                __kernel_rem_pio2
 *fill*         0x000000000800b3e4        0x4 
 .text.__kernel_sin
                0x000000000800b3e8      0x17c c:/st/stm32cubeide_1.12.0/stm32cubeide/plugins/com.st.stm32cube.ide.mcu.externaltools.gnu-tools-for-stm32.10.3-2021.10.win32_1.0.200.202301161003/tools/bin/../lib/gcc/arm-none-eabi/10.3.1/../../../../arm-none-eabi/lib/thumb/v7e-m+fp/hard\libm.a(lib_a-k_sin.o)
                0x000000000800b3e8                __kernel_sin
 .text.with_errno
                0x000000000800b564       0x14 c:/st/stm32cubeide_1.12.0/stm32cubeide/plugins/com.st.stm32cube.ide.mcu.externaltools.gnu-tools-for-stm32.10.3-2021.10.win32_1.0.200.202301161003/tools/bin/../lib/gcc/arm-none-eabi/10.3.1/../../../../arm-none-eabi/lib/thumb/v7e-m+fp/hard\libm.a(lib_a-math_err.o)
 .text.xflow    0x000000000800b578       0x28 c:/st/stm32cubeide_1.12.0/stm32cubeide/plugins/com.st.stm32cube.ide.mcu.externaltools.gnu-tools-for-stm32.10.3-2021.10.win32_1.0.200.202301161003/tools/bin/../lib/gcc/arm-none-eabi/10.3.1/../../../../arm-none-eabi/lib/thumb/v7e-m+fp/hard\libm.a(lib_a-math_err.o)
 .text.__math_uflow
                0x000000000800b5a0       0x12 c:/st/stm32cubeide_1.12.0/stm32cubeide/plugins/com.st.stm32cube.ide.mcu.externaltools.gnu-tools-for-stm32.10.3-2021.10.win32_1.0.200.202301161003/tools/bin/../lib/gcc/arm-none-eabi/10.3.1/../../../../arm-none-eabi/lib/thumb/v7e-m+fp/hard\libm.a(lib_a-math_err.o)
                0x000000000800b5a0                __math_uflow
 .text.__math_oflow
                0x000000000800b5b2       0x12 c:/st/stm32cubeide_1.12.0/stm32cubeide/plugins/com.st.stm32cube.ide.mcu.externaltools.gnu-tools-for-stm32.10.3-2021.10.win32_1.0.200.202301161003/tools/bin/../lib/gcc/arm-none-eabi/10.3.1/../../../../arm-none-eabi/lib/thumb/v7e-m+fp/hard\libm.a(lib_a-math_err.o)
                0x000000000800b5b2                __math_oflow
 .text.fabs     0x000000000800b5c4       0x12 c:/st/stm32cubeide_1.12.0/stm32cubeide/plugins/com.st.stm32cube.ide.mcu.externaltools.gnu-tools-for-stm32.10.3-2021.10.win32_1.0.200.202301161003/tools/bin/../lib/gcc/arm-none-eabi/10.3.1/../../../../arm-none-eabi/lib/thumb/v7e-m+fp/hard\libm.a(lib_a-s_fabs.o)
                0x000000000800b5c4                fabs
 .text.finite   0x000000000800b5d6       0x16 c:/st/stm32cubeide_1.12.0/stm32cubeide/plugins/com.st.stm32cube.ide.mcu.externaltools.gnu-tools-for-stm32.10.3-2021.10.win32_1.0.200.202301161003/tools/bin/../lib/gcc/arm-none-eabi/10.3.1/../../../../arm-none-eabi/lib/thumb/v7e-m+fp/hard\libm.a(lib_a-s_finite.o)
                0x000000000800b5d6                finite
 *fill*         0x000000000800b5ec        0x4 
 .text.floor    0x000000000800b5f0      0x100 c:/st/stm32cubeide_1.12.0/stm32cubeide/plugins/com.st.stm32cube.ide.mcu.externaltools.gnu-tools-for-stm32.10.3-2021.10.win32_1.0.200.202301161003/tools/bin/../lib/gcc/arm-none-eabi/10.3.1/../../../../arm-none-eabi/lib/thumb/v7e-m+fp/hard\libm.a(lib_a-s_floor.o)
                0x000000000800b5f0                floor
 .text.scalbn   0x000000000800b6f0      0x10c c:/st/stm32cubeide_1.12.0/stm32cubeide/plugins/com.st.stm32cube.ide.mcu.externaltools.gnu-tools-for-stm32.10.3-2021.10.win32_1.0.200.202301161003/tools/bin/../lib/gcc/arm-none-eabi/10.3.1/../../../../arm-none-eabi/lib/thumb/v7e-m+fp/hard\libm.a(lib_a-s_scalbn.o)
                0x000000000800b6f0                scalbn
 *(.glue_7)
 .glue_7        0x000000000800b7fc        0x0 linker stubs
 *(.glue_7t)
 .glue_7t       0x000000000800b7fc        0x0 linker stubs
 *(.eh_frame)
 .eh_frame      0x000000000800b7fc        0x0 c:/st/stm32cubeide_1.12.0/stm32cubeide/plugins/com.st.stm32cube.ide.mcu.externaltools.gnu-tools-for-stm32.10.3-2021.10.win32_1.0.200.202301161003/tools/bin/../lib/gcc/arm-none-eabi/10.3.1/thumb/v7e-m+fp/hard/crtbegin.o
 *(.init)
 .init          0x000000000800b7fc        0x4 c:/st/stm32cubeide_1.12.0/stm32cubeide/plugins/com.st.stm32cube.ide.mcu.externaltools.gnu-tools-for-stm32.10.3-2021.10.win32_1.0.200.202301161003/tools/bin/../lib/gcc/arm-none-eabi/10.3.1/thumb/v7e-m+fp/hard/crti.o
                0x000000000800b7fc                _init
 .init          0x000000000800b800        0x8 c:/st/stm32cubeide_1.12.0/stm32cubeide/plugins/com.st.stm32cube.ide.mcu.externaltools.gnu-tools-for-stm32.10.3-2021.10.win32_1.0.200.202301161003/tools/bin/../lib/gcc/arm-none-eabi/10.3.1/thumb/v7e-m+fp/hard/crtn.o
 *(.fini)
 .fini          0x000000000800b808        0x4 c:/st/stm32cubeide_1.12.0/stm32cubeide/plugins/com.st.stm32cube.ide.mcu.externaltools.gnu-tools-for-stm32.10.3-2021.10.win32_1.0.200.202301161003/tools/bin/../lib/gcc/arm-none-eabi/10.3.1/thumb/v7e-m+fp/hard/crti.o
                0x000000000800b808                _fini
 .fini          0x000000000800b80c        0x8 c:/st/stm32cubeide_1.12.0/stm32cubeide/plugins/com.st.stm32cube.ide.mcu.externaltools.gnu-tools-for-stm32.10.3-2021.10.win32_1.0.200.202301161003/tools/bin/../lib/gcc/arm-none-eabi/10.3.1/thumb/v7e-m+fp/hard/crtn.o
                0x000000000800b814                . = ALIGN (0x4)
                0x000000000800b814                _etext = .

.vfp11_veneer   0x000000000800b814        0x0
 .vfp11_veneer  0x000000000800b814        0x0 linker stubs

.v4_bx          0x000000000800b814        0x0
 .v4_bx         0x000000000800b814        0x0 linker stubs

.iplt           0x000000000800b814        0x0
 .iplt          0x000000000800b814        0x0 c:/st/stm32cubeide_1.12.0/stm32cubeide/plugins/com.st.stm32cube.ide.mcu.externaltools.gnu-tools-for-stm32.10.3-2021.10.win32_1.0.200.202301161003/tools/bin/../lib/gcc/arm-none-eabi/10.3.1/thumb/v7e-m+fp/hard/crtbegin.o

.rodata         0x000000000800b818      0x228
                0x000000000800b818                . = ALIGN (0x4)
 *(.rodata)
 *(.rodata*)
 .rodata.AHBPrescTable
                0x000000000800b818       0x10 ./Core/Src/system_stm32f7xx.o
                0x000000000800b818                AHBPrescTable
 .rodata.APBPrescTable
                0x000000000800b828        0x8 ./Core/Src/system_stm32f7xx.o
                0x000000000800b828                APBPrescTable
 .rodata.flagBitshiftOffset.0
                0x000000000800b830        0x8 ./Drivers/STM32F7xx_HAL_Driver/Src/stm32f7xx_hal_dma.o
 .rodata.bp     0x000000000800b838       0x10 c:/st/stm32cubeide_1.12.0/stm32cubeide/plugins/com.st.stm32cube.ide.mcu.externaltools.gnu-tools-for-stm32.10.3-2021.10.win32_1.0.200.202301161003/tools/bin/../lib/gcc/arm-none-eabi/10.3.1/../../../../arm-none-eabi/lib/thumb/v7e-m+fp/hard\libm.a(lib_a-e_pow.o)
 .rodata.dp_h   0x000000000800b848       0x10 c:/st/stm32cubeide_1.12.0/stm32cubeide/plugins/com.st.stm32cube.ide.mcu.externaltools.gnu-tools-for-stm32.10.3-2021.10.win32_1.0.200.202301161003/tools/bin/../lib/gcc/arm-none-eabi/10.3.1/../../../../arm-none-eabi/lib/thumb/v7e-m+fp/hard\libm.a(lib_a-e_pow.o)
 .rodata.dp_l   0x000000000800b858       0x10 c:/st/stm32cubeide_1.12.0/stm32cubeide/plugins/com.st.stm32cube.ide.mcu.externaltools.gnu-tools-for-stm32.10.3-2021.10.win32_1.0.200.202301161003/tools/bin/../lib/gcc/arm-none-eabi/10.3.1/../../../../arm-none-eabi/lib/thumb/v7e-m+fp/hard\libm.a(lib_a-e_pow.o)
 .rodata.npio2_hw
                0x000000000800b868       0x80 c:/st/stm32cubeide_1.12.0/stm32cubeide/plugins/com.st.stm32cube.ide.mcu.externaltools.gnu-tools-for-stm32.10.3-2021.10.win32_1.0.200.202301161003/tools/bin/../lib/gcc/arm-none-eabi/10.3.1/../../../../arm-none-eabi/lib/thumb/v7e-m+fp/hard\libm.a(lib_a-e_rem_pio2.o)
 .rodata.two_over_pi
                0x000000000800b8e8      0x108 c:/st/stm32cubeide_1.12.0/stm32cubeide/plugins/com.st.stm32cube.ide.mcu.externaltools.gnu-tools-for-stm32.10.3-2021.10.win32_1.0.200.202301161003/tools/bin/../lib/gcc/arm-none-eabi/10.3.1/../../../../arm-none-eabi/lib/thumb/v7e-m+fp/hard\libm.a(lib_a-e_rem_pio2.o)
 .rodata.PIo2   0x000000000800b9f0       0x40 c:/st/stm32cubeide_1.12.0/stm32cubeide/plugins/com.st.stm32cube.ide.mcu.externaltools.gnu-tools-for-stm32.10.3-2021.10.win32_1.0.200.202301161003/tools/bin/../lib/gcc/arm-none-eabi/10.3.1/../../../../arm-none-eabi/lib/thumb/v7e-m+fp/hard\libm.a(lib_a-k_rem_pio2.o)
 .rodata.init_jk
                0x000000000800ba30       0x10 c:/st/stm32cubeide_1.12.0/stm32cubeide/plugins/com.st.stm32cube.ide.mcu.externaltools.gnu-tools-for-stm32.10.3-2021.10.win32_1.0.200.202301161003/tools/bin/../lib/gcc/arm-none-eabi/10.3.1/../../../../arm-none-eabi/lib/thumb/v7e-m+fp/hard\libm.a(lib_a-k_rem_pio2.o)
                0x000000000800ba40                . = ALIGN (0x4)

.ARM.extab      0x000000000800ba40        0x0
                0x000000000800ba40                . = ALIGN (0x4)
 *(.ARM.extab* .gnu.linkonce.armextab.*)
                0x000000000800ba40                . = ALIGN (0x4)

.ARM            0x000000000800ba40        0x8
                0x000000000800ba40                . = ALIGN (0x4)
                0x000000000800ba40                __exidx_start = .
 *(.ARM.exidx*)
 .ARM.exidx     0x000000000800ba40        0x8 c:/st/stm32cubeide_1.12.0/stm32cubeide/plugins/com.st.stm32cube.ide.mcu.externaltools.gnu-tools-for-stm32.10.3-2021.10.win32_1.0.200.202301161003/tools/bin/../lib/gcc/arm-none-eabi/10.3.1/thumb/v7e-m+fp/hard\libgcc.a(_udivmoddi4.o)
                0x000000000800ba48                __exidx_end = .
                0x000000000800ba48                . = ALIGN (0x4)

.rel.dyn        0x000000000800ba48        0x0
 .rel.iplt      0x000000000800ba48        0x0 c:/st/stm32cubeide_1.12.0/stm32cubeide/plugins/com.st.stm32cube.ide.mcu.externaltools.gnu-tools-for-stm32.10.3-2021.10.win32_1.0.200.202301161003/tools/bin/../lib/gcc/arm-none-eabi/10.3.1/thumb/v7e-m+fp/hard/crtbegin.o

.preinit_array  0x000000000800ba48        0x0
                0x000000000800ba48                . = ALIGN (0x4)
                0x000000000800ba48                PROVIDE (__preinit_array_start = .)
 *(.preinit_array*)
                0x000000000800ba48                PROVIDE (__preinit_array_end = .)
                0x000000000800ba48                . = ALIGN (0x4)

.init_array     0x000000000800ba48        0x4
                0x000000000800ba48                . = ALIGN (0x4)
                0x000000000800ba48                PROVIDE (__init_array_start = .)
 *(SORT_BY_NAME(.init_array.*))
 *(.init_array*)
 .init_array    0x000000000800ba48        0x4 c:/st/stm32cubeide_1.12.0/stm32cubeide/plugins/com.st.stm32cube.ide.mcu.externaltools.gnu-tools-for-stm32.10.3-2021.10.win32_1.0.200.202301161003/tools/bin/../lib/gcc/arm-none-eabi/10.3.1/thumb/v7e-m+fp/hard/crtbegin.o
                0x000000000800ba4c                PROVIDE (__init_array_end = .)
                0x000000000800ba4c                . = ALIGN (0x4)

.fini_array     0x000000000800ba4c        0x4
                0x000000000800ba4c                . = ALIGN (0x4)
                [!provide]                        PROVIDE (__fini_array_start = .)
 *(SORT_BY_NAME(.fini_array.*))
 *(.fini_array*)
 .fini_array    0x000000000800ba4c        0x4 c:/st/stm32cubeide_1.12.0/stm32cubeide/plugins/com.st.stm32cube.ide.mcu.externaltools.gnu-tools-for-stm32.10.3-2021.10.win32_1.0.200.202301161003/tools/bin/../lib/gcc/arm-none-eabi/10.3.1/thumb/v7e-m+fp/hard/crtbegin.o
                [!provide]                        PROVIDE (__fini_array_end = .)
                0x000000000800ba50                . = ALIGN (0x4)
                0x000000000800ba50                _sidata = LOADADDR (.data)

.data           0x0000000020000000       0x80 load address 0x000000000800ba50
                0x0000000020000000                . = ALIGN (0x4)
                0x0000000020000000                _sdata = .
 *(.data)
 *(.data*)
 .data.vitesseRef1
                0x0000000020000000        0x4 ./Core/Src/main.o
                0x0000000020000000                vitesseRef1
 .data.vitesseRef3
                0x0000000020000004        0x4 ./Core/Src/main.o
                0x0000000020000004                vitesseRef3
 .data.vitesseRef2
                0x0000000020000008        0x4 ./Core/Src/main.o
                0x0000000020000008                vitesseRef2
 .data.VBATT    0x000000002000000c        0x4 ./Core/Src/main.o
                0x000000002000000c                VBATT
 .data.SystemCoreClock
                0x0000000020000010        0x4 ./Core/Src/system_stm32f7xx.o
                0x0000000020000010                SystemCoreClock
 .data.uwTickPrio
                0x0000000020000014        0x4 ./Drivers/STM32F7xx_HAL_Driver/Src/stm32f7xx_hal.o
                0x0000000020000014                uwTickPrio
 .data.uwTickFreq
                0x0000000020000018        0x1 ./Drivers/STM32F7xx_HAL_Driver/Src/stm32f7xx_hal.o
                0x0000000020000018                uwTickFreq
 *fill*         0x0000000020000019        0x3 
 .data._impure_ptr
                0x000000002000001c        0x4 c:/st/stm32cubeide_1.12.0/stm32cubeide/plugins/com.st.stm32cube.ide.mcu.externaltools.gnu-tools-for-stm32.10.3-2021.10.win32_1.0.200.202301161003/tools/bin/../lib/gcc/arm-none-eabi/10.3.1/../../../../arm-none-eabi/lib/thumb/v7e-m+fp/hard\libc_nano.a(lib_a-impure.o)
                0x000000002000001c                _impure_ptr
 .data.impure_data
                0x0000000020000020       0x60 c:/st/stm32cubeide_1.12.0/stm32cubeide/plugins/com.st.stm32cube.ide.mcu.externaltools.gnu-tools-for-stm32.10.3-2021.10.win32_1.0.200.202301161003/tools/bin/../lib/gcc/arm-none-eabi/10.3.1/../../../../arm-none-eabi/lib/thumb/v7e-m+fp/hard\libc_nano.a(lib_a-impure.o)
 *(.RamFunc)
 *(.RamFunc*)
                0x0000000020000080                . = ALIGN (0x4)
                0x0000000020000080                _edata = .

.igot.plt       0x0000000020000080        0x0 load address 0x000000000800bad0
 .igot.plt      0x0000000020000080        0x0 c:/st/stm32cubeide_1.12.0/stm32cubeide/plugins/com.st.stm32cube.ide.mcu.externaltools.gnu-tools-for-stm32.10.3-2021.10.win32_1.0.200.202301161003/tools/bin/../lib/gcc/arm-none-eabi/10.3.1/thumb/v7e-m+fp/hard/crtbegin.o
                0x0000000020000080                . = ALIGN (0x4)

.bss            0x0000000020000080      0x610 load address 0x000000000800bad0
                0x0000000020000080                _sbss = .
                0x0000000020000080                __bss_start__ = _sbss
 *(.bss)
 .bss           0x0000000020000080       0x1c c:/st/stm32cubeide_1.12.0/stm32cubeide/plugins/com.st.stm32cube.ide.mcu.externaltools.gnu-tools-for-stm32.10.3-2021.10.win32_1.0.200.202301161003/tools/bin/../lib/gcc/arm-none-eabi/10.3.1/thumb/v7e-m+fp/hard/crtbegin.o
 *(.bss*)
 .bss.hadc1     0x000000002000009c       0x48 ./Core/Src/adc.o
                0x000000002000009c                hadc1
 .bss.hadc2     0x00000000200000e4       0x48 ./Core/Src/adc.o
                0x00000000200000e4                hadc2
 .bss.hadc3     0x000000002000012c       0x48 ./Core/Src/adc.o
                0x000000002000012c                hadc3
 .bss.hdma_adc1
                0x0000000020000174       0x60 ./Core/Src/adc.o
                0x0000000020000174                hdma_adc1
 .bss.hdma_adc2
                0x00000000200001d4       0x60 ./Core/Src/adc.o
                0x00000000200001d4                hdma_adc2
 .bss.hdma_adc3
                0x0000000020000234       0x60 ./Core/Src/adc.o
                0x0000000020000234                hdma_adc3
 .bss.TensionMt1
                0x0000000020000294        0x4 ./Core/Src/asservissement.o
                0x0000000020000294                TensionMt1
 .bss.Last_TesnionMt1
                0x0000000020000298        0x4 ./Core/Src/asservissement.o
                0x0000000020000298                Last_TesnionMt1
 .bss.Last_ErreurMt1
                0x000000002000029c        0x4 ./Core/Src/asservissement.o
                0x000000002000029c                Last_ErreurMt1
 .bss.TensionMt2
                0x00000000200002a0        0x4 ./Core/Src/asservissement.o
                0x00000000200002a0                TensionMt2
 .bss.Last_TesnionMt2
                0x00000000200002a4        0x4 ./Core/Src/asservissement.o
                0x00000000200002a4                Last_TesnionMt2
 .bss.Last_ErreurMt2
                0x00000000200002a8        0x4 ./Core/Src/asservissement.o
                0x00000000200002a8                Last_ErreurMt2
 .bss.TensionMt3
                0x00000000200002ac        0x4 ./Core/Src/asservissement.o
                0x00000000200002ac                TensionMt3
 .bss.Last_TesnionMt3
                0x00000000200002b0        0x4 ./Core/Src/asservissement.o
                0x00000000200002b0                Last_TesnionMt3
 .bss.Last_ErreurMt3
                0x00000000200002b4        0x4 ./Core/Src/asservissement.o
                0x00000000200002b4                Last_ErreurMt3
 .bss.TensionMt4
                0x00000000200002b8        0x4 ./Core/Src/asservissement.o
                0x00000000200002b8                TensionMt4
 .bss.Last_TesnionMt4
                0x00000000200002bc        0x4 ./Core/Src/asservissement.o
                0x00000000200002bc                Last_TesnionMt4
 .bss.Last_ErreurMt4
                0x00000000200002c0        0x4 ./Core/Src/asservissement.o
                0x00000000200002c0                Last_ErreurMt4
 .bss.TensionMt5
                0x00000000200002c4        0x4 ./Core/Src/asservissement.o
                0x00000000200002c4                TensionMt5
 .bss.Last_TesnionMt5
                0x00000000200002c8        0x4 ./Core/Src/asservissement.o
                0x00000000200002c8                Last_TesnionMt5
 .bss.Last_ErreurMt5
                0x00000000200002cc        0x4 ./Core/Src/asservissement.o
                0x00000000200002cc                Last_ErreurMt5
 .bss.TensionMt6
                0x00000000200002d0        0x4 ./Core/Src/asservissement.o
                0x00000000200002d0                TensionMt6
 .bss.Last_TesnionMt6
                0x00000000200002d4        0x4 ./Core/Src/asservissement.o
                0x00000000200002d4                Last_TesnionMt6
 .bss.Last_ErreurMt6
                0x00000000200002d8        0x4 ./Core/Src/asservissement.o
                0x00000000200002d8                Last_ErreurMt6
 .bss.PinEncodeurVitesse1
                0x00000000200002dc        0x4 ./Core/Src/interruption.o
                0x00000000200002dc                PinEncodeurVitesse1
 .bss.PinEncodeurSens1
                0x00000000200002e0        0x4 ./Core/Src/interruption.o
                0x00000000200002e0                PinEncodeurSens1
 .bss.PinEncodeurVitesse2
                0x00000000200002e4        0x4 ./Core/Src/interruption.o
                0x00000000200002e4                PinEncodeurVitesse2
 .bss.PinEncodeurSens2
                0x00000000200002e8        0x4 ./Core/Src/interruption.o
                0x00000000200002e8                PinEncodeurSens2
 .bss.PinEncodeurVitesse3
                0x00000000200002ec        0x4 ./Core/Src/interruption.o
                0x00000000200002ec                PinEncodeurVitesse3
 .bss.PinEncodeurSens3
                0x00000000200002f0        0x4 ./Core/Src/interruption.o
                0x00000000200002f0                PinEncodeurSens3
 .bss.PinEncodeurVitesse4
                0x00000000200002f4        0x4 ./Core/Src/interruption.o
                0x00000000200002f4                PinEncodeurVitesse4
 .bss.PinEncodeurSens4
                0x00000000200002f8        0x4 ./Core/Src/interruption.o
                0x00000000200002f8                PinEncodeurSens4
 .bss.PinEncodeurVitesse5
                0x00000000200002fc        0x4 ./Core/Src/interruption.o
                0x00000000200002fc                PinEncodeurVitesse5
 .bss.PinEncodeurSens5
                0x0000000020000300        0x4 ./Core/Src/interruption.o
                0x0000000020000300                PinEncodeurSens5
 .bss.PinEncodeurVitesse6
                0x0000000020000304        0x4 ./Core/Src/interruption.o
                0x0000000020000304                PinEncodeurVitesse6
 .bss.PinEncodeurSens6
                0x0000000020000308        0x4 ./Core/Src/interruption.o
                0x0000000020000308                PinEncodeurSens6
 .bss.speedMotor1
                0x000000002000030c        0x4 ./Core/Src/main.o
                0x000000002000030c                speedMotor1
 .bss.speedMotor2
                0x0000000020000310        0x4 ./Core/Src/main.o
                0x0000000020000310                speedMotor2
 .bss.speedMotor3
                0x0000000020000314        0x4 ./Core/Src/main.o
                0x0000000020000314                speedMotor3
 .bss.speedMotor4
                0x0000000020000318        0x4 ./Core/Src/main.o
                0x0000000020000318                speedMotor4
 .bss.speedMotor5
                0x000000002000031c        0x4 ./Core/Src/main.o
                0x000000002000031c                speedMotor5
 .bss.speedMotor6
                0x0000000020000320        0x4 ./Core/Src/main.o
                0x0000000020000320                speedMotor6
 .bss.periodMotor1
                0x0000000020000324        0x4 ./Core/Src/main.o
                0x0000000020000324                periodMotor1
 .bss.periodMotor2
                0x0000000020000328        0x2 ./Core/Src/main.o
                0x0000000020000328                periodMotor2
 .bss.periodMotor3
                0x000000002000032a        0x2 ./Core/Src/main.o
                0x000000002000032a                periodMotor3
 .bss.periodMotor4
                0x000000002000032c        0x2 ./Core/Src/main.o
                0x000000002000032c                periodMotor4
 .bss.periodMotor5
                0x000000002000032e        0x2 ./Core/Src/main.o
                0x000000002000032e                periodMotor5
 .bss.periodMotor6
                0x0000000020000330        0x2 ./Core/Src/main.o
                0x0000000020000330                periodMotor6
 *fill*         0x0000000020000332        0x2 
 .bss.Is_First_Captured1
                0x0000000020000334        0x4 ./Core/Src/main.o
                0x0000000020000334                Is_First_Captured1
 .bss.Is_First_Captured2
                0x0000000020000338        0x4 ./Core/Src/main.o
                0x0000000020000338                Is_First_Captured2
 .bss.Is_First_Captured3
                0x000000002000033c        0x4 ./Core/Src/main.o
                0x000000002000033c                Is_First_Captured3
 .bss.Is_First_Captured4
                0x0000000020000340        0x4 ./Core/Src/main.o
                0x0000000020000340                Is_First_Captured4
 .bss.Is_First_Captured5
                0x0000000020000344        0x4 ./Core/Src/main.o
                0x0000000020000344                Is_First_Captured5
 .bss.Is_First_Captured6
                0x0000000020000348        0x4 ./Core/Src/main.o
                0x0000000020000348                Is_First_Captured6
 .bss.IC1_Val1  0x000000002000034c        0x4 ./Core/Src/main.o
                0x000000002000034c                IC1_Val1
 .bss.IC2_Val1  0x0000000020000350        0x4 ./Core/Src/main.o
                0x0000000020000350                IC2_Val1
 .bss.IC3_Val1  0x0000000020000354        0x4 ./Core/Src/main.o
                0x0000000020000354                IC3_Val1
 .bss.IC4_Val1  0x0000000020000358        0x4 ./Core/Src/main.o
                0x0000000020000358                IC4_Val1
 .bss.IC5_Val1  0x000000002000035c        0x4 ./Core/Src/main.o
                0x000000002000035c                IC5_Val1
 .bss.IC6_Val1  0x0000000020000360        0x4 ./Core/Src/main.o
                0x0000000020000360                IC6_Val1
 .bss.CountM1   0x0000000020000364        0x4 ./Core/Src/main.o
                0x0000000020000364                CountM1
 .bss.CountM2   0x0000000020000368        0x4 ./Core/Src/main.o
                0x0000000020000368                CountM2
 .bss.CountM3   0x000000002000036c        0x4 ./Core/Src/main.o
                0x000000002000036c                CountM3
 .bss.CountM4   0x0000000020000370        0x4 ./Core/Src/main.o
                0x0000000020000370                CountM4
 .bss.CountM5   0x0000000020000374        0x4 ./Core/Src/main.o
                0x0000000020000374                CountM5
 .bss.CountM6   0x0000000020000378        0x4 ./Core/Src/main.o
                0x0000000020000378                CountM6
 *fill*         0x000000002000037c        0x4 
 .bss.pos1      0x0000000020000380        0x8 ./Core/Src/main.o
                0x0000000020000380                pos1
 .bss.pos2      0x0000000020000388        0x8 ./Core/Src/main.o
                0x0000000020000388                pos2
 .bss.pos3      0x0000000020000390        0x8 ./Core/Src/main.o
                0x0000000020000390                pos3
 .bss.MsgrecuST2
                0x0000000020000398        0x1 ./Core/Src/main.o
                0x0000000020000398                MsgrecuST2
 *fill*         0x0000000020000399        0x3 
 .bss.resultats
                0x000000002000039c        0x4 ./Core/Src/main.o
                0x000000002000039c                resultats
 .bss.t1        0x00000000200003a0        0x4 ./Core/Src/main.o
                0x00000000200003a0                t1
 .bss.t2        0x00000000200003a4        0x4 ./Core/Src/main.o
                0x00000000200003a4                t2
 .bss.t3        0x00000000200003a8        0x4 ./Core/Src/main.o
                0x00000000200003a8                t3
 *fill*         0x00000000200003ac        0x4 
 .bss.poszero1  0x00000000200003b0        0x8 ./Core/Src/main.o
                0x00000000200003b0                poszero1
 .bss.poszero2  0x00000000200003b8        0x8 ./Core/Src/main.o
                0x00000000200003b8                poszero2
 .bss.poszero3  0x00000000200003c0        0x8 ./Core/Src/main.o
                0x00000000200003c0                poszero3
 .bss.htim1     0x00000000200003c8       0x4c ./Core/Src/tim.o
                0x00000000200003c8                htim1
 .bss.htim2     0x0000000020000414       0x4c ./Core/Src/tim.o
                0x0000000020000414                htim2
 .bss.htim3     0x0000000020000460       0x4c ./Core/Src/tim.o
                0x0000000020000460                htim3
 .bss.htim4     0x00000000200004ac       0x4c ./Core/Src/tim.o
                0x00000000200004ac                htim4
 .bss.htim8     0x00000000200004f8       0x4c ./Core/Src/tim.o
                0x00000000200004f8                htim8
 .bss.huart1    0x0000000020000544       0x88 ./Core/Src/usart.o
                0x0000000020000544                huart1
 .bss.hdma_usart1_rx
                0x00000000200005cc       0x60 ./Core/Src/usart.o
                0x00000000200005cc                hdma_usart1_rx
 .bss.hdma_usart1_tx
                0x000000002000062c       0x60 ./Core/Src/usart.o
                0x000000002000062c                hdma_usart1_tx
 .bss.uwTick    0x000000002000068c        0x4 ./Drivers/STM32F7xx_HAL_Driver/Src/stm32f7xx_hal.o
                0x000000002000068c                uwTick
 *(COMMON)
                0x0000000020000690                . = ALIGN (0x4)
                0x0000000020000690                _ebss = .
                0x0000000020000690                __bss_end__ = _ebss

._user_heap_stack
                0x0000000020000690      0x600 load address 0x000000000800bad0
                0x0000000020000690                . = ALIGN (0x8)
                [!provide]                        PROVIDE (end = .)
                0x0000000020000690                PROVIDE (_end = .)
                0x0000000020000890                . = (. + _Min_Heap_Size)
 *fill*         0x0000000020000690      0x200 
                0x0000000020000c90                . = (. + _Min_Stack_Size)
 *fill*         0x0000000020000890      0x400 
                0x0000000020000c90                . = ALIGN (0x8)

/DISCARD/
 libc.a(*)
 libm.a(*)
 libgcc.a(*)

.ARM.attributes
                0x0000000000000000       0x30
 *(.ARM.attributes)
 .ARM.attributes
                0x0000000000000000       0x1e c:/st/stm32cubeide_1.12.0/stm32cubeide/plugins/com.st.stm32cube.ide.mcu.externaltools.gnu-tools-for-stm32.10.3-2021.10.win32_1.0.200.202301161003/tools/bin/../lib/gcc/arm-none-eabi/10.3.1/thumb/v7e-m+fp/hard/crti.o
 .ARM.attributes
                0x000000000000001e       0x34 c:/st/stm32cubeide_1.12.0/stm32cubeide/plugins/com.st.stm32cube.ide.mcu.externaltools.gnu-tools-for-stm32.10.3-2021.10.win32_1.0.200.202301161003/tools/bin/../lib/gcc/arm-none-eabi/10.3.1/thumb/v7e-m+fp/hard/crtbegin.o
 .ARM.attributes
                0x0000000000000052       0x34 ./Core/Src/adc.o
 .ARM.attributes
                0x0000000000000086       0x34 ./Core/Src/asservissement.o
 .ARM.attributes
                0x00000000000000ba       0x34 ./Core/Src/dma.o
 .ARM.attributes
                0x00000000000000ee       0x34 ./Core/Src/gpio.o
 .ARM.attributes
                0x0000000000000122       0x34 ./Core/Src/interruption.o
 .ARM.attributes
                0x0000000000000156       0x34 ./Core/Src/main.o
 .ARM.attributes
                0x000000000000018a       0x34 ./Core/Src/stm32f7xx_hal_msp.o
 .ARM.attributes
                0x00000000000001be       0x34 ./Core/Src/stm32f7xx_it.o
 .ARM.attributes
                0x00000000000001f2       0x34 ./Core/Src/system_stm32f7xx.o
 .ARM.attributes
                0x0000000000000226       0x34 ./Core/Src/tim.o
 .ARM.attributes
                0x000000000000025a       0x34 ./Core/Src/usart.o
 .ARM.attributes
                0x000000000000028e       0x21 ./Core/Startup/startup_stm32f746zgtx.o
 .ARM.attributes
                0x00000000000002af       0x34 ./Drivers/STM32F7xx_HAL_Driver/Src/stm32f7xx_hal.o
 .ARM.attributes
                0x00000000000002e3       0x34 ./Drivers/STM32F7xx_HAL_Driver/Src/stm32f7xx_hal_adc.o
 .ARM.attributes
                0x0000000000000317       0x34 ./Drivers/STM32F7xx_HAL_Driver/Src/stm32f7xx_hal_cortex.o
 .ARM.attributes
                0x000000000000034b       0x34 ./Drivers/STM32F7xx_HAL_Driver/Src/stm32f7xx_hal_dma.o
 .ARM.attributes
                0x000000000000037f       0x34 ./Drivers/STM32F7xx_HAL_Driver/Src/stm32f7xx_hal_gpio.o
 .ARM.attributes
                0x00000000000003b3       0x34 ./Drivers/STM32F7xx_HAL_Driver/Src/stm32f7xx_hal_pwr_ex.o
 .ARM.attributes
                0x00000000000003e7       0x34 ./Drivers/STM32F7xx_HAL_Driver/Src/stm32f7xx_hal_rcc.o
 .ARM.attributes
                0x000000000000041b       0x34 ./Drivers/STM32F7xx_HAL_Driver/Src/stm32f7xx_hal_rcc_ex.o
 .ARM.attributes
                0x000000000000044f       0x34 ./Drivers/STM32F7xx_HAL_Driver/Src/stm32f7xx_hal_tim.o
 .ARM.attributes
                0x0000000000000483       0x34 ./Drivers/STM32F7xx_HAL_Driver/Src/stm32f7xx_hal_tim_ex.o
 .ARM.attributes
                0x00000000000004b7       0x34 ./Drivers/STM32F7xx_HAL_Driver/Src/stm32f7xx_hal_uart.o
 .ARM.attributes
                0x00000000000004eb       0x34 c:/st/stm32cubeide_1.12.0/stm32cubeide/plugins/com.st.stm32cube.ide.mcu.externaltools.gnu-tools-for-stm32.10.3-2021.10.win32_1.0.200.202301161003/tools/bin/../lib/gcc/arm-none-eabi/10.3.1/../../../../arm-none-eabi/lib/thumb/v7e-m+fp/hard\libc_nano.a(lib_a-errno.o)
 .ARM.attributes
                0x000000000000051f       0x34 c:/st/stm32cubeide_1.12.0/stm32cubeide/plugins/com.st.stm32cube.ide.mcu.externaltools.gnu-tools-for-stm32.10.3-2021.10.win32_1.0.200.202301161003/tools/bin/../lib/gcc/arm-none-eabi/10.3.1/../../../../arm-none-eabi/lib/thumb/v7e-m+fp/hard\libc_nano.a(lib_a-impure.o)
 .ARM.attributes
                0x0000000000000553       0x34 c:/st/stm32cubeide_1.12.0/stm32cubeide/plugins/com.st.stm32cube.ide.mcu.externaltools.gnu-tools-for-stm32.10.3-2021.10.win32_1.0.200.202301161003/tools/bin/../lib/gcc/arm-none-eabi/10.3.1/../../../../arm-none-eabi/lib/thumb/v7e-m+fp/hard\libc_nano.a(lib_a-init.o)
 .ARM.attributes
                0x0000000000000587       0x34 c:/st/stm32cubeide_1.12.0/stm32cubeide/plugins/com.st.stm32cube.ide.mcu.externaltools.gnu-tools-for-stm32.10.3-2021.10.win32_1.0.200.202301161003/tools/bin/../lib/gcc/arm-none-eabi/10.3.1/../../../../arm-none-eabi/lib/thumb/v7e-m+fp/hard\libc_nano.a(lib_a-memset.o)
 .ARM.attributes
                0x00000000000005bb       0x34 c:/st/stm32cubeide_1.12.0/stm32cubeide/plugins/com.st.stm32cube.ide.mcu.externaltools.gnu-tools-for-stm32.10.3-2021.10.win32_1.0.200.202301161003/tools/bin/../lib/gcc/arm-none-eabi/10.3.1/../../../../arm-none-eabi/lib/thumb/v7e-m+fp/hard\libm.a(lib_a-s_ceil.o)
 .ARM.attributes
                0x00000000000005ef       0x34 c:/st/stm32cubeide_1.12.0/stm32cubeide/plugins/com.st.stm32cube.ide.mcu.externaltools.gnu-tools-for-stm32.10.3-2021.10.win32_1.0.200.202301161003/tools/bin/../lib/gcc/arm-none-eabi/10.3.1/../../../../arm-none-eabi/lib/thumb/v7e-m+fp/hard\libm.a(lib_a-s_cos.o)
 .ARM.attributes
                0x0000000000000623       0x34 c:/st/stm32cubeide_1.12.0/stm32cubeide/plugins/com.st.stm32cube.ide.mcu.externaltools.gnu-tools-for-stm32.10.3-2021.10.win32_1.0.200.202301161003/tools/bin/../lib/gcc/arm-none-eabi/10.3.1/../../../../arm-none-eabi/lib/thumb/v7e-m+fp/hard\libm.a(lib_a-s_round.o)
 .ARM.attributes
                0x0000000000000657       0x34 c:/st/stm32cubeide_1.12.0/stm32cubeide/plugins/com.st.stm32cube.ide.mcu.externaltools.gnu-tools-for-stm32.10.3-2021.10.win32_1.0.200.202301161003/tools/bin/../lib/gcc/arm-none-eabi/10.3.1/../../../../arm-none-eabi/lib/thumb/v7e-m+fp/hard\libm.a(lib_a-s_sin.o)
 .ARM.attributes
                0x000000000000068b       0x34 c:/st/stm32cubeide_1.12.0/stm32cubeide/plugins/com.st.stm32cube.ide.mcu.externaltools.gnu-tools-for-stm32.10.3-2021.10.win32_1.0.200.202301161003/tools/bin/../lib/gcc/arm-none-eabi/10.3.1/../../../../arm-none-eabi/lib/thumb/v7e-m+fp/hard\libm.a(lib_a-w_pow.o)
 .ARM.attributes
                0x00000000000006bf       0x34 c:/st/stm32cubeide_1.12.0/stm32cubeide/plugins/com.st.stm32cube.ide.mcu.externaltools.gnu-tools-for-stm32.10.3-2021.10.win32_1.0.200.202301161003/tools/bin/../lib/gcc/arm-none-eabi/10.3.1/../../../../arm-none-eabi/lib/thumb/v7e-m+fp/hard\libm.a(lib_a-w_sqrt.o)
 .ARM.attributes
                0x00000000000006f3       0x34 c:/st/stm32cubeide_1.12.0/stm32cubeide/plugins/com.st.stm32cube.ide.mcu.externaltools.gnu-tools-for-stm32.10.3-2021.10.win32_1.0.200.202301161003/tools/bin/../lib/gcc/arm-none-eabi/10.3.1/../../../../arm-none-eabi/lib/thumb/v7e-m+fp/hard\libm.a(lib_a-e_pow.o)
 .ARM.attributes
                0x0000000000000727       0x34 c:/st/stm32cubeide_1.12.0/stm32cubeide/plugins/com.st.stm32cube.ide.mcu.externaltools.gnu-tools-for-stm32.10.3-2021.10.win32_1.0.200.202301161003/tools/bin/../lib/gcc/arm-none-eabi/10.3.1/../../../../arm-none-eabi/lib/thumb/v7e-m+fp/hard\libm.a(lib_a-e_rem_pio2.o)
 .ARM.attributes
                0x000000000000075b       0x34 c:/st/stm32cubeide_1.12.0/stm32cubeide/plugins/com.st.stm32cube.ide.mcu.externaltools.gnu-tools-for-stm32.10.3-2021.10.win32_1.0.200.202301161003/tools/bin/../lib/gcc/arm-none-eabi/10.3.1/../../../../arm-none-eabi/lib/thumb/v7e-m+fp/hard\libm.a(lib_a-e_sqrt.o)
 .ARM.attributes
                0x000000000000078f       0x34 c:/st/stm32cubeide_1.12.0/stm32cubeide/plugins/com.st.stm32cube.ide.mcu.externaltools.gnu-tools-for-stm32.10.3-2021.10.win32_1.0.200.202301161003/tools/bin/../lib/gcc/arm-none-eabi/10.3.1/../../../../arm-none-eabi/lib/thumb/v7e-m+fp/hard\libm.a(lib_a-k_cos.o)
 .ARM.attributes
                0x00000000000007c3       0x34 c:/st/stm32cubeide_1.12.0/stm32cubeide/plugins/com.st.stm32cube.ide.mcu.externaltools.gnu-tools-for-stm32.10.3-2021.10.win32_1.0.200.202301161003/tools/bin/../lib/gcc/arm-none-eabi/10.3.1/../../../../arm-none-eabi/lib/thumb/v7e-m+fp/hard\libm.a(lib_a-k_rem_pio2.o)
 .ARM.attributes
                0x00000000000007f7       0x34 c:/st/stm32cubeide_1.12.0/stm32cubeide/plugins/com.st.stm32cube.ide.mcu.externaltools.gnu-tools-for-stm32.10.3-2021.10.win32_1.0.200.202301161003/tools/bin/../lib/gcc/arm-none-eabi/10.3.1/../../../../arm-none-eabi/lib/thumb/v7e-m+fp/hard\libm.a(lib_a-k_sin.o)
 .ARM.attributes
                0x000000000000082b       0x34 c:/st/stm32cubeide_1.12.0/stm32cubeide/plugins/com.st.stm32cube.ide.mcu.externaltools.gnu-tools-for-stm32.10.3-2021.10.win32_1.0.200.202301161003/tools/bin/../lib/gcc/arm-none-eabi/10.3.1/../../../../arm-none-eabi/lib/thumb/v7e-m+fp/hard\libm.a(lib_a-math_err.o)
 .ARM.attributes
                0x000000000000085f       0x34 c:/st/stm32cubeide_1.12.0/stm32cubeide/plugins/com.st.stm32cube.ide.mcu.externaltools.gnu-tools-for-stm32.10.3-2021.10.win32_1.0.200.202301161003/tools/bin/../lib/gcc/arm-none-eabi/10.3.1/../../../../arm-none-eabi/lib/thumb/v7e-m+fp/hard\libm.a(lib_a-s_fabs.o)
 .ARM.attributes
                0x0000000000000893       0x34 c:/st/stm32cubeide_1.12.0/stm32cubeide/plugins/com.st.stm32cube.ide.mcu.externaltools.gnu-tools-for-stm32.10.3-2021.10.win32_1.0.200.202301161003/tools/bin/../lib/gcc/arm-none-eabi/10.3.1/../../../../arm-none-eabi/lib/thumb/v7e-m+fp/hard\libm.a(lib_a-s_finite.o)
 .ARM.attributes
                0x00000000000008c7       0x34 c:/st/stm32cubeide_1.12.0/stm32cubeide/plugins/com.st.stm32cube.ide.mcu.externaltools.gnu-tools-for-stm32.10.3-2021.10.win32_1.0.200.202301161003/tools/bin/../lib/gcc/arm-none-eabi/10.3.1/../../../../arm-none-eabi/lib/thumb/v7e-m+fp/hard\libm.a(lib_a-s_floor.o)
 .ARM.attributes
                0x00000000000008fb       0x34 c:/st/stm32cubeide_1.12.0/stm32cubeide/plugins/com.st.stm32cube.ide.mcu.externaltools.gnu-tools-for-stm32.10.3-2021.10.win32_1.0.200.202301161003/tools/bin/../lib/gcc/arm-none-eabi/10.3.1/../../../../arm-none-eabi/lib/thumb/v7e-m+fp/hard\libm.a(lib_a-s_scalbn.o)
 .ARM.attributes
                0x000000000000092f       0x1e c:/st/stm32cubeide_1.12.0/stm32cubeide/plugins/com.st.stm32cube.ide.mcu.externaltools.gnu-tools-for-stm32.10.3-2021.10.win32_1.0.200.202301161003/tools/bin/../lib/gcc/arm-none-eabi/10.3.1/thumb/v7e-m+fp/hard\libgcc.a(_arm_addsubdf3.o)
 .ARM.attributes
                0x000000000000094d       0x1e c:/st/stm32cubeide_1.12.0/stm32cubeide/plugins/com.st.stm32cube.ide.mcu.externaltools.gnu-tools-for-stm32.10.3-2021.10.win32_1.0.200.202301161003/tools/bin/../lib/gcc/arm-none-eabi/10.3.1/thumb/v7e-m+fp/hard\libgcc.a(_arm_muldivdf3.o)
 .ARM.attributes
                0x000000000000096b       0x1e c:/st/stm32cubeide_1.12.0/stm32cubeide/plugins/com.st.stm32cube.ide.mcu.externaltools.gnu-tools-for-stm32.10.3-2021.10.win32_1.0.200.202301161003/tools/bin/../lib/gcc/arm-none-eabi/10.3.1/thumb/v7e-m+fp/hard\libgcc.a(_arm_cmpdf2.o)
 .ARM.attributes
                0x0000000000000989       0x1e c:/st/stm32cubeide_1.12.0/stm32cubeide/plugins/com.st.stm32cube.ide.mcu.externaltools.gnu-tools-for-stm32.10.3-2021.10.win32_1.0.200.202301161003/tools/bin/../lib/gcc/arm-none-eabi/10.3.1/thumb/v7e-m+fp/hard\libgcc.a(_arm_unorddf2.o)
 .ARM.attributes
                0x00000000000009a7       0x1e c:/st/stm32cubeide_1.12.0/stm32cubeide/plugins/com.st.stm32cube.ide.mcu.externaltools.gnu-tools-for-stm32.10.3-2021.10.win32_1.0.200.202301161003/tools/bin/../lib/gcc/arm-none-eabi/10.3.1/thumb/v7e-m+fp/hard\libgcc.a(_arm_fixdfsi.o)
 .ARM.attributes
                0x00000000000009c5       0x1e c:/st/stm32cubeide_1.12.0/stm32cubeide/plugins/com.st.stm32cube.ide.mcu.externaltools.gnu-tools-for-stm32.10.3-2021.10.win32_1.0.200.202301161003/tools/bin/../lib/gcc/arm-none-eabi/10.3.1/thumb/v7e-m+fp/hard\libgcc.a(_arm_truncdfsf2.o)
 .ARM.attributes
                0x00000000000009e3       0x1e c:/st/stm32cubeide_1.12.0/stm32cubeide/plugins/com.st.stm32cube.ide.mcu.externaltools.gnu-tools-for-stm32.10.3-2021.10.win32_1.0.200.202301161003/tools/bin/../lib/gcc/arm-none-eabi/10.3.1/thumb/v7e-m+fp/hard\libgcc.a(_aeabi_uldivmod.o)
 .ARM.attributes
                0x0000000000000a01       0x34 c:/st/stm32cubeide_1.12.0/stm32cubeide/plugins/com.st.stm32cube.ide.mcu.externaltools.gnu-tools-for-stm32.10.3-2021.10.win32_1.0.200.202301161003/tools/bin/../lib/gcc/arm-none-eabi/10.3.1/thumb/v7e-m+fp/hard\libgcc.a(_udivmoddi4.o)
 .ARM.attributes
                0x0000000000000a35       0x1e c:/st/stm32cubeide_1.12.0/stm32cubeide/plugins/com.st.stm32cube.ide.mcu.externaltools.gnu-tools-for-stm32.10.3-2021.10.win32_1.0.200.202301161003/tools/bin/../lib/gcc/arm-none-eabi/10.3.1/thumb/v7e-m+fp/hard\libgcc.a(_dvmd_tls.o)
 .ARM.attributes
                0x0000000000000a53       0x1e c:/st/stm32cubeide_1.12.0/stm32cubeide/plugins/com.st.stm32cube.ide.mcu.externaltools.gnu-tools-for-stm32.10.3-2021.10.win32_1.0.200.202301161003/tools/bin/../lib/gcc/arm-none-eabi/10.3.1/thumb/v7e-m+fp/hard/crtn.o
OUTPUT(CADILLAC_V2.elf elf32-littlearm)
LOAD linker stubs
LOAD c:/st/stm32cubeide_1.12.0/stm32cubeide/plugins/com.st.stm32cube.ide.mcu.externaltools.gnu-tools-for-stm32.10.3-2021.10.win32_1.0.200.202301161003/tools/bin/../lib/gcc/arm-none-eabi/10.3.1/../../../../arm-none-eabi/lib/thumb/v7e-m+fp/hard\libc.a
LOAD c:/st/stm32cubeide_1.12.0/stm32cubeide/plugins/com.st.stm32cube.ide.mcu.externaltools.gnu-tools-for-stm32.10.3-2021.10.win32_1.0.200.202301161003/tools/bin/../lib/gcc/arm-none-eabi/10.3.1/../../../../arm-none-eabi/lib/thumb/v7e-m+fp/hard\libm.a
LOAD c:/st/stm32cubeide_1.12.0/stm32cubeide/plugins/com.st.stm32cube.ide.mcu.externaltools.gnu-tools-for-stm32.10.3-2021.10.win32_1.0.200.202301161003/tools/bin/../lib/gcc/arm-none-eabi/10.3.1/thumb/v7e-m+fp/hard\libgcc.a

.debug_info     0x0000000000000000    0x14a08
 .debug_info    0x0000000000000000      0xbcf ./Core/Src/adc.o
 .debug_info    0x0000000000000bcf      0x612 ./Core/Src/asservissement.o
 .debug_info    0x00000000000011e1      0x576 ./Core/Src/dma.o
 .debug_info    0x0000000000001757      0x50f ./Core/Src/gpio.o
 .debug_info    0x0000000000001c66      0x35d ./Core/Src/interruption.o
 .debug_info    0x0000000000001fc3     0x1d23 ./Core/Src/main.o
 .debug_info    0x0000000000003ce6      0x2d2 ./Core/Src/stm32f7xx_hal_msp.o
 .debug_info    0x0000000000003fb8      0xc00 ./Core/Src/stm32f7xx_it.o
 .debug_info    0x0000000000004bb8      0x72c ./Core/Src/system_stm32f7xx.o
 .debug_info    0x00000000000052e4     0x135c ./Core/Src/tim.o
 .debug_info    0x0000000000006640     0x1033 ./Core/Src/usart.o
 .debug_info    0x0000000000007673       0x22 ./Core/Startup/startup_stm32f746zgtx.o
 .debug_info    0x0000000000007695      0xa0c ./Drivers/STM32F7xx_HAL_Driver/Src/stm32f7xx_hal.o
 .debug_info    0x00000000000080a1      0xd19 ./Drivers/STM32F7xx_HAL_Driver/Src/stm32f7xx_hal_adc.o
 .debug_info    0x0000000000008dba     0x105a ./Drivers/STM32F7xx_HAL_Driver/Src/stm32f7xx_hal_cortex.o
 .debug_info    0x0000000000009e14      0x94f ./Drivers/STM32F7xx_HAL_Driver/Src/stm32f7xx_hal_dma.o
 .debug_info    0x000000000000a763      0x794 ./Drivers/STM32F7xx_HAL_Driver/Src/stm32f7xx_hal_gpio.o
 .debug_info    0x000000000000aef7      0x92e ./Drivers/STM32F7xx_HAL_Driver/Src/stm32f7xx_hal_pwr_ex.o
 .debug_info    0x000000000000b825      0x99c ./Drivers/STM32F7xx_HAL_Driver/Src/stm32f7xx_hal_rcc.o
 .debug_info    0x000000000000c1c1      0x764 ./Drivers/STM32F7xx_HAL_Driver/Src/stm32f7xx_hal_rcc_ex.o
 .debug_info    0x000000000000c925     0x2d22 ./Drivers/STM32F7xx_HAL_Driver/Src/stm32f7xx_hal_tim.o
 .debug_info    0x000000000000f647     0x16f5 ./Drivers/STM32F7xx_HAL_Driver/Src/stm32f7xx_hal_tim_ex.o
 .debug_info    0x0000000000010d3c     0x3ccc ./Drivers/STM32F7xx_HAL_Driver/Src/stm32f7xx_hal_uart.o

.debug_abbrev   0x0000000000000000     0x2b15
 .debug_abbrev  0x0000000000000000      0x231 ./Core/Src/adc.o
 .debug_abbrev  0x0000000000000231      0x11b ./Core/Src/asservissement.o
 .debug_abbrev  0x000000000000034c      0x10a ./Core/Src/dma.o
 .debug_abbrev  0x0000000000000456      0x146 ./Core/Src/gpio.o
 .debug_abbrev  0x000000000000059c      0x118 ./Core/Src/interruption.o
 .debug_abbrev  0x00000000000006b4      0x304 ./Core/Src/main.o
 .debug_abbrev  0x00000000000009b8       0xd4 ./Core/Src/stm32f7xx_hal_msp.o
 .debug_abbrev  0x0000000000000a8c      0x1a5 ./Core/Src/stm32f7xx_it.o
 .debug_abbrev  0x0000000000000c31      0x136 ./Core/Src/system_stm32f7xx.o
 .debug_abbrev  0x0000000000000d67      0x261 ./Core/Src/tim.o
 .debug_abbrev  0x0000000000000fc8      0x218 ./Core/Src/usart.o
 .debug_abbrev  0x00000000000011e0       0x12 ./Core/Startup/startup_stm32f746zgtx.o
 .debug_abbrev  0x00000000000011f2      0x20d ./Drivers/STM32F7xx_HAL_Driver/Src/stm32f7xx_hal.o
 .debug_abbrev  0x00000000000013ff      0x244 ./Drivers/STM32F7xx_HAL_Driver/Src/stm32f7xx_hal_adc.o
 .debug_abbrev  0x0000000000001643      0x316 ./Drivers/STM32F7xx_HAL_Driver/Src/stm32f7xx_hal_cortex.o
 .debug_abbrev  0x0000000000001959      0x25b ./Drivers/STM32F7xx_HAL_Driver/Src/stm32f7xx_hal_dma.o
 .debug_abbrev  0x0000000000001bb4      0x1c4 ./Drivers/STM32F7xx_HAL_Driver/Src/stm32f7xx_hal_gpio.o
 .debug_abbrev  0x0000000000001d78      0x1cb ./Drivers/STM32F7xx_HAL_Driver/Src/stm32f7xx_hal_pwr_ex.o
 .debug_abbrev  0x0000000000001f43      0x27b ./Drivers/STM32F7xx_HAL_Driver/Src/stm32f7xx_hal_rcc.o
 .debug_abbrev  0x00000000000021be      0x1b9 ./Drivers/STM32F7xx_HAL_Driver/Src/stm32f7xx_hal_rcc_ex.o
 .debug_abbrev  0x0000000000002377      0x264 ./Drivers/STM32F7xx_HAL_Driver/Src/stm32f7xx_hal_tim.o
 .debug_abbrev  0x00000000000025db      0x26c ./Drivers/STM32F7xx_HAL_Driver/Src/stm32f7xx_hal_tim_ex.o
 .debug_abbrev  0x0000000000002847      0x2ce ./Drivers/STM32F7xx_HAL_Driver/Src/stm32f7xx_hal_uart.o

.debug_aranges  0x0000000000000000     0x1020
 .debug_aranges
                0x0000000000000000       0x40 ./Core/Src/adc.o
 .debug_aranges
                0x0000000000000040       0x48 ./Core/Src/asservissement.o
 .debug_aranges
                0x0000000000000088       0x20 ./Core/Src/dma.o
 .debug_aranges
                0x00000000000000a8       0x20 ./Core/Src/gpio.o
 .debug_aranges
                0x00000000000000c8       0x48 ./Core/Src/interruption.o
 .debug_aranges
                0x0000000000000110       0x98 ./Core/Src/main.o
 .debug_aranges
                0x00000000000001a8       0x20 ./Core/Src/stm32f7xx_hal_msp.o
 .debug_aranges
                0x00000000000001c8       0xa0 ./Core/Src/stm32f7xx_it.o
 .debug_aranges
                0x0000000000000268       0x28 ./Core/Src/system_stm32f7xx.o
 .debug_aranges
                0x0000000000000290       0x78 ./Core/Src/tim.o
 .debug_aranges
                0x0000000000000308       0x30 ./Core/Src/usart.o
 .debug_aranges