../Core/Src/main.c:72:6:HAL_ADC_ConvCpltCallback	16	static
../Core/Src/main.c:107:5:main	8	static
../Core/Src/main.c:162:6:SystemClock_Config	88	static
../Core/Src/main.c:217:13:MX_ADC1_Init	24	static
../Core/Src/main.c:299:13:MX_ADC2_Init	24	static
../Core/Src/main.c:371:13:MX_ADC3_Init	24	static
../Core/Src/main.c:423:13:MX_TIM1_Init	96	static
../Core/Src/main.c:496:13:MX_DMA_Init	16	static
../Core/Src/main.c:520:13:MX_GPIO_Init	24	static
../Core/Src/main.c:542:6:Error_Handler	4	static,ignoring_inline_asm
