Archive member included to satisfy reference by file (symbol)

c:/st/stm32cubeide_1.12.0/stm32cubeide/plugins/com.st.stm32cube.ide.mcu.externaltools.gnu-tools-for-stm32.10.3-2021.10.win32_1.0.200.202301161003/tools/bin/../lib/gcc/arm-none-eabi/10.3.1/../../../../arm-none-eabi/lib/thumb/v7e-m+fp/hard\libc_nano.a(lib_a-errno.o)
                              ./Core/Src/syscalls.o (__errno)
c:/st/stm32cubeide_1.12.0/stm32cubeide/plugins/com.st.stm32cube.ide.mcu.externaltools.gnu-tools-for-stm32.10.3-2021.10.win32_1.0.200.202301161003/tools/bin/../lib/gcc/arm-none-eabi/10.3.1/../../../../arm-none-eabi/lib/thumb/v7e-m+fp/hard\libc_nano.a(lib_a-exit.o)
                              c:/st/stm32cubeide_1.12.0/stm32cubeide/plugins/com.st.stm32cube.ide.mcu.externaltools.gnu-tools-for-stm32.10.3-2021.10.win32_1.0.200.202301161003/tools/bin/../lib/gcc/arm-none-eabi/10.3.1/../../../../arm-none-eabi/lib/thumb/v7e-m+fp/hard/crt0.o (exit)
c:/st/stm32cubeide_1.12.0/stm32cubeide/plugins/com.st.stm32cube.ide.mcu.externaltools.gnu-tools-for-stm32.10.3-2021.10.win32_1.0.200.202301161003/tools/bin/../lib/gcc/arm-none-eabi/10.3.1/../../../../arm-none-eabi/lib/thumb/v7e-m+fp/hard\libc_nano.a(lib_a-impure.o)
                              c:/st/stm32cubeide_1.12.0/stm32cubeide/plugins/com.st.stm32cube.ide.mcu.externaltools.gnu-tools-for-stm32.10.3-2021.10.win32_1.0.200.202301161003/tools/bin/../lib/gcc/arm-none-eabi/10.3.1/../../../../arm-none-eabi/lib/thumb/v7e-m+fp/hard\libc_nano.a(lib_a-exit.o) (_global_impure_ptr)
c:/st/stm32cubeide_1.12.0/stm32cubeide/plugins/com.st.stm32cube.ide.mcu.externaltools.gnu-tools-for-stm32.10.3-2021.10.win32_1.0.200.202301161003/tools/bin/../lib/gcc/arm-none-eabi/10.3.1/../../../../arm-none-eabi/lib/thumb/v7e-m+fp/hard\libc_nano.a(lib_a-init.o)
                              c:/st/stm32cubeide_1.12.0/stm32cubeide/plugins/com.st.stm32cube.ide.mcu.externaltools.gnu-tools-for-stm32.10.3-2021.10.win32_1.0.200.202301161003/tools/bin/../lib/gcc/arm-none-eabi/10.3.1/../../../../arm-none-eabi/lib/thumb/v7e-m+fp/hard/crt0.o (__libc_init_array)
c:/st/stm32cubeide_1.12.0/stm32cubeide/plugins/com.st.stm32cube.ide.mcu.externaltools.gnu-tools-for-stm32.10.3-2021.10.win32_1.0.200.202301161003/tools/bin/../lib/gcc/arm-none-eabi/10.3.1/../../../../arm-none-eabi/lib/thumb/v7e-m+fp/hard\libc_nano.a(lib_a-memset.o)
                              c:/st/stm32cubeide_1.12.0/stm32cubeide/plugins/com.st.stm32cube.ide.mcu.externaltools.gnu-tools-for-stm32.10.3-2021.10.win32_1.0.200.202301161003/tools/bin/../lib/gcc/arm-none-eabi/10.3.1/../../../../arm-none-eabi/lib/thumb/v7e-m+fp/hard/crt0.o (memset)
c:/st/stm32cubeide_1.12.0/stm32cubeide/plugins/com.st.stm32cube.ide.mcu.externaltools.gnu-tools-for-stm32.10.3-2021.10.win32_1.0.200.202301161003/tools/bin/../lib/gcc/arm-none-eabi/10.3.1/thumb/v7e-m+fp/hard\libgcc.a(_arm_muldf3.o)
                              ./Core/Src/main.o (__aeabi_dmul)
c:/st/stm32cubeide_1.12.0/stm32cubeide/plugins/com.st.stm32cube.ide.mcu.externaltools.gnu-tools-for-stm32.10.3-2021.10.win32_1.0.200.202301161003/tools/bin/../lib/gcc/arm-none-eabi/10.3.1/thumb/v7e-m+fp/hard\libgcc.a(_arm_addsubdf3.o)
                              ./Core/Src/main.o (__aeabi_ui2d)
c:/st/stm32cubeide_1.12.0/stm32cubeide/plugins/com.st.stm32cube.ide.mcu.externaltools.gnu-tools-for-stm32.10.3-2021.10.win32_1.0.200.202301161003/tools/bin/../lib/gcc/arm-none-eabi/10.3.1/thumb/v7e-m+fp/hard\libgcc.a(_arm_muldivdf3.o)
                              ./Core/Src/main.o (__aeabi_ddiv)
c:/st/stm32cubeide_1.12.0/stm32cubeide/plugins/com.st.stm32cube.ide.mcu.externaltools.gnu-tools-for-stm32.10.3-2021.10.win32_1.0.200.202301161003/tools/bin/../lib/gcc/arm-none-eabi/10.3.1/thumb/v7e-m+fp/hard\libgcc.a(_arm_fixunsdfsi.o)
                              ./Core/Src/main.o (__aeabi_d2uiz)
c:/st/stm32cubeide_1.12.0/stm32cubeide/plugins/com.st.stm32cube.ide.mcu.externaltools.gnu-tools-for-stm32.10.3-2021.10.win32_1.0.200.202301161003/tools/bin/../lib/gcc/arm-none-eabi/10.3.1/thumb/v7e-m+fp/hard\libgcc.a(_aeabi_uldivmod.o)
                              ./Drivers/STM32F4xx_HAL_Driver/Src/stm32f4xx_hal_rcc.o (__aeabi_uldivmod)
c:/st/stm32cubeide_1.12.0/stm32cubeide/plugins/com.st.stm32cube.ide.mcu.externaltools.gnu-tools-for-stm32.10.3-2021.10.win32_1.0.200.202301161003/tools/bin/../lib/gcc/arm-none-eabi/10.3.1/thumb/v7e-m+fp/hard\libgcc.a(_udivmoddi4.o)
                              c:/st/stm32cubeide_1.12.0/stm32cubeide/plugins/com.st.stm32cube.ide.mcu.externaltools.gnu-tools-for-stm32.10.3-2021.10.win32_1.0.200.202301161003/tools/bin/../lib/gcc/arm-none-eabi/10.3.1/thumb/v7e-m+fp/hard\libgcc.a(_aeabi_uldivmod.o) (__udivmoddi4)
c:/st/stm32cubeide_1.12.0/stm32cubeide/plugins/com.st.stm32cube.ide.mcu.externaltools.gnu-tools-for-stm32.10.3-2021.10.win32_1.0.200.202301161003/tools/bin/../lib/gcc/arm-none-eabi/10.3.1/thumb/v7e-m+fp/hard\libgcc.a(_dvmd_tls.o)
[...]
Memory Configuration

Name             Origin             Length             Attributes
RAM              0x0000000020000000 0x0000000000020000 xrw
FLASH            0x0000000008000000 0x0000000000080000 xr
*default*        0x0000000000000000 0xffffffffffffffff

Linker script and memory map

LOAD c:/st/stm32cubeide_1.12.0/stm32cubeide/plugins/com.st.stm32cube.ide.mcu.externaltools.gnu-tools-for-stm32.10.3-2021.10.win32_1.0.200.202301161003/tools/bin/../lib/gcc/arm-none-eabi/10.3.1/thumb/v7e-m+fp/hard/crti.o
LOAD c:/st/stm32cubeide_1.12.0/stm32cubeide/plugins/com.st.stm32cube.ide.mcu.externaltools.gnu-tools-for-stm32.10.3-2021.10.win32_1.0.200.202301161003/tools/bin/../lib/gcc/arm-none-eabi/10.3.1/thumb/v7e-m+fp/hard/crtbegin.o
LOAD c:/st/stm32cubeide_1.12.0/stm32cubeide/plugins/com.st.stm32cube.ide.mcu.externaltools.gnu-tools-for-stm32.10.3-2021.10.win32_1.0.200.202301161003/tools/bin/../lib/gcc/arm-none-eabi/10.3.1/../../../../arm-none-eabi/lib/thumb/v7e-m+fp/hard/crt0.o
LOAD ./Core/Src/main.o
LOAD ./Core/Src/stm32f4xx_hal_msp.o
LOAD ./Core/Src/stm32f4xx_it.o
LOAD ./Core/Src/syscalls.o
LOAD ./Core/Src/sysmem.o
LOAD ./Core/Src/system_stm32f4xx.o
LOAD ./Core/Startup/startup_stm32f446retx.o
LOAD ./Drivers/STM32F4xx_HAL_Driver/Src/stm32f4xx_hal.o
LOAD ./Drivers/STM32F4xx_HAL_Driver/Src/stm32f4xx_hal_adc.o
LOAD ./Drivers/STM32F4xx_HAL_Driver/Src/stm32f4xx_hal_adc_ex.o
LOAD ./Drivers/STM32F4xx_HAL_Driver/Src/stm32f4xx_hal_cortex.o
LOAD ./Drivers/STM32F4xx_HAL_Driver/Src/stm32f4xx_hal_dma.o
LOAD ./Drivers/STM32F4xx_HAL_Driver/Src/stm32f4xx_hal_dma_ex.o
LOAD ./Drivers/STM32F4xx_HAL_Driver/Src/stm32f4xx_hal_exti.o
LOAD ./Drivers/STM32F4xx_HAL_Driver/Src/stm32f4xx_hal_flash.o
LOAD ./Drivers/STM32F4xx_HAL_Driver/Src/stm32f4xx_hal_flash_ex.o
LOAD ./Drivers/STM32F4xx_HAL_Driver/Src/stm32f4xx_hal_flash_ramfunc.o
LOAD ./Drivers/STM32F4xx_HAL_Driver/Src/stm32f4xx_hal_gpio.o
LOAD ./Drivers/STM32F4xx_HAL_Driver/Src/stm32f4xx_hal_pwr.o
LOAD ./Drivers/STM32F4xx_HAL_Driver/Src/stm32f4xx_hal_pwr_ex.o
LOAD ./Drivers/STM32F4xx_HAL_Driver/Src/stm32f4xx_hal_rcc.o
LOAD ./Drivers/STM32F4xx_HAL_Driver/Src/stm32f4xx_hal_rcc_ex.o
LOAD ./Drivers/STM32F4xx_HAL_Driver/Src/stm32f4xx_hal_tim.o
LOAD ./Drivers/STM32F4xx_HAL_Driver/Src/stm32f4xx_hal_tim_ex.o
LOAD ./Drivers/STM32F4xx_HAL_Driver/Src/stm32f4xx_ll_adc.o
START GROUP
LOAD c:/st/stm32cubeide_1.12.0/stm32cubeide/plugins/com.st.stm32cube.ide.mcu.externaltools.gnu-tools-for-stm32.10.3-2021.10.win32_1.0.200.202301161003/tools/bin/../lib/gcc/arm-none-eabi/10.3.1/../../../../arm-none-eabi/lib/thumb/v7e-m+fp/hard\libc_nano.a
LOAD c:/st/stm32cubeide_1.12.0/stm32cubeide/plugins/com.st.stm32cube.ide.mcu.externaltools.gnu-tools-for-stm32.10.3-2021.10.win32_1.0.200.202301161003/tools/bin/../lib/gcc/arm-none-eabi/10.3.1/../../../../arm-none-eabi/lib/thumb/v7e-m+fp/hard\libm.a
END GROUP
START GROUP
LOAD c:/st/stm32cubeide_1.12.0/stm32cubeide/plugins/com.st.stm32cube.ide.mcu.externaltools.gnu-tools-for-stm32.10.3-2021.10.win32_1.0.200.202301161003/tools/bin/../lib/gcc/arm-none-eabi/10.3.1/thumb/v7e-m+fp/hard\libgcc.a
LOAD c:/st/stm32cubeide_1.12.0/stm32cubeide/plugins/com.st.stm32cube.ide.mcu.externaltools.gnu-tools-for-stm32.10.3-2021.10.win32_1.0.200.202301161003/tools/bin/../lib/gcc/arm-none-eabi/10.3.1/../../../../arm-none-eabi/lib/thumb/v7e-m+fp/hard\libc_nano.a
END GROUP
START GROUP
LOAD c:/st/stm32cubeide_1.12.0/stm32cubeide/plugins/com.st.stm32cube.ide.mcu.externaltools.gnu-tools-for-stm32.10.3-2021.10.win32_1.0.200.202301161003/tools/bin/../lib/gcc/arm-none-eabi/10.3.1/thumb/v7e-m+fp/hard\libgcc.a
LOAD c:/st/stm32cubeide_1.12.0/stm32cubeide/plugins/com.st.stm32cube.ide.mcu.externaltools.gnu-tools-for-stm32.10.3-2021.10.win32_1.0.200.202301161003/tools/bin/../lib/gcc/arm-none-eabi/10.3.1/../../../../arm-none-eabi/lib/thumb/v7e-m+fp/hard\libc_nano.a
LOAD c:/st/stm32cubeide_1.12.0/stm32cubeide/plugins/com.st.stm32cube.ide.mcu.externaltools.gnu-tools-for-stm32.10.3-2021.10.win32_1.0.200.202301161003/tools/bin/../lib/gcc/arm-none-eabi/10.3.1/../../../../arm-none-eabi/lib/thumb/v7e-m+fp/hard\libnosys.a
END GROUP
START GROUP
LOAD c:/st/stm32cubeide_1.12.0/stm32cubeide/plugins/com.st.stm32cube.ide.mcu.externaltools.gnu-tools-for-stm32.10.3-2021.10.win32_1.0.200.202301161003/tools/bin/../lib/gcc/arm-none-eabi/10.3.1/thumb/v7e-m+fp/hard\libgcc.a
LOAD c:/st/stm32cubeide_1.12.0/stm32cubeide/plugins/com.st.stm32cube.ide.mcu.externaltools.gnu-tools-for-stm32.10.3-2021.10.win32_1.0.200.202301161003/tools/bin/../lib/gcc/arm-none-eabi/10.3.1/../../../../arm-none-eabi/lib/thumb/v7e-m+fp/hard\libc_nano.a
LOAD c:/st/stm32cubeide_1.12.0/stm32cubeide/plugins/com.st.stm32cube.ide.mcu.externaltools.gnu-tools-for-stm32.10.3-2021.10.win32_1.0.200.202301161003/tools/bin/../lib/gcc/arm-none-eabi/10.3.1/../../../../arm-none-eabi/lib/thumb/v7e-m+fp/hard\libnosys.a
END GROUP
LOAD c:/st/stm32cubeide_1.12.0/stm32cubeide/plugins/com.st.stm32cube.ide.mcu.externaltools.gnu-tools-for-stm32.10.3-2021.10.win32_1.0.200.202301161003/tools/bin/../lib/gcc/arm-none-eabi/10.3.1/thumb/v7e-m+fp/hard/crtend.o
LOAD c:/st/stm32cubeide_1.12.0/stm32cubeide/plugins/com.st.stm32cube.ide.mcu.externaltools.gnu-tools-for-stm32.10.3-2021.10.win32_1.0.200.202301161003/tools/bin/../lib/gcc/arm-none-eabi/10.3.1/thumb/v7e-m+fp/hard/crtn.o
                0x0000000020020000                _estack = (ORIGIN (RAM) + LENGTH (RAM))
                0x0000000000000200                _Min_Heap_Size = 0x200
                0x0000000000000400                _Min_Stack_Size = 0x400

.isr_vector     0x0000000008000000      0x1c4
                0x0000000008000000                . = ALIGN (0x4)
 *(.isr_vector)
 .isr_vector    0x0000000008000000      0x1c4 ./Core/Startup/startup_stm32f446retx.o
                0x0000000008000000                g_pfnVectors
                0x00000000080001c4                . = ALIGN (0x4)

.text           0x00000000080001c4     0x47d8
                0x00000000080001c4                . = ALIGN (0x4)
 *(.text)
 .text          0x00000000080001c4       0x40 c:/st/stm32cubeide_1.12.0/stm32cubeide/plugins/com.st.stm32cube.ide.mcu.externaltools.gnu-tools-for-stm32.10.3-2021.10.win32_1.0.200.202301161003/tools/bin/../lib/gcc/arm-none-eabi/10.3.1/thumb/v7e-m+fp/hard/crtbegin.o
 .text          0x0000000008000204      0x378 c:/st/stm32cubeide_1.12.0/stm32cubeide/plugins/com.st.stm32cube.ide.mcu.externaltools.gnu-tools-for-stm32.10.3-2021.10.win32_1.0.200.202301161003/tools/bin/../lib/gcc/arm-none-eabi/10.3.1/thumb/v7e-m+fp/hard\libgcc.a(_arm_addsubdf3.o)
                0x0000000008000204                __aeabi_drsub
                0x000000000800020c                __aeabi_dsub
                0x000000000800020c                __subdf3
                0x0000000008000210                __aeabi_dadd
                0x0000000008000210                __adddf3
                0x0000000008000488                __floatunsidf
                0x0000000008000488                __aeabi_ui2d
                0x00000000080004a8                __floatsidf
                0x00000000080004a8                __aeabi_i2d
                0x00000000080004cc                __aeabi_f2d
                0x00000000080004cc                __extendsfdf2
                0x0000000008000510                __floatundidf
                0x0000000008000510                __aeabi_ul2d
                0x0000000008000520                __floatdidf
                0x0000000008000520                __aeabi_l2d
 .text          0x000000000800057c      0x424 c:/st/stm32cubeide_1.12.0/stm32cubeide/plugins/com.st.stm32cube.ide.mcu.externaltools.gnu-tools-for-stm32.10.3-2021.10.win32_1.0.200.202301161003/tools/bin/../lib/gcc/arm-none-eabi/10.3.1/thumb/v7e-m+fp/hard\libgcc.a(_arm_muldivdf3.o)
                0x000000000800057c                __aeabi_dmul
                0x000000000800057c                __muldf3
                0x00000000080007d0                __divdf3
                0x00000000080007d0                __aeabi_ddiv
 .text          0x00000000080009a0       0x40 c:/st/stm32cubeide_1.12.0/stm32cubeide/plugins/com.st.stm32cube.ide.mcu.externaltools.gnu-tools-for-stm32.10.3-2021.10.win32_1.0.200.202301161003/tools/bin/../lib/gcc/arm-none-eabi/10.3.1/thumb/v7e-m+fp/hard\libgcc.a(_arm_fixunsdfsi.o)
                0x00000000080009a0                __aeabi_d2uiz
                0x00000000080009a0                __fixunsdfsi
 .text          0x00000000080009e0       0x30 c:/st/stm32cubeide_1.12.0/stm32cubeide/plugins/com.st.stm32cube.ide.mcu.externaltools.gnu-tools-for-stm32.10.3-2021.10.win32_1.0.200.202301161003/tools/bin/../lib/gcc/arm-none-eabi/10.3.1/thumb/v7e-m+fp/hard\libgcc.a(_aeabi_uldivmod.o)
                0x00000000080009e0                __aeabi_uldivmod
 .text          0x0000000008000a10      0x2d0 c:/st/stm32cubeide_1.12.0/stm32cubeide/plugins/com.st.stm32cube.ide.mcu.externaltools.gnu-tools-for-stm32.10.3-2021.10.win32_1.0.200.202301161003/tools/bin/../lib/gcc/arm-none-eabi/10.3.1/thumb/v7e-m+fp/hard\libgcc.a(_udivmoddi4.o)
                0x0000000008000a10                __udivmoddi4
 .text          0x0000000008000ce0        0x4 c:/st/stm32cubeide_1.12.0/stm32cubeide/plugins/com.st.stm32cube.ide.mcu.externaltools.gnu-tools-for-stm32.10.3-2021.10.win32_1.0.200.202301161003/tools/bin/../lib/gcc/arm-none-eabi/10.3.1/thumb/v7e-m+fp/hard\libgcc.a(_dvmd_tls.o)
                0x0000000008000ce0                __aeabi_idiv0
                0x0000000008000ce0                __aeabi_ldiv0
 *(.text*)
 .text.HAL_ADC_ConvCpltCallback
                0x0000000008000ce4       0xa8 ./Core/Src/main.o
                0x0000000008000ce4                HAL_ADC_ConvCpltCallback
 .text.main     0x0000000008000d8c       0x78 ./Core/Src/main.o
                0x0000000008000d8c                main
 .text.SystemClock_Config
                0x0000000008000e04       0xe4 ./Core/Src/main.o
                0x0000000008000e04                SystemClock_Config
 .text.MX_ADC1_Init
                0x0000000008000ee8      0x104 ./Core/Src/main.o
 .text.MX_ADC2_Init
                0x0000000008000fec       0xe4 ./Core/Src/main.o
 .text.MX_ADC3_Init
                0x00000000080010d0       0xa4 ./Core/Src/main.o
 .text.MX_TIM1_Init
                0x0000000008001174      0x140 ./Core/Src/main.o
 .text.MX_DMA_Init
                0x00000000080012b4       0x60 ./Core/Src/main.o
 .text.MX_GPIO_Init
                0x0000000008001314       0x6c ./Core/Src/main.o
 .text.Error_Handler
                0x0000000008001380        0xa ./Core/Src/main.o
                0x0000000008001380                Error_Handler
 *fill*         0x000000000800138a        0x2 
 .text.HAL_MspInit
                0x000000000800138c       0x50 ./Core/Src/stm32f4xx_hal_msp.o
                0x000000000800138c                HAL_MspInit
 .text.HAL_ADC_MspInit
                0x00000000080013dc      0x2c0 ./Core/Src/stm32f4xx_hal_msp.o
                0x00000000080013dc                HAL_ADC_MspInit
 .text.HAL_TIM_Base_MspInit
                0x000000000800169c       0x44 ./Core/Src/stm32f4xx_hal_msp.o
                0x000000000800169c                HAL_TIM_Base_MspInit
 .text.HAL_TIM_MspPostInit
                0x00000000080016e0       0x74 ./Core/Src/stm32f4xx_hal_msp.o
                0x00000000080016e0                HAL_TIM_MspPostInit
 .text.NMI_Handler
                0x0000000008001754        0x6 ./Core/Src/stm32f4xx_it.o
                0x0000000008001754                NMI_Handler
 .text.HardFault_Handler
                0x000000000800175a        0x6 ./Core/Src/stm32f4xx_it.o
                0x000000000800175a                HardFault_Handler
 .text.MemManage_Handler
                0x0000000008001760        0x6 ./Core/Src/stm32f4xx_it.o
                0x0000000008001760                MemManage_Handler
 .text.BusFault_Handler
                0x0000000008001766        0x6 ./Core/Src/stm32f4xx_it.o
                0x0000000008001766                BusFault_Handler
 .text.UsageFault_Handler
                0x000000000800176c        0x6 ./Core/Src/stm32f4xx_it.o
                0x000000000800176c                UsageFault_Handler
 .text.SVC_Handler
                0x0000000008001772        0xe ./Core/Src/stm32f4xx_it.o
                0x0000000008001772                SVC_Handler
 .text.DebugMon_Handler
                0x0000000008001780        0xe ./Core/Src/stm32f4xx_it.o
                0x0000000008001780                DebugMon_Handler
 .text.PendSV_Handler
                0x000000000800178e        0xe ./Core/Src/stm32f4xx_it.o
                0x000000000800178e                PendSV_Handler
 .text.SysTick_Handler
                0x000000000800179c        0xc ./Core/Src/stm32f4xx_it.o
                0x000000000800179c                SysTick_Handler
 .text.DMA2_Stream0_IRQHandler
                0x00000000080017a8       0x14 ./Core/Src/stm32f4xx_it.o
                0x00000000080017a8                DMA2_Stream0_IRQHandler
 .text.DMA2_Stream2_IRQHandler
                0x00000000080017bc       0x14 ./Core/Src/stm32f4xx_it.o
                0x00000000080017bc                DMA2_Stream2_IRQHandler
 .text.DMA2_Stream4_IRQHandler
                0x00000000080017d0       0x14 ./Core/Src/stm32f4xx_it.o
                0x00000000080017d0                DMA2_Stream4_IRQHandler
 .text.SystemInit
                0x00000000080017e4       0x24 ./Core/Src/system_stm32f4xx.o
                0x00000000080017e4                SystemInit
 .text.Reset_Handler
                0x0000000008001808       0x50 ./Core/Startup/startup_stm32f446retx.o
                0x0000000008001808                Reset_Handler
 .text.Default_Handler
                0x0000000008001858        0x2 ./Core/Startup/startup_stm32f446retx.o
                0x0000000008001858                RTC_Alarm_IRQHandler
                0x0000000008001858                EXTI2_IRQHandler
                0x0000000008001858                TIM8_CC_IRQHandler
                0x0000000008001858                FMPI2C1_EV_IRQHandler
                0x0000000008001858                SPI4_IRQHandler
                0x0000000008001858                TIM1_CC_IRQHandler
                0x0000000008001858                DMA2_Stream5_IRQHandler
                0x0000000008001858                DMA1_Stream5_IRQHandler
                0x0000000008001858                PVD_IRQHandler
                0x0000000008001858                SDIO_IRQHandler
                0x0000000008001858                TAMP_STAMP_IRQHandler
                0x0000000008001858                CAN2_RX1_IRQHandler
                0x0000000008001858                EXTI3_IRQHandler
                0x0000000008001858                TIM8_TRG_COM_TIM14_IRQHandler
                0x0000000008001858                TIM1_UP_TIM10_IRQHandler
                0x0000000008001858                TIM8_UP_TIM13_IRQHandler
                0x0000000008001858                I2C3_ER_IRQHandler
                0x0000000008001858                EXTI0_IRQHandler
                0x0000000008001858                I2C2_EV_IRQHandler
                0x0000000008001858                DMA1_Stream2_IRQHandler
                0x0000000008001858                CAN1_RX0_IRQHandler
                0x0000000008001858                FPU_IRQHandler
                0x0000000008001858                OTG_HS_WKUP_IRQHandler
                0x0000000008001858                CAN2_SCE_IRQHandler
                0x0000000008001858                SPI1_IRQHandler
                0x0000000008001858                TIM6_DAC_IRQHandler
                0x0000000008001858                TIM1_BRK_TIM9_IRQHandler
                0x0000000008001858                DCMI_IRQHandler
                0x0000000008001858                CAN2_RX0_IRQHandler
                0x0000000008001858                DMA2_Stream3_IRQHandler
                0x0000000008001858                SAI2_IRQHandler
                0x0000000008001858                USART6_IRQHandler
                0x0000000008001858                USART3_IRQHandler
                0x0000000008001858                CAN1_RX1_IRQHandler
                0x0000000008001858                UART5_IRQHandler
                0x0000000008001858                TIM4_IRQHandler
                0x0000000008001858                QUADSPI_IRQHandler
                0x0000000008001858                I2C1_EV_IRQHandler
                0x0000000008001858                DMA1_Stream6_IRQHandler
                0x0000000008001858                DMA1_Stream1_IRQHandler
                0x0000000008001858                UART4_IRQHandler
                0x0000000008001858                TIM3_IRQHandler
                0x0000000008001858                RCC_IRQHandler
                0x0000000008001858                TIM8_BRK_TIM12_IRQHandler
                0x0000000008001858                Default_Handler
                0x0000000008001858                CEC_IRQHandler
                0x0000000008001858                EXTI15_10_IRQHandler
                0x0000000008001858                ADC_IRQHandler
                0x0000000008001858                DMA1_Stream7_IRQHandler
                0x0000000008001858                TIM7_IRQHandler
                0x0000000008001858                CAN2_TX_IRQHandler
                0x0000000008001858                TIM5_IRQHandler
                0x0000000008001858                DMA2_Stream7_IRQHandler
                0x0000000008001858                I2C3_EV_IRQHandler
                0x0000000008001858                EXTI9_5_IRQHandler
                0x0000000008001858                RTC_WKUP_IRQHandler
                0x0000000008001858                SPDIF_RX_IRQHandler
                0x0000000008001858                SPI2_IRQHandler
                0x0000000008001858                OTG_HS_EP1_IN_IRQHandler
                0x0000000008001858                DMA1_Stream0_IRQHandler
                0x0000000008001858                CAN1_TX_IRQHandler
                0x0000000008001858                FMPI2C1_ER_IRQHandler
                0x0000000008001858                EXTI4_IRQHandler
                0x0000000008001858                OTG_HS_EP1_OUT_IRQHandler
                0x0000000008001858                WWDG_IRQHandler
                0x0000000008001858                TIM2_IRQHandler
                0x0000000008001858                OTG_FS_WKUP_IRQHandler
                0x0000000008001858                TIM1_TRG_COM_TIM11_IRQHandler
                0x0000000008001858                OTG_HS_IRQHandler
                0x0000000008001858                EXTI1_IRQHandler
                0x0000000008001858                USART2_IRQHandler
                0x0000000008001858                I2C2_ER_IRQHandler
                0x0000000008001858                DMA2_Stream1_IRQHandler
                0x0000000008001858                CAN1_SCE_IRQHandler
                0x0000000008001858                FLASH_IRQHandler
                0x0000000008001858                USART1_IRQHandler
                0x0000000008001858                OTG_FS_IRQHandler
                0x0000000008001858                SPI3_IRQHandler
                0x0000000008001858                DMA1_Stream4_IRQHandler
                0x0000000008001858                I2C1_ER_IRQHandler
                0x0000000008001858                FMC_IRQHandler
                0x0000000008001858                DMA2_Stream6_IRQHandler
                0x0000000008001858                SAI1_IRQHandler
                0x0000000008001858                DMA1_Stream3_IRQHandler
 *fill*         0x000000000800185a        0x2 
 .text.HAL_Init
                0x000000000800185c       0x44 ./Drivers/STM32F4xx_HAL_Driver/Src/stm32f4xx_hal.o
                0x000000000800185c                HAL_Init
 .text.HAL_InitTick
                0x00000000080018a0       0x60 ./Drivers/STM32F4xx_HAL_Driver/Src/stm32f4xx_hal.o
                0x00000000080018a0                HAL_InitTick
 .text.HAL_IncTick
                0x0000000008001900       0x28 ./Drivers/STM32F4xx_HAL_Driver/Src/stm32f4xx_hal.o
                0x0000000008001900                HAL_IncTick
 .text.HAL_GetTick
                0x0000000008001928       0x18 ./Drivers/STM32F4xx_HAL_Driver/Src/stm32f4xx_hal.o
                0x0000000008001928                HAL_GetTick
 .text.HAL_ADC_Init
                0x0000000008001940       0x86 ./Drivers/STM32F4xx_HAL_Driver/Src/stm32f4xx_hal_adc.o
                0x0000000008001940                HAL_ADC_Init
 *fill*         0x00000000080019c6        0x2 
 .text.HAL_ADC_Start_IT
                0x00000000080019c8      0x1bc ./Drivers/STM32F4xx_HAL_Driver/Src/stm32f4xx_hal_adc.o
                0x00000000080019c8                HAL_ADC_Start_IT
 .text.HAL_ADC_Start_DMA
                0x0000000008001b84      0x220 ./Drivers/STM32F4xx_HAL_Driver/Src/stm32f4xx_hal_adc.o
                0x0000000008001b84                HAL_ADC_Start_DMA
 .text.HAL_ADC_GetValue
                0x0000000008001da4       0x1a ./Drivers/STM32F4xx_HAL_Driver/Src/stm32f4xx_hal_adc.o
                0x0000000008001da4                HAL_ADC_GetValue
 .text.HAL_ADC_ConvHalfCpltCallback
                0x0000000008001dbe       0x14 ./Drivers/STM32F4xx_HAL_Driver/Src/stm32f4xx_hal_adc.o
                0x0000000008001dbe                HAL_ADC_ConvHalfCpltCallback
 .text.HAL_ADC_ErrorCallback
                0x0000000008001dd2       0x14 ./Drivers/STM32F4xx_HAL_Driver/Src/stm32f4xx_hal_adc.o
                0x0000000008001dd2                HAL_ADC_ErrorCallback
 *fill*         0x0000000008001de6        0x2 
 .text.HAL_ADC_ConfigChannel
                0x0000000008001de8      0x264 ./Drivers/STM32F4xx_HAL_Driver/Src/stm32f4xx_hal_adc.o
                0x0000000008001de8                HAL_ADC_ConfigChannel
 .text.ADC_Init
                0x000000000800204c      0x1f8 ./Drivers/STM32F4xx_HAL_Driver/Src/stm32f4xx_hal_adc.o
 .text.ADC_DMAConvCplt
                0x0000000008002244       0xba ./Drivers/STM32F4xx_HAL_Driver/Src/stm32f4xx_hal_adc.o
 .text.ADC_DMAHalfConvCplt
                0x00000000080022fe       0x1c ./Drivers/STM32F4xx_HAL_Driver/Src/stm32f4xx_hal_adc.o
 .text.ADC_DMAError
                0x000000000800231a       0x2e ./Drivers/STM32F4xx_HAL_Driver/Src/stm32f4xx_hal_adc.o
 .text.__NVIC_SetPriorityGrouping
                0x0000000008002348       0x48 ./Drivers/STM32F4xx_HAL_Driver/Src/stm32f4xx_hal_cortex.o
 .text.__NVIC_GetPriorityGrouping
                0x0000000008002390       0x1c ./Drivers/STM32F4xx_HAL_Driver/Src/stm32f4xx_hal_cortex.o
 .text.__NVIC_EnableIRQ
                0x00000000080023ac       0x3c ./Drivers/STM32F4xx_HAL_Driver/Src/stm32f4xx_hal_cortex.o
 .text.__NVIC_SetPriority
                0x00000000080023e8       0x54 ./Drivers/STM32F4xx_HAL_Driver/Src/stm32f4xx_hal_cortex.o
 .text.NVIC_EncodePriority
                0x000000000800243c       0x66 ./Drivers/STM32F4xx_HAL_Driver/Src/stm32f4xx_hal_cortex.o
 *fill*         0x00000000080024a2        0x2 
 .text.SysTick_Config
                0x00000000080024a4       0x44 ./Drivers/STM32F4xx_HAL_Driver/Src/stm32f4xx_hal_cortex.o
 .text.HAL_NVIC_SetPriorityGrouping
                0x00000000080024e8       0x16 ./Drivers/STM32F4xx_HAL_Driver/Src/stm32f4xx_hal_cortex.o
                0x00000000080024e8                HAL_NVIC_SetPriorityGrouping
 .text.HAL_NVIC_SetPriority
                0x00000000080024fe       0x38 ./Drivers/STM32F4xx_HAL_Driver/Src/stm32f4xx_hal_cortex.o
                0x00000000080024fe                HAL_NVIC_SetPriority
 .text.HAL_NVIC_EnableIRQ
                0x0000000008002536       0x1c ./Drivers/STM32F4xx_HAL_Driver/Src/stm32f4xx_hal_cortex.o
                0x0000000008002536                HAL_NVIC_EnableIRQ
 .text.HAL_SYSTICK_Config
                0x0000000008002552       0x18 ./Drivers/STM32F4xx_HAL_Driver/Src/stm32f4xx_hal_cortex.o
                0x0000000008002552                HAL_SYSTICK_Config
 *fill*         0x000000000800256a        0x2 
 .text.HAL_DMA_Init
                0x000000000800256c      0x15c ./Drivers/STM32F4xx_HAL_Driver/Src/stm32f4xx_hal_dma.o
                0x000000000800256c                HAL_DMA_Init
 .text.HAL_DMA_Start_IT
                0x00000000080026c8       0xb0 ./Drivers/STM32F4xx_HAL_Driver/Src/stm32f4xx_hal_dma.o
                0x00000000080026c8                HAL_DMA_Start_IT
 .text.HAL_DMA_IRQHandler
                0x0000000008002778      0x314 ./Drivers/STM32F4xx_HAL_Driver/Src/stm32f4xx_hal_dma.o
                0x0000000008002778                HAL_DMA_IRQHandler
 .text.DMA_SetConfig
                0x0000000008002a8c       0x5c ./Drivers/STM32F4xx_HAL_Driver/Src/stm32f4xx_hal_dma.o
 .text.DMA_CalcBaseAndBitshift
                0x0000000008002ae8       0x6c ./Drivers/STM32F4xx_HAL_Driver/Src/stm32f4xx_hal_dma.o
 .text.DMA_CheckFifoParam
                0x0000000008002b54       0xf8 ./Drivers/STM32F4xx_HAL_Driver/Src/stm32f4xx_hal_dma.o
 .text.HAL_GPIO_Init
                0x0000000008002c4c      0x328 ./Drivers/STM32F4xx_HAL_Driver/Src/stm32f4xx_hal_gpio.o
                0x0000000008002c4c                HAL_GPIO_Init
 .text.HAL_PWREx_EnableOverDrive
                0x0000000008002f74       0xa0 ./Drivers/STM32F4xx_HAL_Driver/Src/stm32f4xx_hal_pwr_ex.o
                0x0000000008002f74                HAL_PWREx_EnableOverDrive
 .text.HAL_RCC_ClockConfig
                0x0000000008003014      0x1cc ./Drivers/STM32F4xx_HAL_Driver/Src/stm32f4xx_hal_rcc.o
                0x0000000008003014                HAL_RCC_ClockConfig
 .text.HAL_RCC_GetSysClockFreq
                0x00000000080031e0      0x460 ./Drivers/STM32F4xx_HAL_Driver/Src/stm32f4xx_hal_rcc_ex.o
                0x00000000080031e0                HAL_RCC_GetSysClockFreq
 .text.HAL_RCC_OscConfig
                0x0000000008003640      0x53c ./Drivers/STM32F4xx_HAL_Driver/Src/stm32f4xx_hal_rcc_ex.o
                0x0000000008003640                HAL_RCC_OscConfig
 .text.HAL_TIM_Base_Init
                0x0000000008003b7c       0x9e ./Drivers/STM32F4xx_HAL_Driver/Src/stm32f4xx_hal_tim.o
                0x0000000008003b7c                HAL_TIM_Base_Init
 .text.HAL_TIM_PWM_Init
                0x0000000008003c1a       0x9e ./Drivers/STM32F4xx_HAL_Driver/Src/stm32f4xx_hal_tim.o
                0x0000000008003c1a                HAL_TIM_PWM_Init
 .text.HAL_TIM_PWM_MspInit
                0x0000000008003cb8       0x14 ./Drivers/STM32F4xx_HAL_Driver/Src/stm32f4xx_hal_tim.o
                0x0000000008003cb8                HAL_TIM_PWM_MspInit
 .text.HAL_TIM_PWM_Start
                0x0000000008003ccc      0x190 ./Drivers/STM32F4xx_HAL_Driver/Src/stm32f4xx_hal_tim.o
                0x0000000008003ccc                HAL_TIM_PWM_Start
 .text.HAL_TIM_PWM_ConfigChannel
                0x0000000008003e5c      0x184 ./Drivers/STM32F4xx_HAL_Driver/Src/stm32f4xx_hal_tim.o
                0x0000000008003e5c                HAL_TIM_PWM_ConfigChannel
 .text.HAL_TIM_ConfigClockSource
                0x0000000008003fe0      0x18e ./Drivers/STM32F4xx_HAL_Driver/Src/stm32f4xx_hal_tim.o
                0x0000000008003fe0                HAL_TIM_ConfigClockSource
 *fill*         0x000000000800416e        0x2 
 .text.TIM_Base_SetConfig
                0x0000000008004170      0x140 ./Drivers/STM32F4xx_HAL_Driver/Src/stm32f4xx_hal_tim.o
                0x0000000008004170                TIM_Base_SetConfig
 .text.TIM_OC1_SetConfig
                0x00000000080042b0       0xe0 ./Drivers/STM32F4xx_HAL_Driver/Src/stm32f4xx_hal_tim.o
 .text.TIM_OC2_SetConfig
                0x0000000008004390       0xec ./Drivers/STM32F4xx_HAL_Driver/Src/stm32f4xx_hal_tim.o
                0x0000000008004390                TIM_OC2_SetConfig
 .text.TIM_OC3_SetConfig
                0x000000000800447c       0xe8 ./Drivers/STM32F4xx_HAL_Driver/Src/stm32f4xx_hal_tim.o
 .text.TIM_OC4_SetConfig
                0x0000000008004564       0xac ./Drivers/STM32F4xx_HAL_Driver/Src/stm32f4xx_hal_tim.o
 .text.TIM_TI1_ConfigInputStage
                0x0000000008004610       0x5e ./Drivers/STM32F4xx_HAL_Driver/Src/stm32f4xx_hal_tim.o
 .text.TIM_TI2_ConfigInputStage
                0x000000000800466e       0x60 ./Drivers/STM32F4xx_HAL_Driver/Src/stm32f4xx_hal_tim.o
 .text.TIM_ITRx_SetConfig
                0x00000000080046ce       0x36 ./Drivers/STM32F4xx_HAL_Driver/Src/stm32f4xx_hal_tim.o
 .text.TIM_ETR_SetConfig
                0x0000000008004704       0x40 ./Drivers/STM32F4xx_HAL_Driver/Src/stm32f4xx_hal_tim.o
                0x0000000008004704                TIM_ETR_SetConfig
 .text.TIM_CCxChannelCmd
                0x0000000008004744       0x4a ./Drivers/STM32F4xx_HAL_Driver/Src/stm32f4xx_hal_tim.o
                0x0000000008004744                TIM_CCxChannelCmd
 *fill*         0x000000000800478e        0x2 
 .text.HAL_TIMEx_MasterConfigSynchronization
                0x0000000008004790       0xf8 ./Drivers/STM32F4xx_HAL_Driver/Src/stm32f4xx_hal_tim_ex.o
                0x0000000008004790                HAL_TIMEx_MasterConfigSynchronization
 .text.HAL_TIMEx_ConfigBreakDeadTime
                0x0000000008004888       0xa4 ./Drivers/STM32F4xx_HAL_Driver/Src/stm32f4xx_hal_tim_ex.o
                0x0000000008004888                HAL_TIMEx_ConfigBreakDeadTime
 .text.__libc_init_array
                0x000000000800492c       0x48 c:/st/stm32cubeide_1.12.0/stm32cubeide/plugins/com.st.stm32cube.ide.mcu.externaltools.gnu-tools-for-stm32.10.3-2021.10.win32_1.0.200.202301161003/tools/bin/../lib/gcc/arm-none-eabi/10.3.1/../../../../arm-none-eabi/lib/thumb/v7e-m+fp/hard\libc_nano.a(lib_a-init.o)
                0x000000000800492c                __libc_init_array
 .text.memset   0x0000000008004974       0x10 c:/st/stm32cubeide_1.12.0/stm32cubeide/plugins/com.st.stm32cube.ide.mcu.externaltools.gnu-tools-for-stm32.10.3-2021.10.win32_1.0.200.202301161003/tools/bin/../lib/gcc/arm-none-eabi/10.3.1/../../../../arm-none-eabi/lib/thumb/v7e-m+fp/hard\libc_nano.a(lib_a-memset.o)
                0x0000000008004974                memset
 *(.glue_7)
 .glue_7        0x0000000008004984        0x0 linker stubs
 *(.glue_7t)
 .glue_7t       0x0000000008004984        0x0 linker stubs
 *(.eh_frame)
 .eh_frame      0x0000000008004984        0x0 c:/st/stm32cubeide_1.12.0/stm32cubeide/plugins/com.st.stm32cube.ide.mcu.externaltools.gnu-tools-for-stm32.10.3-2021.10.win32_1.0.200.202301161003/tools/bin/../lib/gcc/arm-none-eabi/10.3.1/thumb/v7e-m+fp/hard/crtbegin.o
 *(.init)
 .init          0x0000000008004984        0x4 c:/st/stm32cubeide_1.12.0/stm32cubeide/plugins/com.st.stm32cube.ide.mcu.externaltools.gnu-tools-for-stm32.10.3-2021.10.win32_1.0.200.202301161003/tools/bin/../lib/gcc/arm-none-eabi/10.3.1/thumb/v7e-m+fp/hard/crti.o
                0x0000000008004984                _init
 .init          0x0000000008004988        0x8 c:/st/stm32cubeide_1.12.0/stm32cubeide/plugins/com.st.stm32cube.ide.mcu.externaltools.gnu-tools-for-stm32.10.3-2021.10.win32_1.0.200.202301161003/tools/bin/../lib/gcc/arm-none-eabi/10.3.1/thumb/v7e-m+fp/hard/crtn.o
 *(.fini)
 .fini          0x0000000008004990        0x4 c:/st/stm32cubeide_1.12.0/stm32cubeide/plugins/com.st.stm32cube.ide.mcu.externaltools.gnu-tools-for-stm32.10.3-2021.10.win32_1.0.200.202301161003/tools/bin/../lib/gcc/arm-none-eabi/10.3.1/thumb/v7e-m+fp/hard/crti.o
                0x0000000008004990                _fini
 .fini          0x0000000008004994        0x8 c:/st/stm32cubeide_1.12.0/stm32cubeide/plugins/com.st.stm32cube.ide.mcu.externaltools.gnu-tools-for-stm32.10.3-2021.10.win32_1.0.200.202301161003/tools/bin/../lib/gcc/arm-none-eabi/10.3.1/thumb/v7e-m+fp/hard/crtn.o
                0x000000000800499c                . = ALIGN (0x4)
                0x000000000800499c                _etext = .

.vfp11_veneer   0x000000000800499c        0x0
 .vfp11_veneer  0x000000000800499c        0x0 linker stubs

.v4_bx          0x000000000800499c        0x0
 .v4_bx         0x000000000800499c        0x0 linker stubs

.iplt           0x000000000800499c        0x0
 .iplt          0x000000000800499c        0x0 c:/st/stm32cubeide_1.12.0/stm32cubeide/plugins/com.st.stm32cube.ide.mcu.externaltools.gnu-tools-for-stm32.10.3-2021.10.win32_1.0.200.202301161003/tools/bin/../lib/gcc/arm-none-eabi/10.3.1/thumb/v7e-m+fp/hard/crtbegin.o

.rodata         0x000000000800499c       0x18
                0x000000000800499c                . = ALIGN (0x4)
 *(.rodata)
 *(.rodata*)
 .rodata.AHBPrescTable
                0x000000000800499c       0x10 ./Core/Src/system_stm32f4xx.o
                0x000000000800499c                AHBPrescTable
 .rodata.flagBitshiftOffset.0
                0x00000000080049ac        0x8 ./Drivers/STM32F4xx_HAL_Driver/Src/stm32f4xx_hal_dma.o
                0x00000000080049b4                . = ALIGN (0x4)

.ARM.extab      0x00000000080049b4        0x0
                0x00000000080049b4                . = ALIGN (0x4)
 *(.ARM.extab* .gnu.linkonce.armextab.*)
                0x00000000080049b4                . = ALIGN (0x4)

.ARM            0x00000000080049b4        0x8
                0x00000000080049b4                . = ALIGN (0x4)
                0x00000000080049b4                __exidx_start = .
 *(.ARM.exidx*)
 .ARM.exidx     0x00000000080049b4        0x8 c:/st/stm32cubeide_1.12.0/stm32cubeide/plugins/com.st.stm32cube.ide.mcu.externaltools.gnu-tools-for-stm32.10.3-2021.10.win32_1.0.200.202301161003/tools/bin/../lib/gcc/arm-none-eabi/10.3.1/thumb/v7e-m+fp/hard\libgcc.a(_udivmoddi4.o)
                0x00000000080049bc                __exidx_end = .
                0x00000000080049bc                . = ALIGN (0x4)

.rel.dyn        0x00000000080049bc        0x0
 .rel.iplt      0x00000000080049bc        0x0 c:/st/stm32cubeide_1.12.0/stm32cubeide/plugins/com.st.stm32cube.ide.mcu.externaltools.gnu-tools-for-stm32.10.3-2021.10.win32_1.0.200.202301161003/tools/bin/../lib/gcc/arm-none-eabi/10.3.1/thumb/v7e-m+fp/hard/crtbegin.o

.preinit_array  0x00000000080049bc        0x0
                0x00000000080049bc                . = ALIGN (0x4)
                0x00000000080049bc                PROVIDE (__preinit_array_start = .)
 *(.preinit_array*)
                0x00000000080049bc                PROVIDE (__preinit_array_end = .)
                0x00000000080049bc                . = ALIGN (0x4)

.init_array     0x00000000080049bc        0x4
                0x00000000080049bc                . = ALIGN (0x4)
                0x00000000080049bc                PROVIDE (__init_array_start = .)
 *(SORT_BY_NAME(.init_array.*))
 *(.init_array*)
 .init_array    0x00000000080049bc        0x4 c:/st/stm32cubeide_1.12.0/stm32cubeide/plugins/com.st.stm32cube.ide.mcu.externaltools.gnu-tools-for-stm32.10.3-2021.10.win32_1.0.200.202301161003/tools/bin/../lib/gcc/arm-none-eabi/10.3.1/thumb/v7e-m+fp/hard/crtbegin.o
                0x00000000080049c0                PROVIDE (__init_array_end = .)
                0x00000000080049c0                . = ALIGN (0x4)

.fini_array     0x00000000080049c0        0x4
                0x00000000080049c0                . = ALIGN (0x4)
                [!provide]                        PROVIDE (__fini_array_start = .)
 *(SORT_BY_NAME(.fini_array.*))
 *(.fini_array*)
 .fini_array    0x00000000080049c0        0x4 c:/st/stm32cubeide_1.12.0/stm32cubeide/plugins/com.st.stm32cube.ide.mcu.externaltools.gnu-tools-for-stm32.10.3-2021.10.win32_1.0.200.202301161003/tools/bin/../lib/gcc/arm-none-eabi/10.3.1/thumb/v7e-m+fp/hard/crtbegin.o
                [!provide]                        PROVIDE (__fini_array_end = .)
                0x00000000080049c4                . = ALIGN (0x4)
                0x00000000080049c4                _sidata = LOADADDR (.data)

.data           0x0000000020000000        0xc load address 0x00000000080049c4
                0x0000000020000000                . = ALIGN (0x4)
                0x0000000020000000                _sdata = .
 *(.data)
 *(.data*)
 .data.SystemCoreClock
                0x0000000020000000        0x4 ./Core/Src/system_stm32f4xx.o
                0x0000000020000000                SystemCoreClock
 .data.uwTickPrio
                0x0000000020000004        0x4 ./Drivers/STM32F4xx_HAL_Driver/Src/stm32f4xx_hal.o
                0x0000000020000004                uwTickPrio
 .data.uwTickFreq
                0x0000000020000008        0x1 ./Drivers/STM32F4xx_HAL_Driver/Src/stm32f4xx_hal.o
                0x0000000020000008                uwTickFreq
 *(.RamFunc)
 *(.RamFunc*)
                0x000000002000000c                . = ALIGN (0x4)
 *fill*         0x0000000020000009        0x3 
                0x000000002000000c                _edata = .

.igot.plt       0x000000002000000c        0x0 load address 0x00000000080049d0
 .igot.plt      0x000000002000000c        0x0 c:/st/stm32cubeide_1.12.0/stm32cubeide/plugins/com.st.stm32cube.ide.mcu.externaltools.gnu-tools-for-stm32.10.3-2021.10.win32_1.0.200.202301161003/tools/bin/../lib/gcc/arm-none-eabi/10.3.1/thumb/v7e-m+fp/hard/crtbegin.o
                0x000000002000000c                . = ALIGN (0x4)

.bss            0x000000002000000c      0x27c load address 0x00000000080049d0
                0x000000002000000c                _sbss = .
                0x000000002000000c                __bss_start__ = _sbss
 *(.bss)
 .bss           0x000000002000000c       0x1c c:/st/stm32cubeide_1.12.0/stm32cubeide/plugins/com.st.stm32cube.ide.mcu.externaltools.gnu-tools-for-stm32.10.3-2021.10.win32_1.0.200.202301161003/tools/bin/../lib/gcc/arm-none-eabi/10.3.1/thumb/v7e-m+fp/hard/crtbegin.o
 *(.bss*)
 .bss.courant1  0x0000000020000028        0x4 ./Core/Src/main.o
                0x0000000020000028                courant1
 .bss.buffer1   0x000000002000002c        0x8 ./Core/Src/main.o
                0x000000002000002c                buffer1
 .bss.buffer2   0x0000000020000034        0x6 ./Core/Src/main.o
                0x0000000020000034                buffer2
 *fill*         0x000000002000003a        0x2 
 .bss.buffer3   0x000000002000003c        0x2 ./Core/Src/main.o
                0x000000002000003c                buffer3
 *fill*         0x000000002000003e        0x2 
 .bss.r         0x0000000020000040        0x4 ./Core/Src/main.o
                0x0000000020000040                r
 .bss.hadc1     0x0000000020000044       0x48 ./Core/Src/main.o
                0x0000000020000044                hadc1
 .bss.hadc2     0x000000002000008c       0x48 ./Core/Src/main.o
                0x000000002000008c                hadc2
 .bss.hadc3     0x00000000200000d4       0x48 ./Core/Src/main.o
                0x00000000200000d4                hadc3
 .bss.hdma_adc1
                0x000000002000011c       0x60 ./Core/Src/main.o
                0x000000002000011c                hdma_adc1
 .bss.hdma_adc2
                0x000000002000017c       0x60 ./Core/Src/main.o
                0x000000002000017c                hdma_adc2
 .bss.hdma_adc3
                0x00000000200001dc       0x60 ./Core/Src/main.o
                0x00000000200001dc                hdma_adc3
 .bss.htim1     0x000000002000023c       0x48 ./Core/Src/main.o
                0x000000002000023c                htim1
 .bss.uwTick    0x0000000020000284        0x4 ./Drivers/STM32F4xx_HAL_Driver/Src/stm32f4xx_hal.o
                0x0000000020000284                uwTick
 *(COMMON)
                0x0000000020000288                . = ALIGN (0x4)
                0x0000000020000288                _ebss = .
                0x0000000020000288                __bss_end__ = _ebss

._user_heap_stack
                0x0000000020000288      0x600 load address 0x00000000080049d0
                0x0000000020000288                . = ALIGN (0x8)
                [!provide]                        PROVIDE (end = .)
                0x0000000020000288                PROVIDE (_end = .)
                0x0000000020000488                . = (. + _Min_Heap_Size)
 *fill*         0x0000000020000288      0x200 
                0x0000000020000888                . = (. + _Min_Stack_Size)
 *fill*         0x0000000020000488      0x400 
                0x0000000020000888                . = ALIGN (0x8)

/DISCARD/
 libc.a(*)
 libm.a(*)
 libgcc.a(*)

.ARM.attributes
                0x0000000000000000       0x30
 *(.ARM.attributes)
 .ARM.attributes
                0x0000000000000000       0x1e c:/st/stm32cubeide_1.12.0/stm32cubeide/plugins/com.st.stm32cube.ide.mcu.externaltools.gnu-tools-for-stm32.10.3-2021.10.win32_1.0.200.202301161003/tools/bin/../lib/gcc/arm-none-eabi/10.3.1/thumb/v7e-m+fp/hard/crti.o
 .ARM.attributes
                0x000000000000001e       0x34 c:/st/stm32cubeide_1.12.0/stm32cubeide/plugins/com.st.stm32cube.ide.mcu.externaltools.gnu-tools-for-stm32.10.3-2021.10.win32_1.0.200.202301161003/tools/bin/../lib/gcc/arm-none-eabi/10.3.1/thumb/v7e-m+fp/hard/crtbegin.o
 .ARM.attributes
                0x0000000000000052       0x34 ./Core/Src/main.o
 .ARM.attributes
                0x0000000000000086       0x34 ./Core/Src/stm32f4xx_hal_msp.o
 .ARM.attributes
                0x00000000000000ba       0x34 ./Core/Src/stm32f4xx_it.o
 .ARM.attributes
                0x00000000000000ee       0x34 ./Core/Src/system_stm32f4xx.o
 .ARM.attributes
                0x0000000000000122       0x21 ./Core/Startup/startup_stm32f446retx.o
 .ARM.attributes
                0x0000000000000143       0x34 ./Drivers/STM32F4xx_HAL_Driver/Src/stm32f4xx_hal.o
 .ARM.attributes
                0x0000000000000177       0x34 ./Drivers/STM32F4xx_HAL_Driver/Src/stm32f4xx_hal_adc.o
 .ARM.attributes
                0x00000000000001ab       0x34 ./Drivers/STM32F4xx_HAL_Driver/Src/stm32f4xx_hal_cortex.o
 .ARM.attributes
                0x00000000000001df       0x34 ./Drivers/STM32F4xx_HAL_Driver/Src/stm32f4xx_hal_dma.o
 .ARM.attributes
                0x0000000000000213       0x34 ./Drivers/STM32F4xx_HAL_Driver/Src/stm32f4xx_hal_gpio.o
 .ARM.attributes
                0x0000000000000247       0x34 ./Drivers/STM32F4xx_HAL_Driver/Src/stm32f4xx_hal_pwr_ex.o
 .ARM.attributes
                0x000000000000027b       0x34 ./Drivers/STM32F4xx_HAL_Driver/Src/stm32f4xx_hal_rcc.o
 .ARM.attributes
                0x00000000000002af       0x34 ./Drivers/STM32F4xx_HAL_Driver/Src/stm32f4xx_hal_rcc_ex.o
 .ARM.attributes
                0x00000000000002e3       0x34 ./Drivers/STM32F4xx_HAL_Driver/Src/stm32f4xx_hal_tim.o
 .ARM.attributes
                0x0000000000000317       0x34 ./Drivers/STM32F4xx_HAL_Driver/Src/stm32f4xx_hal_tim_ex.o
 .ARM.attributes
                0x000000000000034b       0x34 c:/st/stm32cubeide_1.12.0/stm32cubeide/plugins/com.st.stm32cube.ide.mcu.externaltools.gnu-tools-for-stm32.10.3-2021.10.win32_1.0.200.202301161003/tools/bin/../lib/gcc/arm-none-eabi/10.3.1/../../../../arm-none-eabi/lib/thumb/v7e-m+fp/hard\libc_nano.a(lib_a-init.o)
 .ARM.attributes
                0x000000000000037f       0x34 c:/st/stm32cubeide_1.12.0/stm32cubeide/plugins/com.st.stm32cube.ide.mcu.externaltools.gnu-tools-for-stm32.10.3-2021.10.win32_1.0.200.202301161003/tools/bin/../lib/gcc/arm-none-eabi/10.3.1/../../../../arm-none-eabi/lib/thumb/v7e-m+fp/hard\libc_nano.a(lib_a-memset.o)
 .ARM.attributes
                0x00000000000003b3       0x1e c:/st/stm32cubeide_1.12.0/stm32cubeide/plugins/com.st.stm32cube.ide.mcu.externaltools.gnu-tools-for-stm32.10.3-2021.10.win32_1.0.200.202301161003/tools/bin/../lib/gcc/arm-none-eabi/10.3.1/thumb/v7e-m+fp/hard\libgcc.a(_arm_addsubdf3.o)
 .ARM.attributes
                0x00000000000003d1       0x1e c:/st/stm32cubeide_1.12.0/stm32cubeide/plugins/com.st.stm32cube.ide.mcu.externaltools.gnu-tools-for-stm32.10.3-2021.10.win32_1.0.200.202301161003/tools/bin/../lib/gcc/arm-none-eabi/10.3.1/thumb/v7e-m+fp/hard\libgcc.a(_arm_muldivdf3.o)
 .ARM.attributes
                0x00000000000003ef       0x1e c:/st/stm32cubeide_1.12.0/stm32cubeide/plugins/com.st.stm32cube.ide.mcu.externaltools.gnu-tools-for-stm32.10.3-2021.10.win32_1.0.200.202301161003/tools/bin/../lib/gcc/arm-none-eabi/10.3.1/thumb/v7e-m+fp/hard\libgcc.a(_arm_fixunsdfsi.o)
 .ARM.attributes
                0x000000000000040d       0x1e c:/st/stm32cubeide_1.12.0/stm32cubeide/plugins/com.st.stm32cube.ide.mcu.externaltools.gnu-tools-for-stm32.10.3-2021.10.win32_1.0.200.202301161003/tools/bin/../lib/gcc/arm-none-eabi/10.3.1/thumb/v7e-m+fp/hard\libgcc.a(_aeabi_uldivmod.o)
 .ARM.attributes
                0x000000000000042b       0x34 c:/st/stm32cubeide_1.12.0/stm32cubeide/plugins/com.st.stm32cube.ide.mcu.externaltools.gnu-tools-for-stm32.10.3-2021.10.win32_1.0.200.202301161003/tools/bin/../lib/gcc/arm-none-eabi/10.3.1/thumb/v7e-m+fp/hard\libgcc.a(_udivmoddi4.o)
 .ARM.attributes
                0x000000000000045f       0x1e c:/st/stm32cubeide_1.12.0/stm32cubeide/plugins/com.st.stm32cube.ide.mcu.externaltools.gnu-tools-for-stm32.10.3-2021.10.win32_1.0.200.202301161003/tools/bin/../lib/gcc/arm-none-eabi/10.3.1/thumb/v7e-m+fp/hard\libgcc.a(_dvmd_tls.o)
 .ARM.attributes
                0x000000000000047d       0x1e c:/st/stm32cubeide_1.12.0/stm32cubeide/plugins/com.st.stm32cube.ide.mcu.externaltools.gnu-tools-for-stm32.10.3-2021.10.win32_1.0.200.202301161003/tools/bin/../lib/gcc/arm-none-eabi/10.3.1/thumb/v7e-m+fp/hard/crtn.o
OUTPUT(ADCTEST.elf elf32-littlearm)
LOAD linker stubs
LOAD c:/st/stm32cubeide_1.12.0/stm32cubeide/plugins/com.st.stm32cube.ide.mcu.externaltools.gnu-tools-for-stm32.10.3-2021.10.win32_1.0.200.202301161003/tools/bin/../lib/gcc/arm-none-eabi/10.3.1/../../../../arm-none-eabi/lib/thumb/v7e-m+fp/hard\libc.a
LOAD c:/st/stm32cubeide_1.12.0/stm32cubeide/plugins/com.st.stm32cube.ide.mcu.externaltools.gnu-tools-for-stm32.10.3-2021.10.win32_1.0.200.202301161003/tools/bin/../lib/gcc/arm-none-eabi/10.3.1/../../../../arm-none-eabi/lib/thumb/v7e-m+fp/hard\libm.a
LOAD c:/st/stm32cubeide_1.12.0/stm32cubeide/plugins/com.st.stm32cube.ide.mcu.externaltools.gnu-tools-for-stm32.10.3-2021.10.win32_1.0.200.202301161003/tools/bin/../lib/gcc/arm-none-eabi/10.3.1/thumb/v7e-m+fp/hard\libgcc.a

.debug_info     0x0000000000000000     0xc17d
 .debug_info    0x0000000000000000     0x161a ./Core/Src/main.o
 .debug_info    0x000000000000161a      0xeff ./Core/Src/stm32f4xx_hal_msp.o
 .debug_info    0x0000000000002519      0x428 ./Core/Src/stm32f4xx_it.o
 .debug_info    0x0000000000002941      0x55b ./Core/Src/system_stm32f4xx.o
 .debug_info    0x0000000000002e9c       0x22 ./Core/Startup/startup_stm32f446retx.o
 .debug_info    0x0000000000002ebe      0x9d2 ./Drivers/STM32F4xx_HAL_Driver/Src/stm32f4xx_hal.o
 .debug_info    0x0000000000003890      0xd70 ./Drivers/STM32F4xx_HAL_Driver/Src/stm32f4xx_hal_adc.o
 .debug_info    0x0000000000004600      0xe39 ./Drivers/STM32F4xx_HAL_Driver/Src/stm32f4xx_hal_cortex.o
 .debug_info    0x0000000000005439      0x94f ./Drivers/STM32F4xx_HAL_Driver/Src/stm32f4xx_hal_dma.o
 .debug_info    0x0000000000005d88      0x7be ./Drivers/STM32F4xx_HAL_Driver/Src/stm32f4xx_hal_gpio.o
 .debug_info    0x0000000000006546      0x702 ./Drivers/STM32F4xx_HAL_Driver/Src/stm32f4xx_hal_pwr_ex.o
 .debug_info    0x0000000000006c48      0x9ab ./Drivers/STM32F4xx_HAL_Driver/Src/stm32f4xx_hal_rcc.o
 .debug_info    0x00000000000075f3      0x9ec ./Drivers/STM32F4xx_HAL_Driver/Src/stm32f4xx_hal_rcc_ex.o
 .debug_info    0x0000000000007fdf     0x2bbe ./Drivers/STM32F4xx_HAL_Driver/Src/stm32f4xx_hal_tim.o
 .debug_info    0x000000000000ab9d     0x15e0 ./Drivers/STM32F4xx_HAL_Driver/Src/stm32f4xx_hal_tim_ex.o

.debug_abbrev   0x0000000000000000     0x1e46
 .debug_abbrev  0x0000000000000000      0x2b6 ./Core/Src/main.o
 .debug_abbrev  0x00000000000002b6      0x253 ./Core/Src/stm32f4xx_hal_msp.o
 .debug_abbrev  0x0000000000000509      0x15f ./Core/Src/stm32f4xx_it.o
 .debug_abbrev  0x0000000000000668      0x116 ./Core/Src/system_stm32f4xx.o
 .debug_abbrev  0x000000000000077e       0x12 ./Core/Startup/startup_stm32f446retx.o
 .debug_abbrev  0x0000000000000790      0x20d ./Drivers/STM32F4xx_HAL_Driver/Src/stm32f4xx_hal.o
 .debug_abbrev  0x000000000000099d      0x244 ./Drivers/STM32F4xx_HAL_Driver/Src/stm32f4xx_hal_adc.o
 .debug_abbrev  0x0000000000000be1      0x316 ./Drivers/STM32F4xx_HAL_Driver/Src/stm32f4xx_hal_cortex.o
 .debug_abbrev  0x0000000000000ef7      0x25b ./Drivers/STM32F4xx_HAL_Driver/Src/stm32f4xx_hal_dma.o
 .debug_abbrev  0x0000000000001152      0x1c4 ./Drivers/STM32F4xx_HAL_Driver/Src/stm32f4xx_hal_gpio.o
 .debug_abbrev  0x0000000000001316      0x1c9 ./Drivers/STM32F4xx_HAL_Driver/Src/stm32f4xx_hal_pwr_ex.o
 .debug_abbrev  0x00000000000014df      0x2aa ./Drivers/STM32F4xx_HAL_Driver/Src/stm32f4xx_hal_rcc.o
 .debug_abbrev  0x0000000000001789      0x1fb ./Drivers/STM32F4xx_HAL_Driver/Src/stm32f4xx_hal_rcc_ex.o
 .debug_abbrev  0x0000000000001984      0x25d ./Drivers/STM32F4xx_HAL_Driver/Src/stm32f4xx_hal_tim.o
 .debug_abbrev  0x0000000000001be1      0x265 ./Drivers/STM32F4xx_HAL_Driver/Src/stm32f4xx_hal_tim_ex.o

.debug_aranges  0x0000000000000000      0xbe8
 .debug_aranges
                0x0000000000000000       0x68 ./Core/Src/main.o
 .debug_aranges
                0x0000000000000068       0x48 ./Core/Src/stm32f4xx_hal_msp.o
 .debug_aranges
                0x00000000000000b0       0x78 ./Core/Src/stm32f4xx_it.o
 .debug_aranges
                0x0000000000000128       0x28 ./Core/Src/system_stm32f4xx.o
 .debug_aranges
                0x0000000000000150       0x28 ./Core/Startup/startup_stm32f446retx.o
 .debug_aranges
                0x0000000000000178       0xf0 ./Drivers/STM32F4xx_HAL_Driver/Src/stm32f4xx_hal.o
 .debug_aranges
                0x0000000000000268       0xe8 ./Drivers/STM32F4xx_HAL_Driver/Src/stm32f4xx_hal_adc.o
 .debug_aranges
                0x0000000000000350      0x118 ./Drivers/STM32F4xx_HAL_Driver/Src/stm32f4xx_hal_cortex.o
 .debug_aranges
                0x0000000000000468       0x90 ./Drivers/STM32F4xx_HAL_Driver/Src/stm32f4xx_hal_dma.o
 .debug_aranges
                0x00000000000004f8       0x58 ./Drivers/STM32F4xx_HAL_Driver/Src/stm32f4xx_hal_gpio.o
 .debug_aranges
                0x0000000000000550       0x60 ./Drivers/STM32F4xx_HAL_Driver/Src/stm32f4xx_hal_pwr_ex.o
 .debug_aranges
                0x00000000000005b0       0x88 ./Drivers/STM32F4xx_HAL_Driver/Src/stm32f4xx_hal_rcc.o
 .debug_aranges
                0x0000000000000638       0x78 ./Drivers/STM32F4xx_HAL_Driver/Src/stm32f4xx_hal_rcc_ex.o
 .debug_aranges
                0x00000000000006b0      0x3d0 ./Drivers/STM32F4xx_HAL_Driver/Src/stm32f4xx_hal_tim.o
 .debug_aranges
                0x0000000000000a80      0x168 ./Drivers/STM32F4xx_HAL_Driver/Src/stm32f4xx_hal_tim_ex.o

.debug_ranges   0x0000000000000000      0xb00
 .debug_ranges  0x0000000000000000       0x58 ./Core/Src/main.o
 .debug_ranges  0x0000000000000058       0x38 ./Core/Src/stm32f4xx_hal_msp.o
 .debug_ranges  0x0000000000000090       0x68 ./Core/Src/stm32f4xx_it.o
 .debug_ranges  0x00000000000000f8       0x18 ./Core/Src/system_stm32f4xx.o
 .debug_ranges  0x0000000000000110       0x20 ./Core/Startup/startup_stm32f446retx.o
 .debug_ranges  0x0000000000000130       0xe0 ./Drivers/STM32F4xx_HAL_Driver/Src/stm32f4xx_hal.o
 .debug_ranges  0x0000000000000210       0xd8 ./Drivers/STM32F4xx_HAL_Driver/Src/stm32f4xx_hal_adc.o
 .debug_ranges  0x00000000000002e8      0x108 ./Drivers/STM32F4xx_HAL_Driver/Src/stm32f4xx_hal_cortex.o
 .debug_ranges  0x00000000000003f0       0x80 ./Drivers/STM32F4xx_HAL_Driver/Src/stm32f4xx_hal_dma.o
 .debug_ranges  0x0000000000000470       0x48 ./Drivers/STM32F4xx_HAL_Driver/Src/stm32f4xx_hal_gpio.o
 .debug_ranges  0x00000000000004b8       0x50 ./Drivers/STM32F4xx_HAL_Driver/Src/stm32f4xx_hal_pwr_ex.o
 .debug_ranges  0x0000000000000508       0x78 ./Drivers/STM32F4xx_HAL_Driver/Src/stm32f4xx_hal_rcc.o
 .debug_ranges  0x0000000000000580       0x68 ./Drivers/STM32F4xx_HAL_Driver/Src/stm32f4xx_hal_rcc_ex.o
 .debug_ranges  0x00000000000005e8      0x3c0 ./Drivers/STM32F4xx_HAL_Driver/Src/stm32f4xx_hal_tim.o
 .debug_ranges  0x00000000000009a8      0x158 ./Drivers/STM32F4xx_HAL_Driver/Src/stm32f4xx_hal_tim_ex.o

.debug_macro    0x0000000000000000    0x22284
 .debug_macro   0x0000000000000000      0x1f6 ./Core/Src/main.o
 .debug_macro   0x00000000000001f6      0xa78 ./Core/Src/main.o
 .debug_macro   0x0000000000000c6e      0x29b ./Core/Src/main.o
 .debug_macro   0x0000000000000f09       0x2e ./Core/Src/main.o
 .debug_macro   0x0000000000000f37       0x28 ./Core/Src/main.o
 .debug_macro   0x0000000000000f5f       0x22 ./Core/Src/main.o
 .debug_macro   0x0000000000000f81       0x8e ./Core/Src/main.o
 .debug_macro   0x000000000000100f       0x51 ./Core/Src/main.o
 .debug_macro   0x0000000000001060      0x103 ./Core/Src/main.o
 .debug_macro   0x0000000000001163       0x6a ./Core/Src/main.o
 .debug_macro   0x00000000000011cd      0x1df ./Core/Src/main.o
 .debug_macro   0x00000000000013ac       0x1c ./Core/Src/main.o
 .debug_macro   0x00000000000013c8       0x22 ./Core/Src/main.o
 .debug_macro   0x00000000000013ea       0xd9 ./Core/Src/main.o
 .debug_macro   0x00000000000014c3     0x102d ./Core/Src/main.o
 .debug_macro   0x00000000000024f0      0x11f ./Core/Src/main.o
 .debug_macro   0x000000000000260f    0x16749 ./Core/Src/main.o
 .debug_macro   0x0000000000018d58       0x6d ./Core/Src/main.o
 .debug_macro   0x0000000000018dc5     0x367e ./Core/Src/main.o
 .debug_macro   0x000000000001c443      0x174 ./Core/Src/main.o
 .debug_macro   0x000000000001c5b7       0x5c ./Core/Src/main.o
 .debug_macro   0x000000000001c613      0xc90 ./Core/Src/main.o
 .debug_macro   0x000000000001d2a3      0x9fe ./Core/Src/main.o
 .debug_macro   0x000000000001dca1      0x115 ./Core/Src/main.o
 .debug_macro   0x000000000001ddb6      0x1a0 ./Core/Src/main.o
 .debug_macro   0x000000000001df56       0xa5 ./Core/Src/main.o
 .debug_macro   0x000000000001dffb      0x16d ./Core/Src/main.o
 .debug_macro   0x000000000001e168      0x287 ./Core/Src/main.o
 .debug_macro   0x000000000001e3ef       0x5f ./Core/Src/main.o
 .debug_macro   0x000000000001e44e      0x236 ./Core/Src/main.o
 .debug_macro   0x000000000001e684      0xb5b ./Core/Src/main.o
 .debug_macro   0x000000000001f1df      0x38b ./Core/Src/main.o
 .debug_macro   0x000000000001f56a      0x17d ./Core/Src/main.o
 .debug_macro   0x000000000001f6e7       0xf9 ./Core/Src/main.o
 .debug_macro   0x000000000001f7e0      0x132 ./Core/Src/main.o
 .debug_macro   0x000000000001f912      0x29c ./Core/Src/main.o
 .debug_macro   0x000000000001fbae       0x2e ./Core/Src/main.o
 .debug_macro   0x000000000001fbdc      0x11a ./Core/Src/main.o
 .debug_macro   0x000000000001fcf6       0xe8 ./Core/Src/main.o
 .debug_macro   0x000000000001fdde       0x89 ./Core/Src/main.o
 .debug_macro   0x000000000001fe67      0x8e6 ./Core/Src/main.o
 .debug_macro   0x000000000002074d       0x4d ./Core/Src/main.o
 .debug_macro   0x000000000002079a      0x126 ./Core/Src/main.o
 .debug_macro   0x00000000000208c0      0x1f6 ./Core/Src/stm32f4xx_hal_msp.o
 .debug_macro   0x0000000000020ab6      0x200 ./Core/Src/stm32f4xx_it.o
 .debug_macro   0x0000000000020cb6      0x1ec ./Core/Src/system_stm32f4xx.o
 .debug_macro   0x0000000000020ea2      0x24c ./Drivers/STM32F4xx_HAL_Driver/Src/stm32f4xx_hal.o
 .debug_macro   0x00000000000210ee      0x1ed ./Drivers/STM32F4xx_HAL_Driver/Src/stm32f4xx_hal_adc.o
 .debug_macro   0x00000000000212db      0x1ec ./Drivers/STM32F4xx_HAL_Driver/Src/stm32f4xx_hal_cortex.o
 .debug_macro   0x00000000000214c7      0x1f2 ./Drivers/STM32F4xx_HAL_Driver/Src/stm32f4xx_hal_dma.o
 .debug_macro   0x00000000000216b9      0x1f2 ./Drivers/STM32F4xx_HAL_Driver/Src/stm32f4xx_hal_gpio.o
 .debug_macro   0x00000000000218ab      0x204 ./Drivers/STM32F4xx_HAL_Driver/Src/stm32f4xx_hal_pwr_ex.o
 .debug_macro   0x0000000000021aaf      0x210 ./Drivers/STM32F4xx_HAL_Driver/Src/stm32f4xx_hal_rcc.o
 .debug_macro   0x0000000000021cbf      0x1ec ./Drivers/STM32F4xx_HAL_Driver/Src/stm32f4xx_hal_rcc_ex.o
 .debug_macro   0x0000000000021eab      0x1ed ./Drivers/STM32F4xx_HAL_Driver/Src/stm32f4xx_hal_tim.o
 .debug_macro   0x0000000000022098      0x1ec ./Drivers/STM32F4xx_HAL_Driver/Src/stm32f4xx_hal_tim_ex.o

.debug_line     0x0000000000000000     0xe0a7
 .debug_line    0x0000000000000000      0xa03 ./Core/Src/main.o
 .debug_line    0x0000000000000a03      0x87d ./Core/Src/stm32f4xx_hal_msp.o
 .debug_line    0x0000000000001280      0x7fd ./Core/Src/stm32f4xx_it.o
 .debug_line    0x0000000000001a7d      0x774 ./Core/Src/system_stm32f4xx.o
 .debug_line    0x00000000000021f1       0x88 ./Core/Startup/startup_stm32f446retx.o
 .debug_line    0x0000000000002279      0x9da ./Drivers/STM32F4xx_HAL_Driver/Src/stm32f4xx_hal.o
 .debug_line    0x0000000000002c53     0x1256 ./Drivers/STM32F4xx_HAL_Driver/Src/stm32f4xx_hal_adc.o
 .debug_line    0x0000000000003ea9      0xc89 ./Drivers/STM32F4xx_HAL_Driver/Src/stm32f4xx_hal_cortex.o
 .debug_line    0x0000000000004b32      0xf3e ./Drivers/STM32F4xx_HAL_Driver/Src/stm32f4xx_hal_dma.o
 .debug_line    0x0000000000005a70      0xb3a ./Drivers/STM32F4xx_HAL_Driver/Src/stm32f4xx_hal_gpio.o
 .debug_line    0x00000000000065aa      0x909 ./Drivers/STM32F4xx_HAL_Driver/Src/stm32f4xx_hal_pwr_ex.o
 .debug_line    0x0000000000006eb3      0xd62 ./Drivers/STM32F4xx_HAL_Driver/Src/stm32f4xx_hal_rcc.o
 .debug_line    0x0000000000007c15     0x13ed ./Drivers/STM32F4xx_HAL_Driver/Src/stm32f4xx_hal_rcc_ex.o
 .debug_line    0x0000000000009002     0x36ce ./Drivers/STM32F4xx_HAL_Driver/Src/stm32f4xx_hal_tim.o
 .debug_line    0x000000000000c6d0     0x19d7 ./Drivers/STM32F4xx_HAL_Driver/Src/stm32f4xx_hal_tim_ex.o

.debug_str      0x0000000000000000    0xd714d
 .debug_str     0x0000000000000000    0xd4636 ./Core/Src/main.o
                                      0xd4a03 (size before relaxing)
 .debug_str     0x00000000000d4636      0x148 ./Core/Src/stm32f4xx_hal_msp.o
                                      0xd40c0 (size before relaxing)
 .debug_str     0x00000000000d477e      0x124 ./Core/Src/stm32f4xx_it.o
                                      0xd3a94 (size before relaxing)
 .debug_str     0x00000000000d48a2       0xdb ./Core/Src/system_stm32f4xx.o
                                      0xd390a (size before relaxing)
 .debug_str     0x00000000000d497d       0x36 ./Core/Startup/startup_stm32f446retx.o
                                         0x7c (size before relaxing)
 .debug_str     0x00000000000d49b3      0x5fa ./Drivers/STM32F4xx_HAL_Driver/Src/stm32f4xx_hal.o
                                      0xd44cf (size before relaxing)
 .debug_str     0x00000000000d4fad      0x286 ./Drivers/STM32F4xx_HAL_Driver/Src/stm32f4xx_hal_adc.o
                                      0xd3ed2 (size before relaxing)
 .debug_str     0x00000000000d5233      0x33f ./Drivers/STM32F4xx_HAL_Driver/Src/stm32f4xx_hal_cortex.o
                                      0xd41dd (size before relaxing)
 .debug_str     0x00000000000d5572      0x2d5 ./Drivers/STM32F4xx_HAL_Driver/Src/stm32f4xx_hal_dma.o
                                      0xd3cff (size before relaxing)
 .debug_str     0x00000000000d5847      0x15d ./Drivers/STM32F4xx_HAL_Driver/Src/stm32f4xx_hal_gpio.o
                                      0xd3a85 (size before relaxing)
 .debug_str     0x00000000000d59a4      0x135 ./Drivers/STM32F4xx_HAL_Driver/Src/stm32f4xx_hal_pwr_ex.o
                                      0xd3ae2 (size before relaxing)
 .debug_str     0x00000000000d5ad9      0x233 ./Drivers/STM32F4xx_HAL_Driver/Src/stm32f4xx_hal_rcc.o
                                      0xd3d43 (size before relaxing)
 .debug_str     0x00000000000d5d0c      0x31c ./Drivers/STM32F4xx_HAL_Driver/Src/stm32f4xx_hal_rcc_ex.o
                                      0xd3d76 (size before relaxing)
 .debug_str     0x00000000000d6028      0xd44 ./Drivers/STM32F4xx_HAL_Driver/Src/stm32f4xx_hal_tim.o
                                      0xd4c5f (size before relaxing)
 .debug_str     0x00000000000d6d6c      0x3e1 ./Drivers/STM32F4xx_HAL_Driver/Src/stm32f4xx_hal_tim_ex.o
                                      0xd447b (size before relaxing)

.comment        0x0000000000000000       0x50
 .comment       0x0000000000000000       0x50 ./Core/Src/main.o
                                         0x51 (size before relaxing)
 .comment       0x0000000000000050       0x51 ./Core/Src/stm32f4xx_hal_msp.o
 .comment       0x0000000000000050       0x51 ./Core/Src/stm32f4xx_it.o
 .comment       0x0000000000000050       0x51 ./Core/Src/system_stm32f4xx.o
 .comment       0x0000000000000050       0x51 ./Drivers/STM32F4xx_HAL_Driver/Src/stm32f4xx_hal.o
 .comment       0x0000000000000050       0x51 ./Drivers/STM32F4xx_HAL_Driver/Src/stm32f4xx_hal_adc.o
 .comment       0x0000000000000050       0x51 ./Drivers/STM32F4xx_HAL_Driver/Src/stm32f4xx_hal_cortex.o
 .comment       0x0000000000000050       0x51 ./Drivers/STM32F4xx_HAL_Driver/Src/stm32f4xx_hal_dma.o
 .comment       0x0000000000000050       0x51 ./Drivers/STM32F4xx_HAL_Driver/Src/stm32f4xx_hal_gpio.o
 .comment       0x0000000000000050       0x51 ./Drivers/STM32F4xx_HAL_Driver/Src/stm32f4xx_hal_pwr_ex.o
 .comment       0x0000000000000050       0x51 ./Drivers/STM32F4xx_HAL_Driver/Src/stm32f4xx_hal_rcc.o
 .comment       0x0000000000000050       0x51 ./Drivers/STM32F4xx_HAL_Driver/Src/stm32f4xx_hal_rcc_ex.o
 .comment       0x0000000000000050       0x51 ./Drivers/STM32F4xx_HAL_Driver/Src/stm32f4xx_hal_tim.o
 .comment       0x0000000000000050       0x51 ./Drivers/STM32F4xx_HAL_Driver/Src/stm32f4xx_hal_tim_ex.o

.debug_frame    0x0000000000000000     0x32a0
 .debug_frame   0x0000000000000000      0x168 ./Core/Src/main.o
 .debug_frame   0x0000000000000168       0xf4 ./Core/Src/stm32f4xx_hal_msp.o
 .debug_frame   0x000000000000025c      0x158 ./Core/Src/stm32f4xx_it.o
 .debug_frame   0x00000000000003b4       0x58 ./Core/Src/system_stm32f4xx.o
 .debug_frame   0x000000000000040c      0x374 ./Drivers/STM32F4xx_HAL_Driver/Src/stm32f4xx_hal.o
 .debug_frame   0x0000000000000780      0x3fc ./Drivers/STM32F4xx_HAL_Driver/Src/stm32f4xx_hal_adc.o
 .debug_frame   0x0000000000000b7c      0x498 ./Drivers/STM32F4xx_HAL_Driver/Src/stm32f4xx_hal_cortex.o
 .debug_frame   0x0000000000001014      0x250 ./Drivers/STM32F4xx_HAL_Driver/Src/stm32f4xx_hal_dma.o
 .debug_frame   0x0000000000001264      0x14c ./Drivers/STM32F4xx_HAL_Driver/Src/stm32f4xx_hal_gpio.o
 .debug_frame   0x00000000000013b0      0x14c ./Drivers/STM32F4xx_HAL_Driver/Src/stm32f4xx_hal_pwr_ex.o
 .debug_frame   0x00000000000014fc      0x1f4 ./Drivers/STM32F4xx_HAL_Driver/Src/stm32f4xx_hal_rcc.o
 .debug_frame   0x00000000000016f0      0x1e8 ./Drivers/STM32F4xx_HAL_Driver/Src/stm32f4xx_hal_rcc_ex.o
 .debug_frame   0x00000000000018d8     0x11c4 ./Drivers/STM32F4xx_HAL_Driver/Src/stm32f4xx_hal_tim.o
 .debug_frame   0x0000000000002a9c      0x638 ./Drivers/STM32F4xx_HAL_Driver/Src/stm32f4xx_hal_tim_ex.o
 .debug_frame   0x00000000000030d4       0x2c c:/st/stm32cubeide_1.12.0/stm32cubeide/plugins/com.st.stm32cube.ide.mcu.externaltools.gnu-tools-for-stm32.10.3-2021.10.win32_1.0.200.202301161003/tools/bin/../lib/gcc/arm-none-eabi/10.3.1/../../../../arm-none-eabi/lib/thumb/v7e-m+fp/hard\libc_nano.a(lib_a-init.o)
 .debug_frame   0x0000000000003100       0x20 c:/st/stm32cubeide_1.12.0/stm32cubeide/plugins/com.st.stm32cube.ide.mcu.externaltools.gnu-tools-for-stm32.10.3-2021.10.win32_1.0.200.202301161003/tools/bin/../lib/gcc/arm-none-eabi/10.3.1/../../../../arm-none-eabi/lib/thumb/v7e-m+fp/hard\libc_nano.a(lib_a-memset.o)
 .debug_frame   0x0000000000003120       0xac c:/st/stm32cubeide_1.12.0/stm32cubeide/plugins/com.st.stm32cube.ide.mcu.externaltools.gnu-tools-for-stm32.10.3-2021.10.win32_1.0.200.202301161003/tools/bin/../lib/gcc/arm-none-eabi/10.3.1/thumb/v7e-m+fp/hard\libgcc.a(_arm_addsubdf3.o)
 .debug_frame   0x00000000000031cc       0x50 c:/st/stm32cubeide_1.12.0/stm32cubeide/plugins/com.st.stm32cube.ide.mcu.externaltools.gnu-tools-for-stm32.10.3-2021.10.win32_1.0.200.202301161003/tools/bin/../lib/gcc/arm-none-eabi/10.3.1/thumb/v7e-m+fp/hard\libgcc.a(_arm_muldivdf3.o)
 .debug_frame   0x000000000000321c       0x24 c:/st/stm32cubeide_1.12.0/stm32cubeide/plugins/com.st.stm32cube.ide.mcu.externaltools.gnu-tools-for-stm32.10.3-2021.10.win32_1.0.200.202301161003/tools/bin/../lib/gcc/arm-none-eabi/10.3.1/thumb/v7e-m+fp/hard\libgcc.a(_arm_fixunsdfsi.o)
 .debug_frame   0x0000000000003240       0x2c c:/st/stm32cubeide_1.12.0/stm32cubeide/plugins/com.st.stm32cube.ide.mcu.externaltools.gnu-tools-for-stm32.10.3-2021.10.win32_1.0.200.202301161003/tools/bin/../lib/gcc/arm-none-eabi/10.3.1/thumb/v7e-m+fp/hard\libgcc.a(_aeabi_uldivmod.o)
 .debug_frame   0x000000000000326c       0x34 c:/st/stm32cubeide_1.12.0/stm32cubeide/plugins/com.st.stm32cube.ide.mcu.externaltools.gnu-tools-for-stm32.10.3-2021.10.win32_1.0.200.202301161003/tools/bin/../lib/gcc/arm-none-eabi/10.3.1/thumb/v7e-m+fp/hard\libgcc.a(_udivmoddi4.o)
