../Drivers/CMSIS/Include/core_cm4.h:2064:26:ITM_SendChar	16	static,ignoring_inline_asm
../Core/Src/main.c:81:6:HAL_GPIO_EXTI_Callback	16	static
../Core/Src/main.c:101:6:HAL_TIM_PeriodElapsedCallback	16	static
../Core/Src/main.c:135:6:HAL_UARTEx_RxEventCallback	24	static
../Core/Src/main.c:177:5:main	8	static
../Core/Src/main.c:226:6:SystemClock_Config	88	static
../Core/Src/main.c:273:13:MX_TIM1_Init	96	static
../Core/Src/main.c:355:13:MX_TIM2_Init	32	static
../Core/Src/main.c:401:13:MX_TIM3_Init	56	static
../Core/Src/main.c:450:13:MX_TIM8_Init	56	static
../Core/Src/main.c:500:13:MX_USART2_UART_Init	8	static
../Core/Src/main.c:531:13:MX_DMA_Init	16	static
../Core/Src/main.c:549:13:MX_GPIO_Init	56	static
../Core/Src/main.c:687:5:_write	32	static
../Core/Src/main.c:705:6:Error_Handler	4	static,ignoring_inline_asm
