17:43:45 **** Incremental Build of configuration Debug for project ADCTEST ****
make -j8 all 
arm-none-eabi-gcc "../Core/Src/main.c" -mcpu=cortex-m4 -std=gnu11 -g3 -DDEBUG -DUSE_HAL_DRIVER -DSTM32F446xx -c -I../Core/Inc -I../Drivers/STM32F4xx_HAL_Driver/Inc -I../Drivers/STM32F4xx_HAL_Driver/Inc/Legacy -I../Drivers/CMSIS/Device/ST/STM32F4xx/Include -I../Drivers/CMSIS/Include -O0 -ffunction-sections -fdata-sections -Wall -fstack-usage -fcyclomatic-complexity -MMD -MP -MF"Core/Src/main.d" -MT"Core/Src/main.o" --specs=nano.specs -mfpu=fpv4-sp-d16 -mfloat-abi=hard -mthumb -o "Core/Src/main.o"
arm-none-eabi-gcc -o "ADCTEST.elf" @"objects.list"   -mcpu=cortex-m4 -T"C:\Users\m-ali.khlifi-ext\STM32CubeIDE\workspace_1.12.0\ADCTEST\STM32F446RETX_FLASH.ld" --specs=nosys.specs -Wl,-Map="ADCTEST.map" -Wl,--gc-sections -static --specs=nano.specs -mfpu=fpv4-sp-d16 -mfloat-abi=hard -mthumb -Wl,--start-group -lc -lm -Wl,--end-group
Finished building target: ADCTEST.elf
 
arm-none-eabi-size   ADCTEST.elf 
arm-none-eabi-objdump -h -S  ADCTEST.elf  > "ADCTEST.list"
   text	   data	    bss	    dec	    hex	filename
  18876	     20	   2172	  21068	   524c	ADCTEST.elf
Finished building: default.size.stdout
 
Finished building: ADCTEST.list
 

17:43:47 Build Finished. 0 errors, 0 warnings. (took 1s.605ms)

