13:45:39 **** Incremental Build of configuration Debug for project caddialc v2 parti2 adaptable ****
make -j8 all 
arm-none-eabi-gcc "../Core/Src/main.c" -mcpu=cortex-m4 -std=gnu11 -g3 -DDEBUG -DUSE_HAL_DRIVER -DSTM32F446xx -c -I../Core/Inc -I../Drivers/STM32F4xx_HAL_Driver/Inc -I../Drivers/STM32F4xx_HAL_Driver/Inc/Legacy -I../Drivers/CMSIS/Device/ST/STM32F4xx/Include -I../Drivers/CMSIS/Include -O0 -ffunction-sections -fdata-sections -Wall -fstack-usage -fcyclomatic-complexity -MMD -MP -MF"Core/Src/main.d" -MT"Core/Src/main.o" --specs=nano.specs -mfpu=fpv4-sp-d16 -mfloat-abi=hard -mthumb -o "Core/Src/main.o"
arm-none-eabi-gcc -o "caddialc v2 parti2 adaptable.elf" @"objects.list"   -mcpu=cortex-m4 -T"C:\Users\m-ali.khlifi-ext\STM32CubeIDE\workspace_1.12.0\caddialc v2 parti2 adaptable\STM32F446RETX_FLASH.ld" --specs=nosys.specs -Wl,-Map="caddialc v2 parti2 adaptable.map" -Wl,--gc-sections -static --specs=nano.specs -mfpu=fpv4-sp-d16 -mfloat-abi=hard -mthumb -Wl,--start-group -lc -lm -Wl,--end-group
Finished building target: caddialc v2 parti2 adaptable.elf
 
arm-none-eabi-size   caddialc\ v2\ parti2\ adaptable.elf 
arm-none-eabi-objdump -h -S  caddialc\ v2\ parti2\ adaptable.elf  > "caddialc v2 parti2 adaptable.list"
   text	   data	    bss	    dec	    hex	filename
  26284	     28	   2276	  28588	   6fac	caddialc v2 parti2 adaptable.elf
Finished building: default.size.stdout
 
Finished building: caddialc v2 parti2 adaptable.list
 

13:45:42 Build Finished. 0 errors, 0 warnings. (took 2s.946ms)

