13:38:18 **** Incremental Build of configuration Release for project cadilac1.1 ****
make -j8 all 
arm-none-eabi-gcc "../Core/Src/asservissement.c" -mcpu=cortex-m4 -std=gnu11 -DUSE_HAL_DRIVER -DSTM32F446xx -c -I../Core/Inc -I../Drivers/STM32F4xx_HAL_Driver/Inc -I../Drivers/STM32F4xx_HAL_Driver/Inc/Legacy -I../Drivers/CMSIS/Device/ST/STM32F4xx/Include -I../Drivers/CMSIS/Include -Os -ffunction-sections -fdata-sections -Wall -fstack-usage -fcyclomatic-complexity -MMD -MP -MF"Core/Src/asservissement.d" -MT"Core/Src/asservissement.o" --specs=nano.specs -mfpu=fpv4-sp-d16 -mfloat-abi=hard -mthumb -o "Core/Src/asservissement.o"
arm-none-eabi-gcc -o "cadilac1.1.elf" @"objects.list"   -mcpu=cortex-m4 -T"C:\Users\m-ali.khlifi-ext\OneDrive - DELACHAUX SA\work2\cadilac1.1\STM32F446RETX_FLASH.ld" --specs=nosys.specs -Wl,-Map="cadilac1.1.map" -Wl,--gc-sections -static --specs=nano.specs -mfpu=fpv4-sp-d16 -mfloat-abi=hard -mthumb -Wl,--start-group -lc -lm -Wl,--end-group
c:\st\stm32cubeide_1.12.0\stm32cubeide\plugins\com.st.stm32cube.ide.mcu.externaltools.gnu-tools-for-stm32.10.3-2021.10.win32_1.0.200.202301161003\tools\arm-none-eabi\bin\ld.exe: warning: cannot find entry symbol Reset_Handler; defaulting to 0000000008000000
Finished building target: cadilac1.1.elf
 
arm-none-eabi-size   cadilac1.1.elf 
arm-none-eabi-objdump -h -S  cadilac1.1.elf  > "cadilac1.1.list"
   text	   data	    bss	    dec	    hex	filename
     88	      8	   1568	   1664	    680	cadilac1.1.elf
Finished building: default.size.stdout
 
Finished building: cadilac1.1.list
 

13:38:21 Build Finished. 0 errors, 1 warnings. (took 2s.797ms)

