14:30:29 **** Incremental Build of configuration Debug for project controle_rouleaux ****
make -j8 all 
arm-none-eabi-gcc "../Core/Src/main.c" -mcpu=cortex-m4 -std=gnu11 -g3 -DDEBUG -DUSE_HAL_DRIVER -DSTM32F446xx -c -I../Core/Inc -I../Drivers/STM32F4xx_HAL_Driver/Inc -I../Drivers/STM32F4xx_HAL_Driver/Inc/Legacy -I../Drivers/CMSIS/Device/ST/STM32F4xx/Include -I../Drivers/CMSIS/Include -O0 -ffunction-sections -fdata-sections -Wall -fstack-usage -fcyclomatic-complexity -MMD -MP -MF"Core/Src/main.d" -MT"Core/Src/main.o" --specs=nano.specs -mfpu=fpv4-sp-d16 -mfloat-abi=hard -mthumb -o "Core/Src/main.o"
arm-none-eabi-gcc -o "controle_rouleaux.elf" @"objects.list"   -mcpu=cortex-m4 -T"C:\Users\m-ali.khlifi-ext\STM32CubeIDE\workspace_1.12.0\controle_rouleaux\STM32F446RETX_FLASH.ld" --specs=nosys.specs -Wl,-Map="controle_rouleaux.map" -Wl,--gc-sections -static --specs=nano.specs -mfpu=fpv4-sp-d16 -mfloat-abi=hard -mthumb -Wl,--start-group -lc -lm -Wl,--end-group
Finished building target: controle_rouleaux.elf
 
arm-none-eabi-size   controle_rouleaux.elf 
arm-none-eabi-objdump -h -S  controle_rouleaux.elf  > "controle_rouleaux.list"
   text	   data	    bss	    dec	    hex	filename
  14256	     20	   1748	  16024	   3e98	controle_rouleaux.elf
Finished building: default.size.stdout
 
Finished building: controle_rouleaux.list
 

14:30:31 Build Finished. 0 errors, 0 warnings. (took 1s.719ms)

