12:06:58 **** Incremental Build of configuration Debug for project CADILLAC_V2 ****
make -j8 all 
arm-none-eabi-gcc "../Core/Src/asservissement.c" -mcpu=cortex-m7 -std=gnu11 -g3 -DDEBUG -DUSE_HAL_DRIVER -DSTM32F746xx -c -I../Core/Inc -I../Drivers/STM32F7xx_HAL_Driver/Inc -I../Drivers/STM32F7xx_HAL_Driver/Inc/Legacy -I../Drivers/CMSIS/Device/ST/STM32F7xx/Include -I../Drivers/CMSIS/Include -O0 -ffunction-sections -fdata-sections -Wall -fstack-usage -fcyclomatic-complexity -MMD -MP -MF"Core/Src/asservissement.d" -MT"Core/Src/asservissement.o" --specs=nano.specs -mfpu=fpv5-sp-d16 -mfloat-abi=hard -mthumb -o "Core/Src/asservissement.o"
arm-none-eabi-gcc -o "CADILLAC_V2.elf" @"objects.list"   -mcpu=cortex-m7 -T"C:\Users\m-ali.khlifi-ext\STM32CubeIDE\workspace_1.12.0\CADILLAC_V2\STM32F746ZGTX_FLASH.ld" --specs=nosys.specs -Wl,-Map="CADILLAC_V2.map" -Wl,--gc-sections -static --specs=nano.specs -mfpu=fpv5-sp-d16 -mfloat-abi=hard -mthumb -Wl,--start-group -lc -lm -Wl,--end-group
Finished building target: CADILLAC_V2.elf
 
arm-none-eabi-size   CADILLAC_V2.elf 
arm-none-eabi-objdump -h -S  CADILLAC_V2.elf  > "CADILLAC_V2.list"
   text	   data	    bss	    dec	    hex	filename
  47684	    136	   3088	  50908	   c6dc	CADILLAC_V2.elf
Finished building: default.size.stdout
 
Finished building: CADILLAC_V2.list
 
