14:48:56 **** Incremental Build of configuration Debug for project h7 ****
make -j8 all 
arm-none-eabi-gcc "../Core/Src/main.c" -mcpu=cortex-m7 -std=gnu11 -g3 -DDEBUG -DUSE_HAL_DRIVER -DSTM32H7A3xxQ -c -I../Core/Inc -I../Drivers/STM32H7xx_HAL_Driver/Inc -I../Drivers/STM32H7xx_HAL_Driver/Inc/Legacy -I../Drivers/CMSIS/Device/ST/STM32H7xx/Include -I../Drivers/CMSIS/Include -O0 -ffunction-sections -fdata-sections -Wall -fstack-usage -fcyclomatic-complexity -MMD -MP -MF"Core/Src/main.d" -MT"Core/Src/main.o" --specs=nano.specs -mfpu=fpv5-d16 -mfloat-abi=hard -mthumb -o "Core/Src/main.o"
arm-none-eabi-gcc -o "h7.elf" @"objects.list"   -mcpu=cortex-m7 -T"C:\Users\m-ali.khlifi-ext\STM32CubeIDE\workspace_1.12.0\h7\STM32H7A3ZITXQ_FLASH.ld" --specs=nosys.specs -Wl,-Map="h7.map" -Wl,--gc-sections -static --specs=nano.specs -mfpu=fpv5-d16 -mfloat-abi=hard -mthumb -Wl,--start-group -lc -lm -Wl,--end-group
Finished building target: h7.elf
 
arm-none-eabi-size   h7.elf 
arm-none-eabi-objdump -h -S  h7.elf  > "h7.list"
   text	   data	    bss	    dec	    hex	filename
   9256	     24	   1648	  10928	   2ab0	h7.elf
Finished building: default.size.stdout
 
Finished building: h7.list
 

14:48:58 Build Finished. 0 errors, 0 warnings. (took 1s.998ms)

