09:18:03 **** Incremental Build of configuration Debug for project last ****
make -j8 all 
arm-none-eabi-gcc "../Core/Src/main.c" -mcpu=cortex-m7 -std=gnu11 -g3 -DDEBUG -DUSE_HAL_DRIVER -DSTM32F746xx -c -I../Core/Inc -I"C:/Users/m-ali.khlifi-ext/STM32CubeIDE/workspace_1.12.0/last/VE" -I../Drivers/STM32F7xx_HAL_Driver/Inc -I../Drivers/STM32F7xx_HAL_Driver/Inc/Legacy -I../Drivers/CMSIS/Device/ST/STM32F7xx/Include -I../Drivers/CMSIS/Include -O0 -ffunction-sections -fdata-sections -Wall -fstack-usage -fcyclomatic-complexity -MMD -MP -MF"Core/Src/main.d" -MT"Core/Src/main.o" --specs=nano.specs -mfpu=fpv5-sp-d16 -mfloat-abi=hard -mthumb -o "Core/Src/main.o"
arm-none-eabi-gcc -o "last.elf" @"objects.list"   -mcpu=cortex-m7 -T"C:\Users\m-ali.khlifi-ext\STM32CubeIDE\workspace_1.12.0\last\STM32F746ZGTX_FLASH.ld" --specs=nosys.specs -Wl,-Map="last.map" -Wl,--gc-sections -static --specs=nano.specs -mfpu=fpv5-sp-d16 -mfloat-abi=hard -mthumb -Wl,--start-group -lc -lm -Wl,--end-group
Finished building target: last.elf
 
arm-none-eabi-size   last.elf 
arm-none-eabi-objdump -h -S  last.elf  > "last.list"
   text	   data	    bss	    dec	    hex	filename
  11512	     20	   1572	  13104	   3330	last.elf
Finished building: default.size.stdout
 
Finished building: last.list
 

09:18:05 Build Finished. 0 errors, 0 warnings. (took 2s.33ms)

