11:10:52 **** Incremental Build of configuration Debug for project TR ****
make -j8 all 
arm-none-eabi-gcc "../Core/Src/main.c" -mcpu=cortex-m4 -std=gnu11 -g3 -DDEBUG -DUSE_HAL_DRIVER -DSTM32F446xx -c -I../Core/Inc -I../Drivers/STM32F4xx_HAL_Driver/Inc -I../Drivers/STM32F4xx_HAL_Driver/Inc/Legacy -I../Drivers/CMSIS/Device/ST/STM32F4xx/Include -I../Drivers/CMSIS/Include -O0 -ffunction-sections -fdata-sections -Wall -fstack-usage -fcyclomatic-complexity -MMD -MP -MF"Core/Src/main.d" -MT"Core/Src/main.o" --specs=nano.specs -mfpu=fpv4-sp-d16 -mfloat-abi=hard -mthumb -o "Core/Src/main.o"
arm-none-eabi-gcc -o "TR.elf" @"objects.list"   -mcpu=cortex-m4 -T"C:\Users\m-ali.khlifi-ext\STM32CubeIDE\workspace_1.12.0\TR\STM32F446RETX_FLASH.ld" --specs=nosys.specs -Wl,-Map="TR.map" -Wl,--gc-sections -static --specs=nano.specs -mfpu=fpv4-sp-d16 -mfloat-abi=hard -mthumb -Wl,--start-group -lc -lm -Wl,--end-group
Finished building target: TR.elf
 
arm-none-eabi-size   TR.elf 
arm-none-eabi-objdump -h -S  TR.elf  > "TR.list"
   text	   data	    bss	    dec	    hex	filename
  13596	     20	   1732	  15348	   3bf4	TR.elf
Finished building: default.size.stdout
 
Finished building: TR.list
 

11:10:54 Build Finished. 0 errors, 0 warnings. (took 1s.908ms)

