18:13:03 **** Incremental Build of configuration Debug for project TRY ****
make -j8 all 
arm-none-eabi-gcc "../Core/Src/main.c" -mcpu=cortex-m7 -std=gnu11 -g3 -DDEBUG -DUSE_HAL_DRIVER -DSTM32F746xx -c -I../Core/Inc -I"C:/Users/m-ali.khlifi-ext/STM32CubeIDE/workspace_1.12.0/TRY/VER" -I../Drivers/STM32F7xx_HAL_Driver/Inc -I../Drivers/STM32F7xx_HAL_Driver/Inc/Legacy -I../Drivers/CMSIS/Device/ST/STM32F7xx/Include -I../Drivers/CMSIS/Include -O0 -ffunction-sections -fdata-sections -Wall -fstack-usage -fcyclomatic-complexity -MMD -MP -MF"Core/Src/main.d" -MT"Core/Src/main.o" --specs=nano.specs -mfpu=fpv5-sp-d16 -mfloat-abi=hard -mthumb -o "Core/Src/main.o"
arm-none-eabi-gcc -o "TRY.elf" @"objects.list"   -mcpu=cortex-m7 -T"C:\Users\m-ali.khlifi-ext\STM32CubeIDE\workspace_1.12.0\TRY\STM32F746ZGTX_FLASH.ld" --specs=nosys.specs -Wl,-Map="TRY.map" -Wl,--gc-sections -static --specs=nano.specs -mfpu=fpv5-sp-d16 -mfloat-abi=hard -mthumb -Wl,--start-group -lc -lm -Wl,--end-group
Finished building target: TRY.elf
 
arm-none-eabi-size   TRY.elf 
arm-none-eabi-objdump -h -S  TRY.elf  > "TRY.list"
   text	   data	    bss	    dec	    hex	filename
   8148	     20	   1572	   9740	   260c	TRY.elf
Finished building: default.size.stdout
 
Finished building: TRY.list
 

18:13:05 Build Finished. 0 errors, 0 warnings. (took 1s.711ms)

