10:24:30 **** Incremental Build of configuration Debug for project UART1 ****
make -j8 all 
arm-none-eabi-gcc -o "UART1.elf" @"objects.list"   -mcpu=cortex-m4 -T"C:\Users\m-ali.khlifi-ext\STM32CubeIDE\workspace_1.12.0\UART1\STM32F446RETX_FLASH.ld" --specs=nosys.specs -Wl,-Map="UART1.map" -Wl,--gc-sections -static --specs=nano.specs -mfpu=fpv4-sp-d16 -mfloat-abi=hard -mthumb -Wl,--start-group -lc -lm -Wl,--end-group
Finished building target: UART1.elf
 
arm-none-eabi-size   UART1.elf 
arm-none-eabi-objdump -h -S  UART1.elf  > "UART1.list"
   text	   data	    bss	    dec	    hex	filename
  11332	     24	   1648	  13004	   32cc	UART1.elf
Finished building: default.size.stdout
 
Finished building: UART1.list
 

10:24:32 Build Finished. 0 errors, 0 warnings. (took 1s.824ms)

