10:49:44 **** Incremental Build of configuration Debug for project VALIDATION22 ****
make -j8 all 
arm-none-eabi-gcc "../Core/Src/main.c" -mcpu=cortex-m4 -std=gnu11 -g3 -DDEBUG -DUSE_HAL_DRIVER -DSTM32F446xx -c -I../Core/Inc -I../Drivers/STM32F4xx_HAL_Driver/Inc -I../Drivers/STM32F4xx_HAL_Driver/Inc/Legacy -I../Drivers/CMSIS/Device/ST/STM32F4xx/Include -I../Drivers/CMSIS/Include -O0 -ffunction-sections -fdata-sections -Wall -fstack-usage -fcyclomatic-complexity -MMD -MP -MF"Core/Src/main.d" -MT"Core/Src/main.o" --specs=nano.specs -mfpu=fpv4-sp-d16 -mfloat-abi=hard -mthumb -o "Core/Src/main.o"
arm-none-eabi-gcc -o "VALIDATION22.elf" @"objects.list"   -mcpu=cortex-m4 -T"C:\Users\m-ali.khlifi-ext\STM32CubeIDE\workspace_1.12.0\VALIDATION22\STM32F446RETX_FLASH.ld" --specs=nosys.specs -Wl,-Map="VALIDATION22.map" -Wl,--gc-sections -static --specs=nano.specs -mfpu=fpv4-sp-d16 -mfloat-abi=hard -mthumb -Wl,--start-group -lc -lm -Wl,--end-group
Finished building target: VALIDATION22.elf
 
arm-none-eabi-size   VALIDATION22.elf 
arm-none-eabi-objdump -h -S  VALIDATION22.elf  > "VALIDATION22.list"
   text	   data	    bss	    dec	    hex	filename
  11224	     20	   1644	  12888	   3258	VALIDATION22.elf
Finished building: default.size.stdout
 
Finished building: VALIDATION22.list
 

10:49:46 Build Finished. 0 errors, 0 warnings. (took 1s.835ms)

