../Core/Src/main.c:112:7:valeurACS712	24	static
../Core/Src/main.c:125:6:readCourantC	8	static
../Core/Src/main.c:130:6:HAL_TIM_IC_CaptureCallback	16	static
../Core/Src/main.c:260:6:HAL_UART_RxCpltCallback	16	static
../Core/Src/main.c:268:6:sendParameter	8	static
../Core/Src/main.c:275:6:Commander_Moteuraxial	16	static
../Core/Src/main.c:296:6:ZERO_Mtmeuleuse	16	static
../Core/Src/main.c:321:5:main	8	static
../Core/Src/main.c:407:6:SystemClock_Config	88	static
../Core/Src/main.c:456:6:Error_Handler	4	static,ignoring_inline_asm
