01:07:45 **** Incremental Build of configuration Debug for project BALANCING_ROBOT ****
make -j4 all 
arm-none-eabi-gcc "../Core/Src/main.c" -mcpu=cortex-m4 -std=gnu11 -g3 -DDEBUG -DUSE_HAL_DRIVER -DSTM32F407xx -c -I../Core/Inc -I../Drivers/STM32F4xx_HAL_Driver/Inc -I../Drivers/STM32F4xx_HAL_Driver/Inc/Legacy -I../Drivers/CMSIS/Device/ST/STM32F4xx/Include -I../Drivers/CMSIS/Include -O0 -ffunction-sections -fdata-sections -Wall -fstack-usage -MMD -MP -MF"Core/Src/main.d" -MT"Core/Src/main.o" --specs=nano.specs -mfpu=fpv4-sp-d16 -mfloat-abi=hard -mthumb -o "Core/Src/main.o"
../Core/Src/main.c:55:46: warning: 'pid_instance_mot2' defined but not used [-Wunused-variable]
   55 | static pid_instance_int16 pid_instance_mot1, pid_instance_mot2;
      |                                              ^~~~~~~~~~~~~~~~~
arm-none-eabi-gcc -o "BALANCING_ROBOT.elf" @"objects.list"   -mcpu=cortex-m4 -T"C:\Users\Yerkebulan\Dropbox\online course\balancing robot\firmware\BALANCING_ROBOT\STM32F407VGTX_FLASH.ld" --specs=nosys.specs -Wl,-Map="BALANCING_ROBOT.map" -Wl,--gc-sections -static --specs=nano.specs -mfpu=fpv4-sp-d16 -mfloat-abi=hard -mthumb -Wl,--start-group -lc -lm -Wl,--end-group
Finished building target: BALANCING_ROBOT.elf
 
arm-none-eabi-size   BALANCING_ROBOT.elf 
arm-none-eabi-objdump -h -S  BALANCING_ROBOT.elf  > "BALANCING_ROBOT.list"
   text	   data	    bss	    dec	    hex	filename
  26832	    120	   2336	  29288	   7268	BALANCING_ROBOT.elf
Finished building: default.size.stdout
 
Finished building: BALANCING_ROBOT.list
 

01:07:49 Build Finished. 0 errors, 1 warnings. (took 4s.203ms)

