11:36:13 **** Incremental Build of configuration Debug for project BALANCING_ROBOT ****
make -j4 all 
arm-none-eabi-gcc "../Core/Src/main.c" -mcpu=cortex-m4 -std=gnu11 -g3 -DDEBUG -DUSE_HAL_DRIVER -DSTM32F407xx -c -I../Core/Inc -I../Drivers/STM32F4xx_HAL_Driver/Inc -I../Drivers/STM32F4xx_HAL_Driver/Inc/Legacy -I../Drivers/CMSIS/Device/ST/STM32F4xx/Include -I../Drivers/CMSIS/Include -O0 -ffunction-sections -fdata-sections -Wall -fstack-usage -MMD -MP -MF"Core/Src/main.d" -MT"Core/Src/main.o" --specs=nano.specs -mfpu=fpv4-sp-d16 -mfloat-abi=hard -mthumb -o "Core/Src/main.o"
arm-none-eabi-gcc -o "BALANCING_ROBOT.elf" @"objects.list"   -mcpu=cortex-m4 -T"C:\Users\Yerkebulan\Dropbox\online course\balancing robot\firmware\BALANCING_ROBOT\STM32F407VGTX_FLASH.ld" --specs=nosys.specs -Wl,-Map="BALANCING_ROBOT.map" -Wl,--gc-sections -static --specs=nano.specs -mfpu=fpv4-sp-d16 -mfloat-abi=hard -mthumb -Wl,--start-group -lc -lm -Wl,--end-group
Finished building target: BALANCING_ROBOT.elf
 
arm-none-eabi-size   BALANCING_ROBOT.elf 
arm-none-eabi-objdump -h -S  BALANCING_ROBOT.elf  > "BALANCING_ROBOT.list"
   text	   data	    bss	    dec	    hex	filename
  14164	     20	   2384	  16568	   40b8	BALANCING_ROBOT.elf
Finished building: default.size.stdout
 
Finished building: BALANCING_ROBOT.list
 
00:20:01 **** Incremental Build of configuration Debug for project BALANCING_ROBOT ****
make -j4 all 
arm-none-eabi-gcc "../Drivers/STM32F4xx_HAL_Driver/Src/stm32f4xx_hal.c" -mcpu=cortex-m4 -std=gnu11 -g3 -DDEBUG -DUSE_HAL_DRIVER -DSTM32F407xx -c -I../Core/Inc -I../Drivers/STM32F4xx_HAL_Driver/Inc -I../Drivers/STM32F4xx_HAL_Driver/Inc/Legacy -I../Drivers/CMSIS/Device/ST/STM32F4xx/Include -I../Drivers/CMSIS/Include -O0 -ffunction-sections -fdata-sections -Wall -fstack-usage -MMD -MP -MF"Drivers/STM32F4xx_HAL_Driver/Src/stm32f4xx_hal.d" -MT"Drivers/STM32F4xx_HAL_Driver/Src/stm32f4xx_hal.o" --specs=nano.specs -mfpu=fpv4-sp-d16 -mfloat-abi=hard -mthumb -o "Drivers/STM32F4xx_HAL_Driver/Src/stm32f4xx_hal.o"
arm-none-eabi-gcc "../Drivers/STM32F4xx_HAL_Driver/Src/stm32f4xx_hal_cortex.c" -mcpu=cortex-m4 -std=gnu11 -g3 -DDEBUG -DUSE_HAL_DRIVER -DSTM32F407xx -c -I../Core/Inc -I../Drivers/STM32F4xx_HAL_Driver/Inc -I../Drivers/STM32F4xx_HAL_Driver/Inc/Legacy -I../Drivers/CMSIS/Device/ST/STM32F4xx/Include -I../Drivers/CMSIS/Include -O0 -ffunction-sections -fdata-sections -Wall -fstack-usage -MMD -MP -MF"Drivers/STM32F4xx_HAL_Driver/Src/stm32f4xx_hal_cortex.d" -MT"Drivers/STM32F4xx_HAL_Driver/Src/stm32f4xx_hal_cortex.o" --specs=nano.specs -mfpu=fpv4-sp-d16 -mfloat-abi=hard -mthumb -o "Drivers/STM32F4xx_HAL_Driver/Src/stm32f4xx_hal_cortex.o"
arm-none-eabi-gcc "../Drivers/STM32F4xx_HAL_Driver/Src/stm32f4xx_hal_dma.c" -mcpu=cortex-m4 -std=gnu11 -g3 -DDEBUG -DUSE_HAL_DRIVER -DSTM32F407xx -c -I../Core/Inc -I../Drivers/STM32F4xx_HAL_Driver/Inc -I../Drivers/STM32F4xx_HAL_Driver/Inc/Legacy -I../Drivers/CMSIS/Device/ST/STM32F4xx/Include -I../Drivers/CMSIS/Include -O0 -ffunction-sections -fdata-sections -Wall -fstack-usage -MMD -MP -MF"Drivers/STM32F4xx_HAL_Driver/Src/stm32f4xx_hal_dma.d" -MT"Drivers/STM32F4xx_HAL_Driver/Src/stm32f4xx_hal_dma.o" --specs=nano.specs -mfpu=fpv4-sp-d16 -mfloat-abi=hard -mthumb -o "Drivers/STM32F4xx_HAL_Driver/Src/stm32f4xx_hal_dma.o"
arm-none-eabi-gcc "../Drivers/STM32F4xx_HAL_Driver/Src/stm32f4xx_hal_dma_ex.c" -mcpu=cortex-m4 -std=gnu11 -g3 -DDEBUG -DUSE_HAL_DRIVER -DSTM32F407xx -c -I../Core/Inc -I../Drivers/STM32F4xx_HAL_Driver/Inc -I../Drivers/STM32F4xx_HAL_Driver/Inc/Legacy -I../Drivers/CMSIS/Device/ST/STM32F4xx/Include -I../Drivers/CMSIS/Include -O0 -ffunction-sections -fdata-sections -Wall -fstack-usage -MMD -MP -MF"Drivers/STM32F4xx_HAL_Driver/Src/stm32f4xx_hal_dma_ex.d" -MT"Drivers/STM32F4xx_HAL_Driver/Src/stm32f4xx_hal_dma_ex.o" --specs=nano.specs -mfpu=fpv4-sp-d16 -mfloat-abi=hard -mthumb -o "Drivers/STM32F4xx_HAL_Driver/Src/stm32f4xx_hal_dma_ex.o"
arm-none-eabi-gcc "../Drivers/STM32F4xx_HAL_Driver/Src/stm32f4xx_hal_exti.c" -mcpu=cortex-m4 -std=gnu11 -g3 -DDEBUG -DUSE_HAL_DRIVER -DSTM32F407xx -c -I../Core/Inc -I../Drivers/STM32F4xx_HAL_Driver/Inc -I../Drivers/STM32F4xx_HAL_Driver/Inc/Legacy -I../Drivers/CMSIS/Device/ST/STM32F4xx/Include -I../Drivers/CMSIS/Include -O0 -ffunction-sections -fdata-sections -Wall -fstack-usage -MMD -MP -MF"Drivers/STM32F4xx_HAL_Driver/Src/stm32f4xx_hal_exti.d" -MT"Drivers/STM32F4xx_HAL_Driver/Src/stm32f4xx_hal_exti.o" --specs=nano.specs -mfpu=fpv4-sp-d16 -mfloat-abi=hard -mthumb -o "Drivers/STM32F4xx_HAL_Driver/Src/stm32f4xx_hal_exti.o"
arm-none-eabi-gcc "../Drivers/STM32F4xx_HAL_Driver/Src/stm32f4xx_hal_flash.c" -mcpu=cortex-m4 -std=gnu11 -g3 -DDEBUG -DUSE_HAL_DRIVER -DSTM32F407xx -c -I../Core/Inc -I../Drivers/STM32F4xx_HAL_Driver/Inc -I../Drivers/STM32F4xx_HAL_Driver/Inc/Legacy -I../Drivers/CMSIS/Device/ST/STM32F4xx/Include -I../Drivers/CMSIS/Include -O0 -ffunction-sections -fdata-sections -Wall -fstack-usage -MMD -MP -MF"Drivers/STM32F4xx_HAL_Driver/Src/stm32f4xx_hal_flash.d" -MT"Drivers/STM32F4xx_HAL_Driver/Src/stm32f4xx_hal_flash.o" --specs=nano.specs -mfpu=fpv4-sp-d16 -mfloat-abi=hard -mthumb -o "Drivers/STM32F4xx_HAL_Driver/Src/stm32f4xx_hal_flash.o"
arm-none-eabi-gcc "../Drivers/STM32F4xx_HAL_Driver/Src/stm32f4xx_hal_flash_ex.c" -mcpu=cortex-m4 -std=gnu11 -g3 -DDEBUG -DUSE_HAL_DRIVER -DSTM32F407xx -c -I../Core/Inc -I../Drivers/STM32F4xx_HAL_Driver/Inc -I../Drivers/STM32F4xx_HAL_Driver/Inc/Legacy -I../Drivers/CMSIS/Device/ST/STM32F4xx/Include -I../Drivers/CMSIS/Include -O0 -ffunction-sections -fdata-sections -Wall -fstack-usage -MMD -MP -MF"Drivers/STM32F4xx_HAL_Driver/Src/stm32f4xx_hal_flash_ex.d" -MT"Drivers/STM32F4xx_HAL_Driver/Src/stm32f4xx_hal_flash_ex.o" --specs=nano.specs -mfpu=fpv4-sp-d16 -mfloat-abi=hard -mthumb -o "Drivers/STM32F4xx_HAL_Driver/Src/stm32f4xx_hal_flash_ex.o"
arm-none-eabi-gcc "../Drivers/STM32F4xx_HAL_Driver/Src/stm32f4xx_hal_flash_ramfunc.c" -mcpu=cortex-m4 -std=gnu11 -g3 -DDEBUG -DUSE_HAL_DRIVER -DSTM32F407xx -c -I../Core/Inc -I../Drivers/STM32F4xx_HAL_Driver/Inc -I../Drivers/STM32F4xx_HAL_Driver/Inc/Legacy -I../Drivers/CMSIS/Device/ST/STM32F4xx/Include -I../Drivers/CMSIS/Include -O0 -ffunction-sections -fdata-sections -Wall -fstack-usage -MMD -MP -MF"Drivers/STM32F4xx_HAL_Driver/Src/stm32f4xx_hal_flash_ramfunc.d" -MT"Drivers/STM32F4xx_HAL_Driver/Src/stm32f4xx_hal_flash_ramfunc.o" --specs=nano.specs -mfpu=fpv4-sp-d16 -mfloat-abi=hard -mthumb -o "Drivers/STM32F4xx_HAL_Driver/Src/stm32f4xx_hal_flash_ramfunc.o"
arm-none-eabi-gcc "../Drivers/STM32F4xx_HAL_Driver/Src/stm32f4xx_hal_gpio.c" -mcpu=cortex-m4 -std=gnu11 -g3 -DDEBUG -DUSE_HAL_DRIVER -DSTM32F407xx -c -I../Core/Inc -I../Drivers/STM32F4xx_HAL_Driver/Inc -I../Drivers/STM32F4xx_HAL_Driver/Inc/Legacy -I../Drivers/CMSIS/Device/ST/STM32F4xx/Include -I../Drivers/CMSIS/Include -O0 -ffunction-sections -fdata-sections -Wall -fstack-usage -MMD -MP -MF"Drivers/STM32F4xx_HAL_Driver/Src/stm32f4xx_hal_gpio.d" -MT"Drivers/STM32F4xx_HAL_Driver/Src/stm32f4xx_hal_gpio.o" --specs=nano.specs -mfpu=fpv4-sp-d16 -mfloat-abi=hard -mthumb -o "Drivers/STM32F4xx_HAL_Driver/Src/stm32f4xx_hal_gpio.o"
arm-none-eabi-gcc "../Drivers/STM32F4xx_HAL_Driver/Src/stm32f4xx_hal_pwr.c" -mcpu=cortex-m4 -std=gnu11 -g3 -DDEBUG -DUSE_HAL_DRIVER -DSTM32F407xx -c -I../Core/Inc -I../Drivers/STM32F4xx_HAL_Driver/Inc -I../Drivers/STM32F4xx_HAL_Driver/Inc/Legacy -I../Drivers/CMSIS/Device/ST/STM32F4xx/Include -I../Drivers/CMSIS/Include -O0 -ffunction-sections -fdata-sections -Wall -fstack-usage -MMD -MP -MF"Drivers/STM32F4xx_HAL_Driver/Src/stm32f4xx_hal_pwr.d" -MT"Drivers/STM32F4xx_HAL_Driver/Src/stm32f4xx_hal_pwr.o" --specs=nano.specs -mfpu=fpv4-sp-d16 -mfloat-abi=hard -mthumb -o "Drivers/STM32F4xx_HAL_Driver/Src/stm32f4xx_hal_pwr.o"
arm-none-eabi-gcc "../Drivers/STM32F4xx_HAL_Driver/Src/stm32f4xx_hal_pwr_ex.c" -mcpu=cortex-m4 -std=gnu11 -g3 -DDEBUG -DUSE_HAL_DRIVER -DSTM32F407xx -c -I../Core/Inc -I../Drivers/STM32F4xx_HAL_Driver/Inc -I../Drivers/STM32F4xx_HAL_Driver/Inc/Legacy -I../Drivers/CMSIS/Device/ST/STM32F4xx/Include -I../Drivers/CMSIS/Include -O0 -ffunction-sections -fdata-sections -Wall -fstack-usage -MMD -MP -MF"Drivers/STM32F4xx_HAL_Driver/Src/stm32f4xx_hal_pwr_ex.d" -MT"Drivers/STM32F4xx_HAL_Driver/Src/stm32f4xx_hal_pwr_ex.o" --specs=nano.specs -mfpu=fpv4-sp-d16 -mfloat-abi=hard -mthumb -o "Drivers/STM32F4xx_HAL_Driver/Src/stm32f4xx_hal_pwr_ex.o"
arm-none-eabi-gcc "../Drivers/STM32F4xx_HAL_Driver/Src/stm32f4xx_hal_rcc.c" -mcpu=cortex-m4 -std=gnu11 -g3 -DDEBUG -DUSE_HAL_DRIVER -DSTM32F407xx -c -I../Core/Inc -I../Drivers/STM32F4xx_HAL_Driver/Inc -I../Drivers/STM32F4xx_HAL_Driver/Inc/Legacy -I../Drivers/CMSIS/Device/ST/STM32F4xx/Include -I../Drivers/CMSIS/Include -O0 -ffunction-sections -fdata-sections -Wall -fstack-usage -MMD -MP -MF"Drivers/STM32F4xx_HAL_Driver/Src/stm32f4xx_hal_rcc.d" -MT"Drivers/STM32F4xx_HAL_Driver/Src/stm32f4xx_hal_rcc.o" --specs=nano.specs -mfpu=fpv4-sp-d16 -mfloat-abi=hard -mthumb -o "Drivers/STM32F4xx_HAL_Driver/Src/stm32f4xx_hal_rcc.o"
arm-none-eabi-gcc "../Drivers/STM32F4xx_HAL_Driver/Src/stm32f4xx_hal_rcc_ex.c" -mcpu=cortex-m4 -std=gnu11 -g3 -DDEBUG -DUSE_HAL_DRIVER -DSTM32F407xx -c -I../Core/Inc -I../Drivers/STM32F4xx_HAL_Driver/Inc -I../Drivers/STM32F4xx_HAL_Driver/Inc/Legacy -I../Drivers/CMSIS/Device/ST/STM32F4xx/Include -I../Drivers/CMSIS/Include -O0 -ffunction-sections -fdata-sections -Wall -fstack-usage -MMD -MP -MF"Drivers/STM32F4xx_HAL_Driver/Src/stm32f4xx_hal_rcc_ex.d" -MT"Drivers/STM32F4xx_HAL_Driver/Src/stm32f4xx_hal_rcc_ex.o" --specs=nano.specs -mfpu=fpv4-sp-d16 -mfloat-abi=hard -mthumb -o "Drivers/STM32F4xx_HAL_Driver/Src/stm32f4xx_hal_rcc_ex.o"
arm-none-eabi-gcc "../Drivers/STM32F4xx_HAL_Driver/Src/stm32f4xx_hal_tim.c" -mcpu=cortex-m4 -std=gnu11 -g3 -DDEBUG -DUSE_HAL_DRIVER -DSTM32F407xx -c -I../Core/Inc -I../Drivers/STM32F4xx_HAL_Driver/Inc -I../Drivers/STM32F4xx_HAL_Driver/Inc/Legacy -I../Drivers/CMSIS/Device/ST/STM32F4xx/Include -I../Drivers/CMSIS/Include -O0 -ffunction-sections -fdata-sections -Wall -fstack-usage -MMD -MP -MF"Drivers/STM32F4xx_HAL_Driver/Src/stm32f4xx_hal_tim.d" -MT"Drivers/STM32F4xx_HAL_Driver/Src/stm32f4xx_hal_tim.o" --specs=nano.specs -mfpu=fpv4-sp-d16 -mfloat-abi=hard -mthumb -o "Drivers/STM32F4xx_HAL_Driver/Src/stm32f4xx_hal_tim.o"
arm-none-eabi-gcc "../Drivers/STM32F4xx_HAL_Driver/Src/stm32f4xx_hal_tim_ex.c" -mcpu=cortex-m4 -std=gnu11 -g3 -DDEBUG -DUSE_HAL_DRIVER -DSTM32F407xx -c -I../Core/Inc -I../Drivers/STM32F4xx_HAL_Driver/Inc -I../Drivers/STM32F4xx_HAL_Driver/Inc/Legacy -I../Drivers/CMSIS/Device/ST/STM32F4xx/Include -I../Drivers/CMSIS/Include -O0 -ffunction-sections -fdata-sections -Wall -fstack-usage -MMD -MP -MF"Drivers/STM32F4xx_HAL_Driver/Src/stm32f4xx_hal_tim_ex.d" -MT"Drivers/STM32F4xx_HAL_Driver/Src/stm32f4xx_hal_tim_ex.o" --specs=nano.specs -mfpu=fpv4-sp-d16 -mfloat-abi=hard -mthumb -o "Drivers/STM32F4xx_HAL_Driver/Src/stm32f4xx_hal_tim_ex.o"
arm-none-eabi-gcc "../Drivers/STM32F4xx_HAL_Driver/Src/stm32f4xx_hal_uart.c" -mcpu=cortex-m4 -std=gnu11 -g3 -DDEBUG -DUSE_HAL_DRIVER -DSTM32F407xx -c -I../Core/Inc -I../Drivers/STM32F4xx_HAL_Driver/Inc -I../Drivers/STM32F4xx_HAL_Driver/Inc/Legacy -I../Drivers/CMSIS/Device/ST/STM32F4xx/Include -I../Drivers/CMSIS/Include -O0 -ffunction-sections -fdata-sections -Wall -fstack-usage -MMD -MP -MF"Drivers/STM32F4xx_HAL_Driver/Src/stm32f4xx_hal_uart.d" -MT"Drivers/STM32F4xx_HAL_Driver/Src/stm32f4xx_hal_uart.o" --specs=nano.specs -mfpu=fpv4-sp-d16 -mfloat-abi=hard -mthumb -o "Drivers/STM32F4xx_HAL_Driver/Src/stm32f4xx_hal_uart.o"
arm-none-eabi-gcc "../Core/Src/main.c" -mcpu=cortex-m4 -std=gnu11 -g3 -DDEBUG -DUSE_HAL_DRIVER -DSTM32F407xx -c -I../Core/Inc -I../Drivers/STM32F4xx_HAL_Driver/Inc -I../Drivers/STM32F4xx_HAL_Driver/Inc/Legacy -I../Drivers/CMSIS/Device/ST/STM32F4xx/Include -I../Drivers/CMSIS/Include -O0 -ffunction-sections -fdata-sections -Wall -fstack-usage -MMD -MP -MF"Core/Src/main.d" -MT"Core/Src/main.o" --specs=nano.specs -mfpu=fpv4-sp-d16 -mfloat-abi=hard -mthumb -o "Core/Src/main.o"
arm-none-eabi-gcc "../Core/Src/motor.c" -mcpu=cortex-m4 -std=gnu11 -g3 -DDEBUG -DUSE_HAL_DRIVER -DSTM32F407xx -c -I../Core/Inc -I../Drivers/STM32F4xx_HAL_Driver/Inc -I../Drivers/STM32F4xx_HAL_Driver/Inc/Legacy -I../Drivers/CMSIS/Device/ST/STM32F4xx/Include -I../Drivers/CMSIS/Include -O0 -ffunction-sections -fdata-sections -Wall -fstack-usage -MMD -MP -MF"Core/Src/motor.d" -MT"Core/Src/motor.o" --specs=nano.specs -mfpu=fpv4-sp-d16 -mfloat-abi=hard -mthumb -o "Core/Src/motor.o"
arm-none-eabi-gcc "../Core/Src/motor_encoder.c" -mcpu=cortex-m4 -std=gnu11 -g3 -DDEBUG -DUSE_HAL_DRIVER -DSTM32F407xx -c -I../Core/Inc -I../Drivers/STM32F4xx_HAL_Driver/Inc -I../Drivers/STM32F4xx_HAL_Driver/Inc/Legacy -I../Drivers/CMSIS/Device/ST/STM32F4xx/Include -I../Drivers/CMSIS/Include -O0 -ffunction-sections -fdata-sections -Wall -fstack-usage -MMD -MP -MF"Core/Src/motor_encoder.d" -MT"Core/Src/motor_encoder.o" --specs=nano.specs -mfpu=fpv4-sp-d16 -mfloat-abi=hard -mthumb -o "Core/Src/motor_encoder.o"
arm-none-eabi-gcc "../Core/Src/stm32f4xx_hal_msp.c" -mcpu=cortex-m4 -std=gnu11 -g3 -DDEBUG -DUSE_HAL_DRIVER -DSTM32F407xx -c -I../Core/Inc -I../Drivers/STM32F4xx_HAL_Driver/Inc -I../Drivers/STM32F4xx_HAL_Driver/Inc/Legacy -I../Drivers/CMSIS/Device/ST/STM32F4xx/Include -I../Drivers/CMSIS/Include -O0 -ffunction-sections -fdata-sections -Wall -fstack-usage -MMD -MP -MF"Core/Src/stm32f4xx_hal_msp.d" -MT"Core/Src/stm32f4xx_hal_msp.o" --specs=nano.specs -mfpu=fpv4-sp-d16 -mfloat-abi=hard -mthumb -o "Core/Src/stm32f4xx_hal_msp.o"
../Core/Src/main.c: In function 'HAL_UARTEx_RxEventCallback':
../Core/Src/main.c:133:11: warning: format '%d' expects argument of type 'int', but argument 2 has type 'double' [-Wformat=]
  133 |  printf("%d \n", pid_instance_mot1.d_gain);
      |          ~^      ~~~~~~~~~~~~~~~~~~~~~~~~
      |           |                       |
      |           int                     double
      |          %f
../Core/Src/main.c:142:11: warning: format '%i' expects argument of type 'int', but argument 2 has type 'double' [-Wformat=]
  142 |  printf("%i \n", pid_instance_mot1.i_gain);
      |          ~^      ~~~~~~~~~~~~~~~~~~~~~~~~
      |           |                       |
      |           int                     double
      |          %f
../Core/Src/main.c:152:11: warning: format '%p' expects argument of type 'void *', but argument 2 has type 'double' [-Wformat=]
  152 |  printf("%p \n", pid_instance_mot1.p_gain);
      |          ~^      ~~~~~~~~~~~~~~~~~~~~~~~~
      |           |                       |
      |           void *                  double
      |          %f
arm-none-eabi-gcc "../Core/Src/stm32f4xx_it.c" -mcpu=cortex-m4 -std=gnu11 -g3 -DDEBUG -DUSE_HAL_DRIVER -DSTM32F407xx -c -I../Core/Inc -I../Drivers/STM32F4xx_HAL_Driver/Inc -I../Drivers/STM32F4xx_HAL_Driver/Inc/Legacy -I../Drivers/CMSIS/Device/ST/STM32F4xx/Include -I../Drivers/CMSIS/Include -O0 -ffunction-sections -fdata-sections -Wall -fstack-usage -MMD -MP -MF"Core/Src/stm32f4xx_it.d" -MT"Core/Src/stm32f4xx_it.o" --specs=nano.specs -mfpu=fpv4-sp-d16 -mfloat-abi=hard -mthumb -o "Core/Src/stm32f4xx_it.o"
arm-none-eabi-gcc "../Core/Src/system_stm32f4xx.c" -mcpu=cortex-m4 -std=gnu11 -g3 -DDEBUG -DUSE_HAL_DRIVER -DSTM32F407xx -c -I../Core/Inc -I../Drivers/STM32F4xx_HAL_Driver/Inc -I../Drivers/STM32F4xx_HAL_Driver/Inc/Legacy -I../Drivers/CMSIS/Device/ST/STM32F4xx/Include -I../Drivers/CMSIS/Include -O0 -ffunction-sections -fdata-sections -Wall -fstack-usage -MMD -MP -MF"Core/Src/system_stm32f4xx.d" -MT"Core/Src/system_stm32f4xx.o" --specs=nano.specs -mfpu=fpv4-sp-d16 -mfloat-abi=hard -mthumb -o "Core/Src/system_stm32f4xx.o"
arm-none-eabi-gcc -o "BALANCING_ROBOT.elf" @"objects.list"   -mcpu=cortex-m4 -T"C:\Users\Yerkebulan\Dropbox\online course\balancing robot\firmware\BALANCING_ROBOT\STM32F407VGTX_FLASH.ld" --specs=nosys.specs -Wl,-Map="BALANCING_ROBOT.map" -Wl,--gc-sections -static --specs=nano.specs -mfpu=fpv4-sp-d16 -mfloat-abi=hard -mthumb -Wl,--start-group -lc -lm -Wl,--end-group
Finished building target: BALANCING_ROBOT.elf
 
arm-none-eabi-size   BALANCING_ROBOT.elf 
arm-none-eabi-objdump -h -S  BALANCING_ROBOT.elf  > "BALANCING_ROBOT.list"
   text	   data	    bss	    dec	    hex	filename
  27420	    120	   2592	  30132	   75b4	BALANCING_ROBOT.elf
Finished building: default.size.stdout
 
Finished building: BALANCING_ROBOT.list
 
00:22:55 **** Incremental Build of configuration Debug for project BALANCING_ROBOT ****
make -j4 all 
arm-none-eabi-gcc "../Core/Src/main.c" -mcpu=cortex-m4 -std=gnu11 -g3 -DDEBUG -DUSE_HAL_DRIVER -DSTM32F407xx -c -I../Core/Inc -I../Drivers/STM32F4xx_HAL_Driver/Inc -I../Drivers/STM32F4xx_HAL_Driver/Inc/Legacy -I../Drivers/CMSIS/Device/ST/STM32F4xx/Include -I../Drivers/CMSIS/Include -O0 -ffunction-sections -fdata-sections -Wall -fstack-usage -MMD -MP -MF"Core/Src/main.d" -MT"Core/Src/main.o" --specs=nano.specs -mfpu=fpv4-sp-d16 -mfloat-abi=hard -mthumb -o "Core/Src/main.o"
arm-none-eabi-gcc -o "BALANCING_ROBOT.elf" @"objects.list"   -mcpu=cortex-m4 -T"C:\Users\Yerkebulan\Dropbox\online course\balancing robot\firmware\BALANCING_ROBOT\STM32F407VGTX_FLASH.ld" --specs=nosys.specs -Wl,-Map="BALANCING_ROBOT.map" -Wl,--gc-sections -static --specs=nano.specs -mfpu=fpv4-sp-d16 -mfloat-abi=hard -mthumb -Wl,--start-group -lc -lm -Wl,--end-group
Finished building target: BALANCING_ROBOT.elf
 
arm-none-eabi-size   BALANCING_ROBOT.elf 
arm-none-eabi-objdump -h -S  BALANCING_ROBOT.elf  > "BALANCING_ROBOT.list"
   text	   data	    bss	    dec	    hex	filename
  26548	    120	   2592	  29260	   724c	BALANCING_ROBOT.elf
Finished building: default.size.stdout
 
Finished building: BALANCING_ROBOT.list
 
00:24:59 **** Incremental Build of configuration Debug for project BALANCING_ROBOT ****
make -j4 all 
arm-none-eabi-gcc "../Core/Src/main.c" -mcpu=cortex-m4 -std=gnu11 -g3 -DDEBUG -DUSE_HAL_DRIVER -DSTM32F407xx -c -I../Core/Inc -I../Drivers/STM32F4xx_HAL_Driver/Inc -I../Drivers/STM32F4xx_HAL_Driver/Inc/Legacy -I../Drivers/CMSIS/Device/ST/STM32F4xx/Include -I../Drivers/CMSIS/Include -O0 -ffunction-sections -fdata-sections -Wall -fstack-usage -MMD -MP -MF"Core/Src/main.d" -MT"Core/Src/main.o" --specs=nano.specs -mfpu=fpv4-sp-d16 -mfloat-abi=hard -mthumb -o "Core/Src/main.o"
arm-none-eabi-gcc -o "BALANCING_ROBOT.elf" @"objects.list"   -mcpu=cortex-m4 -T"C:\Users\Yerkebulan\Dropbox\online course\balancing robot\firmware\BALANCING_ROBOT\STM32F407VGTX_FLASH.ld" --specs=nosys.specs -Wl,-Map="BALANCING_ROBOT.map" -Wl,--gc-sections -static --specs=nano.specs -mfpu=fpv4-sp-d16 -mfloat-abi=hard -mthumb -Wl,--start-group -lc -lm -Wl,--end-group
Finished building target: BALANCING_ROBOT.elf
 
arm-none-eabi-size   BALANCING_ROBOT.elf 
arm-none-eabi-objdump -h -S  BALANCING_ROBOT.elf  > "BALANCING_ROBOT.list"
   text	   data	    bss	    dec	    hex	filename
  26576	    120	   2592	  29288	   7268	BALANCING_ROBOT.elf
Finished building: default.size.stdout
 
Finished building: BALANCING_ROBOT.list
 
00:26:22 **** Incremental Build of configuration Debug for project BALANCING_ROBOT ****
make -j4 all 
arm-none-eabi-gcc "../Core/Src/main.c" -mcpu=cortex-m4 -std=gnu11 -g3 -DDEBUG -DUSE_HAL_DRIVER -DSTM32F407xx -c -I../Core/Inc -I../Drivers/STM32F4xx_HAL_Driver/Inc -I../Drivers/STM32F4xx_HAL_Driver/Inc/Legacy -I../Drivers/CMSIS/Device/ST/STM32F4xx/Include -I../Drivers/CMSIS/Include -O0 -ffunction-sections -fdata-sections -Wall -fstack-usage -MMD -MP -MF"Core/Src/main.d" -MT"Core/Src/main.o" --specs=nano.specs -mfpu=fpv4-sp-d16 -mfloat-abi=hard -mthumb -o "Core/Src/main.o"
arm-none-eabi-gcc -o "BALANCING_ROBOT.elf" @"objects.list"   -mcpu=cortex-m4 -T"C:\Users\Yerkebulan\Dropbox\online course\balancing robot\firmware\BALANCING_ROBOT\STM32F407VGTX_FLASH.ld" --specs=nosys.specs -Wl,-Map="BALANCING_ROBOT.map" -Wl,--gc-sections -static --specs=nano.specs -mfpu=fpv4-sp-d16 -mfloat-abi=hard -mthumb -Wl,--start-group -lc -lm -Wl,--end-group
Finished building target: BALANCING_ROBOT.elf
 
arm-none-eabi-size   BALANCING_ROBOT.elf 
arm-none-eabi-objdump -h -S  BALANCING_ROBOT.elf  > "BALANCING_ROBOT.list"
   text	   data	    bss	    dec	    hex	filename
  26552	    120	   2592	  29264	   7250	BALANCING_ROBOT.elf
Finished building: default.size.stdout
 
Finished building: BALANCING_ROBOT.list
 
00:27:51 **** Incremental Build of configuration Debug for project BALANCING_ROBOT ****
make -j4 all 
arm-none-eabi-gcc "../Core/Src/main.c" -mcpu=cortex-m4 -std=gnu11 -g3 -DDEBUG -DUSE_HAL_DRIVER -DSTM32F407xx -c -I../Core/Inc -I../Drivers/STM32F4xx_HAL_Driver/Inc -I../Drivers/STM32F4xx_HAL_Driver/Inc/Legacy -I../Drivers/CMSIS/Device/ST/STM32F4xx/Include -I../Drivers/CMSIS/Include -O0 -ffunction-sections -fdata-sections -Wall -fstack-usage -MMD -MP -MF"Core/Src/main.d" -MT"Core/Src/main.o" --specs=nano.specs -mfpu=fpv4-sp-d16 -mfloat-abi=hard -mthumb -o "Core/Src/main.o"
arm-none-eabi-gcc -o "BALANCING_ROBOT.elf" @"objects.list"   -mcpu=cortex-m4 -T"C:\Users\Yerkebulan\Dropbox\online course\balancing robot\firmware\BALANCING_ROBOT\STM32F407VGTX_FLASH.ld" --specs=nosys.specs -Wl,-Map="BALANCING_ROBOT.map" -Wl,--gc-sections -static --specs=nano.specs -mfpu=fpv4-sp-d16 -mfloat-abi=hard -mthumb -Wl,--start-group -lc -lm -Wl,--end-group
Finished building target: BALANCING_ROBOT.elf
 
arm-none-eabi-size   BALANCING_ROBOT.elf 
arm-none-eabi-objdump -h -S  BALANCING_ROBOT.elf  > "BALANCING_ROBOT.list"
   text	   data	    bss	    dec	    hex	filename
  26616	    120	   2592	  29328	   7290	BALANCING_ROBOT.elf
Finished building: default.size.stdout
 
Finished building: BALANCING_ROBOT.list
 
00:29:49 **** Incremental Build of configuration Debug for project BALANCING_ROBOT ****
make -j4 all 
arm-none-eabi-gcc "../Core/Src/main.c" -mcpu=cortex-m4 -std=gnu11 -g3 -DDEBUG -DUSE_HAL_DRIVER -DSTM32F407xx -c -I../Core/Inc -I../Drivers/STM32F4xx_HAL_Driver/Inc -I../Drivers/STM32F4xx_HAL_Driver/Inc/Legacy -I../Drivers/CMSIS/Device/ST/STM32F4xx/Include -I../Drivers/CMSIS/Include -O0 -ffunction-sections -fdata-sections -Wall -fstack-usage -MMD -MP -MF"Core/Src/main.d" -MT"Core/Src/main.o" --specs=nano.specs -mfpu=fpv4-sp-d16 -mfloat-abi=hard -mthumb -o "Core/Src/main.o"
arm-none-eabi-gcc -o "BALANCING_ROBOT.elf" @"objects.list"   -mcpu=cortex-m4 -T"C:\Users\Yerkebulan\Dropbox\online course\balancing robot\firmware\BALANCING_ROBOT\STM32F407VGTX_FLASH.ld" --specs=nosys.specs -Wl,-Map="BALANCING_ROBOT.map" -Wl,--gc-sections -static --specs=nano.specs -mfpu=fpv4-sp-d16 -mfloat-abi=hard -mthumb -Wl,--start-group -lc -lm -Wl,--end-group
Finished building target: BALANCING_ROBOT.elf
 
arm-none-eabi-size   BALANCING_ROBOT.elf 
arm-none-eabi-objdump -h -S  BALANCING_ROBOT.elf  > "BALANCING_ROBOT.list"
   text	   data	    bss	    dec	    hex	filename
  26616	    120	   2592	  29328	   7290	BALANCING_ROBOT.elf
Finished building: default.size.stdout
 
Finished building: BALANCING_ROBOT.list
 
00:31:32 **** Incremental Build of configuration Debug for project BALANCING_ROBOT ****
make -j4 all 
arm-none-eabi-gcc "../Core/Src/main.c" -mcpu=cortex-m4 -std=gnu11 -g3 -DDEBUG -DUSE_HAL_DRIVER -DSTM32F407xx -c -I../Core/Inc -I../Drivers/STM32F4xx_HAL_Driver/Inc -I../Drivers/STM32F4xx_HAL_Driver/Inc/Legacy -I../Drivers/CMSIS/Device/ST/STM32F4xx/Include -I../Drivers/CMSIS/Include -O0 -ffunction-sections -fdata-sections -Wall -fstack-usage -MMD -MP -MF"Core/Src/main.d" -MT"Core/Src/main.o" --specs=nano.specs -mfpu=fpv4-sp-d16 -mfloat-abi=hard -mthumb -o "Core/Src/main.o"
arm-none-eabi-gcc -o "BALANCING_ROBOT.elf" @"objects.list"   -mcpu=cortex-m4 -T"C:\Users\Yerkebulan\Dropbox\online course\balancing robot\firmware\BALANCING_ROBOT\STM32F407VGTX_FLASH.ld" --specs=nosys.specs -Wl,-Map="BALANCING_ROBOT.map" -Wl,--gc-sections -static --specs=nano.specs -mfpu=fpv4-sp-d16 -mfloat-abi=hard -mthumb -Wl,--start-group -lc -lm -Wl,--end-group
Finished building target: BALANCING_ROBOT.elf
 
arm-none-eabi-size   BALANCING_ROBOT.elf 
arm-none-eabi-objdump -h -S  BALANCING_ROBOT.elf  > "BALANCING_ROBOT.list"
   text	   data	    bss	    dec	    hex	filename
  26684	    120	   2592	  29396	   72d4	BALANCING_ROBOT.elf
Finished building: default.size.stdout
 
Finished building: BALANCING_ROBOT.list
 
00:35:15 **** Incremental Build of configuration Debug for project BALANCING_ROBOT ****
make -j4 all 
arm-none-eabi-gcc "../Core/Src/main.c" -mcpu=cortex-m4 -std=gnu11 -g3 -DDEBUG -DUSE_HAL_DRIVER -DSTM32F407xx -c -I../Core/Inc -I../Drivers/STM32F4xx_HAL_Driver/Inc -I../Drivers/STM32F4xx_HAL_Driver/Inc/Legacy -I../Drivers/CMSIS/Device/ST/STM32F4xx/Include -I../Drivers/CMSIS/Include -O0 -ffunction-sections -fdata-sections -Wall -fstack-usage -MMD -MP -MF"Core/Src/main.d" -MT"Core/Src/main.o" --specs=nano.specs -mfpu=fpv4-sp-d16 -mfloat-abi=hard -mthumb -o "Core/Src/main.o"
arm-none-eabi-gcc -o "BALANCING_ROBOT.elf" @"objects.list"   -mcpu=cortex-m4 -T"C:\Users\Yerkebulan\Dropbox\online course\balancing robot\firmware\BALANCING_ROBOT\STM32F407VGTX_FLASH.ld" --specs=nosys.specs -Wl,-Map="BALANCING_ROBOT.map" -Wl,--gc-sections -static --specs=nano.specs -mfpu=fpv4-sp-d16 -mfloat-abi=hard -mthumb -Wl,--start-group -lc -lm -Wl,--end-group
Finished building target: BALANCING_ROBOT.elf
 
arm-none-eabi-size   BALANCING_ROBOT.elf 
arm-none-eabi-objdump -h -S  BALANCING_ROBOT.elf  > "BALANCING_ROBOT.list"
   text	   data	    bss	    dec	    hex	filename
  26676	    120	   2592	  29388	   72cc	BALANCING_ROBOT.elf
Finished building: default.size.stdout
 
Finished building: BALANCING_ROBOT.list
 
00:37:06 **** Incremental Build of configuration Debug for project BALANCING_ROBOT ****
make -j4 all 
arm-none-eabi-gcc "../Core/Src/main.c" -mcpu=cortex-m4 -std=gnu11 -g3 -DDEBUG -DUSE_HAL_DRIVER -DSTM32F407xx -c -I../Core/Inc -I../Drivers/STM32F4xx_HAL_Driver/Inc -I../Drivers/STM32F4xx_HAL_Driver/Inc/Legacy -I../Drivers/CMSIS/Device/ST/STM32F4xx/Include -I../Drivers/CMSIS/Include -O0 -ffunction-sections -fdata-sections -Wall -fstack-usage -MMD -MP -MF"Core/Src/main.d" -MT"Core/Src/main.o" --specs=nano.specs -mfpu=fpv4-sp-d16 -mfloat-abi=hard -mthumb -o "Core/Src/main.o"
arm-none-eabi-gcc -o "BALANCING_ROBOT.elf" @"objects.list"   -mcpu=cortex-m4 -T"C:\Users\Yerkebulan\Dropbox\online course\balancing robot\firmware\BALANCING_ROBOT\STM32F407VGTX_FLASH.ld" --specs=nosys.specs -Wl,-Map="BALANCING_ROBOT.map" -Wl,--gc-sections -static --specs=nano.specs -mfpu=fpv4-sp-d16 -mfloat-abi=hard -mthumb -Wl,--start-group -lc -lm -Wl,--end-group
Finished building target: BALANCING_ROBOT.elf
 
arm-none-eabi-size   BALANCING_ROBOT.elf 
arm-none-eabi-objdump -h -S  BALANCING_ROBOT.elf  > "BALANCING_ROBOT.list"
   text	   data	    bss	    dec	    hex	filename
  26676	    120	   2592	  29388	   72cc	BALANCING_ROBOT.elf
Finished building: default.size.stdout
 
Finished building: BALANCING_ROBOT.list
 
00:39:42 **** Incremental Build of configuration Debug for project BALANCING_ROBOT ****
make -j4 all 
arm-none-eabi-gcc "../Core/Src/main.c" -mcpu=cortex-m4 -std=gnu11 -g3 -DDEBUG -DUSE_HAL_DRIVER -DSTM32F407xx -c -I../Core/Inc -I../Drivers/STM32F4xx_HAL_Driver/Inc -I../Drivers/STM32F4xx_HAL_Driver/Inc/Legacy -I../Drivers/CMSIS/Device/ST/STM32F4xx/Include -I../Drivers/CMSIS/Include -O0 -ffunction-sections -fdata-sections -Wall -fstack-usage -MMD -MP -MF"Core/Src/main.d" -MT"Core/Src/main.o" --specs=nano.specs -mfpu=fpv4-sp-d16 -mfloat-abi=hard -mthumb -o "Core/Src/main.o"
arm-none-eabi-gcc -o "BALANCING_ROBOT.elf" @"objects.list"   -mcpu=cortex-m4 -T"C:\Users\Yerkebulan\Dropbox\online course\balancing robot\firmware\BALANCING_ROBOT\STM32F407VGTX_FLASH.ld" --specs=nosys.specs -Wl,-Map="BALANCING_ROBOT.map" -Wl,--gc-sections -static --specs=nano.specs -mfpu=fpv4-sp-d16 -mfloat-abi=hard -mthumb -Wl,--start-group -lc -lm -Wl,--end-group
Finished building target: BALANCING_ROBOT.elf
 
arm-none-eabi-size   BALANCING_ROBOT.elf 
arm-none-eabi-objdump -h -S  BALANCING_ROBOT.elf  > "BALANCING_ROBOT.list"
   text	   data	    bss	    dec	    hex	filename
  26656	    120	   2592	  29368	   72b8	BALANCING_ROBOT.elf
Finished building: default.size.stdout
 
Finished building: BALANCING_ROBOT.list
 
00:40:56 **** Incremental Build of configuration Debug for project BALANCING_ROBOT ****
make -j4 all 
arm-none-eabi-gcc "../Core/Src/main.c" -mcpu=cortex-m4 -std=gnu11 -g3 -DDEBUG -DUSE_HAL_DRIVER -DSTM32F407xx -c -I../Core/Inc -I../Drivers/STM32F4xx_HAL_Driver/Inc -I../Drivers/STM32F4xx_HAL_Driver/Inc/Legacy -I../Drivers/CMSIS/Device/ST/STM32F4xx/Include -I../Drivers/CMSIS/Include -O0 -ffunction-sections -fdata-sections -Wall -fstack-usage -MMD -MP -MF"Core/Src/main.d" -MT"Core/Src/main.o" --specs=nano.specs -mfpu=fpv4-sp-d16 -mfloat-abi=hard -mthumb -o "Core/Src/main.o"
arm-none-eabi-gcc -o "BALANCING_ROBOT.elf" @"objects.list"   -mcpu=cortex-m4 -T"C:\Users\Yerkebulan\Dropbox\online course\balancing robot\firmware\BALANCING_ROBOT\STM32F407VGTX_FLASH.ld" --specs=nosys.specs -Wl,-Map="BALANCING_ROBOT.map" -Wl,--gc-sections -static --specs=nano.specs -mfpu=fpv4-sp-d16 -mfloat-abi=hard -mthumb -Wl,--start-group -lc -lm -Wl,--end-group
Finished building target: BALANCING_ROBOT.elf
 
arm-none-eabi-size   BALANCING_ROBOT.elf 
arm-none-eabi-objdump -h -S  BALANCING_ROBOT.elf  > "BALANCING_ROBOT.list"
   text	   data	    bss	    dec	    hex	filename
  26664	    120	   2592	  29376	   72c0	BALANCING_ROBOT.elf
Finished building: default.size.stdout
 
Finished building: BALANCING_ROBOT.list
 
00:42:33 **** Incremental Build of configuration Debug for project BALANCING_ROBOT ****
make -j4 all 
arm-none-eabi-gcc "../Core/Src/main.c" -mcpu=cortex-m4 -std=gnu11 -g3 -DDEBUG -DUSE_HAL_DRIVER -DSTM32F407xx -c -I../Core/Inc -I../Drivers/STM32F4xx_HAL_Driver/Inc -I../Drivers/STM32F4xx_HAL_Driver/Inc/Legacy -I../Drivers/CMSIS/Device/ST/STM32F4xx/Include -I../Drivers/CMSIS/Include -O0 -ffunction-sections -fdata-sections -Wall -fstack-usage -MMD -MP -MF"Core/Src/main.d" -MT"Core/Src/main.o" --specs=nano.specs -mfpu=fpv4-sp-d16 -mfloat-abi=hard -mthumb -o "Core/Src/main.o"
arm-none-eabi-gcc -o "BALANCING_ROBOT.elf" @"objects.list"   -mcpu=cortex-m4 -T"C:\Users\Yerkebulan\Dropbox\online course\balancing robot\firmware\BALANCING_ROBOT\STM32F407VGTX_FLASH.ld" --specs=nosys.specs -Wl,-Map="BALANCING_ROBOT.map" -Wl,--gc-sections -static --specs=nano.specs -mfpu=fpv4-sp-d16 -mfloat-abi=hard -mthumb -Wl,--start-group -lc -lm -Wl,--end-group
Finished building target: BALANCING_ROBOT.elf
 
arm-none-eabi-size   BALANCING_ROBOT.elf 
arm-none-eabi-objdump -h -S  BALANCING_ROBOT.elf  > "BALANCING_ROBOT.list"
   text	   data	    bss	    dec	    hex	filename
  26628	    120	   2592	  29340	   729c	BALANCING_ROBOT.elf
Finished building: default.size.stdout
 
Finished building: BALANCING_ROBOT.list
 
00:43:29 **** Incremental Build of configuration Debug for project BALANCING_ROBOT ****
make -j4 all 
arm-none-eabi-gcc "../Core/Src/main.c" -mcpu=cortex-m4 -std=gnu11 -g3 -DDEBUG -DUSE_HAL_DRIVER -DSTM32F407xx -c -I../Core/Inc -I../Drivers/STM32F4xx_HAL_Driver/Inc -I../Drivers/STM32F4xx_HAL_Driver/Inc/Legacy -I../Drivers/CMSIS/Device/ST/STM32F4xx/Include -I../Drivers/CMSIS/Include -O0 -ffunction-sections -fdata-sections -Wall -fstack-usage -MMD -MP -MF"Core/Src/main.d" -MT"Core/Src/main.o" --specs=nano.specs -mfpu=fpv4-sp-d16 -mfloat-abi=hard -mthumb -o "Core/Src/main.o"
arm-none-eabi-gcc -o "BALANCING_ROBOT.elf" @"objects.list"   -mcpu=cortex-m4 -T"C:\Users\Yerkebulan\Dropbox\online course\balancing robot\firmware\BALANCING_ROBOT\STM32F407VGTX_FLASH.ld" --specs=nosys.specs -Wl,-Map="BALANCING_ROBOT.map" -Wl,--gc-sections -static --specs=nano.specs -mfpu=fpv4-sp-d16 -mfloat-abi=hard -mthumb -Wl,--start-group -lc -lm -Wl,--end-group
Finished building target: BALANCING_ROBOT.elf
 
arm-none-eabi-size   BALANCING_ROBOT.elf 
arm-none-eabi-objdump -h -S  BALANCING_ROBOT.elf  > "BALANCING_ROBOT.list"
   text	   data	    bss	    dec	    hex	filename
  26592	    120	   2592	  29304	   7278	BALANCING_ROBOT.elf
Finished building: default.size.stdout
 
Finished building: BALANCING_ROBOT.list
 
22:18:39 **** Build of configuration Debug for project BALANCING_ROBOT ****
make -j4 all 
arm-none-eabi-gcc "../Core/Src/main.c" -mcpu=cortex-m4 -std=gnu11 -g3 -DDEBUG -DUSE_HAL_DRIVER -DSTM32F407xx -c -I../Core/Inc -I../Drivers/STM32F4xx_HAL_Driver/Inc -I../Drivers/STM32F4xx_HAL_Driver/Inc/Legacy -I../Drivers/CMSIS/Device/ST/STM32F4xx/Include -I../Drivers/CMSIS/Include -O0 -ffunction-sections -fdata-sections -Wall -fstack-usage -MMD -MP -MF"Core/Src/main.d" -MT"Core/Src/main.o" --specs=nano.specs -mfpu=fpv4-sp-d16 -mfloat-abi=hard -mthumb -o "Core/Src/main.o"
arm-none-eabi-gcc "../Core/Src/motor.c" -mcpu=cortex-m4 -std=gnu11 -g3 -DDEBUG -DUSE_HAL_DRIVER -DSTM32F407xx -c -I../Core/Inc -I../Drivers/STM32F4xx_HAL_Driver/Inc -I../Drivers/STM32F4xx_HAL_Driver/Inc/Legacy -I../Drivers/CMSIS/Device/ST/STM32F4xx/Include -I../Drivers/CMSIS/Include -O0 -ffunction-sections -fdata-sections -Wall -fstack-usage -MMD -MP -MF"Core/Src/motor.d" -MT"Core/Src/motor.o" --specs=nano.specs -mfpu=fpv4-sp-d16 -mfloat-abi=hard -mthumb -o "Core/Src/motor.o"
arm-none-eabi-gcc "../Core/Src/moving_average_int16.c" -mcpu=cortex-m4 -std=gnu11 -g3 -DDEBUG -DUSE_HAL_DRIVER -DSTM32F407xx -c -I../Core/Inc -I../Drivers/STM32F4xx_HAL_Driver/Inc -I../Drivers/STM32F4xx_HAL_Driver/Inc/Legacy -I../Drivers/CMSIS/Device/ST/STM32F4xx/Include -I../Drivers/CMSIS/Include -O0 -ffunction-sections -fdata-sections -Wall -fstack-usage -MMD -MP -MF"Core/Src/moving_average_int16.d" -MT"Core/Src/moving_average_int16.o" --specs=nano.specs -mfpu=fpv4-sp-d16 -mfloat-abi=hard -mthumb -o "Core/Src/moving_average_int16.o"
../Core/Src/main.c: In function 'HAL_TIM_PeriodElapsedCallback':
../Core/Src/main.c:111:4: warning: implicit declaration of function 'reset_pid' [-Wimplicit-function-declaration]
  111 |    reset_pid(&pid_instance_mot1);
      |    ^~~~~~~~~
At top level:
../Core/Src/main.c:55:46: warning: 'pid_instance_mot2' defined but not used [-Wunused-variable]
   55 | static pid_instance_int16 pid_instance_mot1, pid_instance_mot2;
      |                                              ^~~~~~~~~~~~~~~~~
arm-none-eabi-gcc -o "BALANCING_ROBOT.elf" @"objects.list"   -mcpu=cortex-m4 -T"C:\Users\Yerkebulan\Dropbox\online course\balancing robot\firmware\BALANCING_ROBOT\STM32F407VGTX_FLASH.ld" --specs=nosys.specs -Wl,-Map="BALANCING_ROBOT.map" -Wl,--gc-sections -static --specs=nano.specs -mfpu=fpv4-sp-d16 -mfloat-abi=hard -mthumb -Wl,--start-group -lc -lm -Wl,--end-group
Finished building target: BALANCING_ROBOT.elf
 
arm-none-eabi-size   BALANCING_ROBOT.elf 
arm-none-eabi-objdump -h -S  BALANCING_ROBOT.elf  > "BALANCING_ROBOT.list"
   text	   data	    bss	    dec	    hex	filename
  26472	    120	   2336	  28928	   7100	BALANCING_ROBOT.elf
Finished building: default.size.stdout
 
Finished building: BALANCING_ROBOT.list
 
22:22:07 **** Incremental Build of configuration Debug for project BALANCING_ROBOT ****
make -j4 all 
arm-none-eabi-size   BALANCING_ROBOT.elf 
   text	   data	    bss	    dec	    hex	filename
  26472	    120	   2336	  28928	   7100	BALANCING_ROBOT.elf
Finished building: default.size.stdout
 
22:23:18 **** Incremental Build of configuration Debug for project BALANCING_ROBOT ****
make -j4 all 
arm-none-eabi-gcc "../Core/Src/moving_average_int16.c" -mcpu=cortex-m4 -std=gnu11 -g3 -DDEBUG -DUSE_HAL_DRIVER -DSTM32F407xx -c -I../Core/Inc -I../Drivers/STM32F4xx_HAL_Driver/Inc -I../Drivers/STM32F4xx_HAL_Driver/Inc/Legacy -I../Drivers/CMSIS/Device/ST/STM32F4xx/Include -I../Drivers/CMSIS/Include -O0 -ffunction-sections -fdata-sections -Wall -fstack-usage -MMD -MP -MF"Core/Src/moving_average_int16.d" -MT"Core/Src/moving_average_int16.o" --specs=nano.specs -mfpu=fpv4-sp-d16 -mfloat-abi=hard -mthumb -o "Core/Src/moving_average_int16.o"
arm-none-eabi-gcc -o "BALANCING_ROBOT.elf" @"objects.list"   -mcpu=cortex-m4 -T"C:\Users\Yerkebulan\Dropbox\online course\balancing robot\firmware\BALANCING_ROBOT\STM32F407VGTX_FLASH.ld" --specs=nosys.specs -Wl,-Map="BALANCING_ROBOT.map" -Wl,--gc-sections -static --specs=nano.specs -mfpu=fpv4-sp-d16 -mfloat-abi=hard -mthumb -Wl,--start-group -lc -lm -Wl,--end-group
Finished building target: BALANCING_ROBOT.elf
 
arm-none-eabi-size   BALANCING_ROBOT.elf 
arm-none-eabi-objdump -h -S  BALANCING_ROBOT.elf  > "BALANCING_ROBOT.list"
   text	   data	    bss	    dec	    hex	filename
  26456	    120	   2336	  28912	   70f0	BALANCING_ROBOT.elf
Finished building: default.size.stdout
 
Finished building: BALANCING_ROBOT.list
 
22:59:54 **** Incremental Build of configuration Debug for project BALANCING_ROBOT ****
make -j4 all 
arm-none-eabi-gcc "../Drivers/STM32F4xx_HAL_Driver/Src/stm32f4xx_hal.c" -mcpu=cortex-m4 -std=gnu11 -g3 -DDEBUG -DUSE_HAL_DRIVER -DSTM32F407xx -c -I../Core/Inc -I../Drivers/STM32F4xx_HAL_Driver/Inc -I../Drivers/STM32F4xx_HAL_Driver/Inc/Legacy -I../Drivers/CMSIS/Device/ST/STM32F4xx/Include -I../Drivers/CMSIS/Include -O0 -ffunction-sections -fdata-sections -Wall -fstack-usage -MMD -MP -MF"Drivers/STM32F4xx_HAL_Driver/Src/stm32f4xx_hal.d" -MT"Drivers/STM32F4xx_HAL_Driver/Src/stm32f4xx_hal.o" --specs=nano.specs -mfpu=fpv4-sp-d16 -mfloat-abi=hard -mthumb -o "Drivers/STM32F4xx_HAL_Driver/Src/stm32f4xx_hal.o"
arm-none-eabi-gcc "../Drivers/STM32F4xx_HAL_Driver/Src/stm32f4xx_hal_cortex.c" -mcpu=cortex-m4 -std=gnu11 -g3 -DDEBUG -DUSE_HAL_DRIVER -DSTM32F407xx -c -I../Core/Inc -I../Drivers/STM32F4xx_HAL_Driver/Inc -I../Drivers/STM32F4xx_HAL_Driver/Inc/Legacy -I../Drivers/CMSIS/Device/ST/STM32F4xx/Include -I../Drivers/CMSIS/Include -O0 -ffunction-sections -fdata-sections -Wall -fstack-usage -MMD -MP -MF"Drivers/STM32F4xx_HAL_Driver/Src/stm32f4xx_hal_cortex.d" -MT"Drivers/STM32F4xx_HAL_Driver/Src/stm32f4xx_hal_cortex.o" --specs=nano.specs -mfpu=fpv4-sp-d16 -mfloat-abi=hard -mthumb -o "Drivers/STM32F4xx_HAL_Driver/Src/stm32f4xx_hal_cortex.o"
arm-none-eabi-gcc "../Drivers/STM32F4xx_HAL_Driver/Src/stm32f4xx_hal_dma.c" -mcpu=cortex-m4 -std=gnu11 -g3 -DDEBUG -DUSE_HAL_DRIVER -DSTM32F407xx -c -I../Core/Inc -I../Drivers/STM32F4xx_HAL_Driver/Inc -I../Drivers/STM32F4xx_HAL_Driver/Inc/Legacy -I../Drivers/CMSIS/Device/ST/STM32F4xx/Include -I../Drivers/CMSIS/Include -O0 -ffunction-sections -fdata-sections -Wall -fstack-usage -MMD -MP -MF"Drivers/STM32F4xx_HAL_Driver/Src/stm32f4xx_hal_dma.d" -MT"Drivers/STM32F4xx_HAL_Driver/Src/stm32f4xx_hal_dma.o" --specs=nano.specs -mfpu=fpv4-sp-d16 -mfloat-abi=hard -mthumb -o "Drivers/STM32F4xx_HAL_Driver/Src/stm32f4xx_hal_dma.o"
arm-none-eabi-gcc "../Drivers/STM32F4xx_HAL_Driver/Src/stm32f4xx_hal_dma_ex.c" -mcpu=cortex-m4 -std=gnu11 -g3 -DDEBUG -DUSE_HAL_DRIVER -DSTM32F407xx -c -I../Core/Inc -I../Drivers/STM32F4xx_HAL_Driver/Inc -I../Drivers/STM32F4xx_HAL_Driver/Inc/Legacy -I../Drivers/CMSIS/Device/ST/STM32F4xx/Include -I../Drivers/CMSIS/Include -O0 -ffunction-sections -fdata-sections -Wall -fstack-usage -MMD -MP -MF"Drivers/STM32F4xx_HAL_Driver/Src/stm32f4xx_hal_dma_ex.d" -MT"Drivers/STM32F4xx_HAL_Driver/Src/stm32f4xx_hal_dma_ex.o" --specs=nano.specs -mfpu=fpv4-sp-d16 -mfloat-abi=hard -mthumb -o "Drivers/STM32F4xx_HAL_Driver/Src/stm32f4xx_hal_dma_ex.o"
arm-none-eabi-gcc "../Drivers/STM32F4xx_HAL_Driver/Src/stm32f4xx_hal_exti.c" -mcpu=cortex-m4 -std=gnu11 -g3 -DDEBUG -DUSE_HAL_DRIVER -DSTM32F407xx -c -I../Core/Inc -I../Drivers/STM32F4xx_HAL_Driver/Inc -I../Drivers/STM32F4xx_HAL_Driver/Inc/Legacy -I../Drivers/CMSIS/Device/ST/STM32F4xx/Include -I../Drivers/CMSIS/Include -O0 -ffunction-sections -fdata-sections -Wall -fstack-usage -MMD -MP -MF"Drivers/STM32F4xx_HAL_Driver/Src/stm32f4xx_hal_exti.d" -MT"Drivers/STM32F4xx_HAL_Driver/Src/stm32f4xx_hal_exti.o" --specs=nano.specs -mfpu=fpv4-sp-d16 -mfloat-abi=hard -mthumb -o "Drivers/STM32F4xx_HAL_Driver/Src/stm32f4xx_hal_exti.o"
arm-none-eabi-gcc "../Drivers/STM32F4xx_HAL_Driver/Src/stm32f4xx_hal_flash.c" -mcpu=cortex-m4 -std=gnu11 -g3 -DDEBUG -DUSE_HAL_DRIVER -DSTM32F407xx -c -I../Core/Inc -I../Drivers/STM32F4xx_HAL_Driver/Inc -I../Drivers/STM32F4xx_HAL_Driver/Inc/Legacy -I../Drivers/CMSIS/Device/ST/STM32F4xx/Include -I../Drivers/CMSIS/Include -O0 -ffunction-sections -fdata-sections -Wall -fstack-usage -MMD -MP -MF"Drivers/STM32F4xx_HAL_Driver/Src/stm32f4xx_hal_flash.d" -MT"Drivers/STM32F4xx_HAL_Driver/Src/stm32f4xx_hal_flash.o" --specs=nano.specs -mfpu=fpv4-sp-d16 -mfloat-abi=hard -mthumb -o "Drivers/STM32F4xx_HAL_Driver/Src/stm32f4xx_hal_flash.o"
arm-none-eabi-gcc "../Drivers/STM32F4xx_HAL_Driver/Src/stm32f4xx_hal_flash_ex.c" -mcpu=cortex-m4 -std=gnu11 -g3 -DDEBUG -DUSE_HAL_DRIVER -DSTM32F407xx -c -I../Core/Inc -I../Drivers/STM32F4xx_HAL_Driver/Inc -I../Drivers/STM32F4xx_HAL_Driver/Inc/Legacy -I../Drivers/CMSIS/Device/ST/STM32F4xx/Include -I../Drivers/CMSIS/Include -O0 -ffunction-sections -fdata-sections -Wall -fstack-usage -MMD -MP -MF"Drivers/STM32F4xx_HAL_Driver/Src/stm32f4xx_hal_flash_ex.d" -MT"Drivers/STM32F4xx_HAL_Driver/Src/stm32f4xx_hal_flash_ex.o" --specs=nano.specs -mfpu=fpv4-sp-d16 -mfloat-abi=hard -mthumb -o "Drivers/STM32F4xx_HAL_Driver/Src/stm32f4xx_hal_flash_ex.o"
arm-none-eabi-gcc "../Drivers/STM32F4xx_HAL_Driver/Src/stm32f4xx_hal_flash_ramfunc.c" -mcpu=cortex-m4 -std=gnu11 -g3 -DDEBUG -DUSE_HAL_DRIVER -DSTM32F407xx -c -I../Core/Inc -I../Drivers/STM32F4xx_HAL_Driver/Inc -I../Drivers/STM32F4xx_HAL_Driver/Inc/Legacy -I../Drivers/CMSIS/Device/ST/STM32F4xx/Include -I../Drivers/CMSIS/Include -O0 -ffunction-sections -fdata-sections -Wall -fstack-usage -MMD -MP -MF"Drivers/STM32F4xx_HAL_Driver/Src/stm32f4xx_hal_flash_ramfunc.d" -MT"Drivers/STM32F4xx_HAL_Driver/Src/stm32f4xx_hal_flash_ramfunc.o" --specs=nano.specs -mfpu=fpv4-sp-d16 -mfloat-abi=hard -mthumb -o "Drivers/STM32F4xx_HAL_Driver/Src/stm32f4xx_hal_flash_ramfunc.o"
arm-none-eabi-gcc "../Drivers/STM32F4xx_HAL_Driver/Src/stm32f4xx_hal_gpio.c" -mcpu=cortex-m4 -std=gnu11 -g3 -DDEBUG -DUSE_HAL_DRIVER -DSTM32F407xx -c -I../Core/Inc -I../Drivers/STM32F4xx_HAL_Driver/Inc -I../Drivers/STM32F4xx_HAL_Driver/Inc/Legacy -I../Drivers/CMSIS/Device/ST/STM32F4xx/Include -I../Drivers/CMSIS/Include -O0 -ffunction-sections -fdata-sections -Wall -fstack-usage -MMD -MP -MF"Drivers/STM32F4xx_HAL_Driver/Src/stm32f4xx_hal_gpio.d" -MT"Drivers/STM32F4xx_HAL_Driver/Src/stm32f4xx_hal_gpio.o" --specs=nano.specs -mfpu=fpv4-sp-d16 -mfloat-abi=hard -mthumb -o "Drivers/STM32F4xx_HAL_Driver/Src/stm32f4xx_hal_gpio.o"
arm-none-eabi-gcc "../Drivers/STM32F4xx_HAL_Driver/Src/stm32f4xx_hal_pwr.c" -mcpu=cortex-m4 -std=gnu11 -g3 -DDEBUG -DUSE_HAL_DRIVER -DSTM32F407xx -c -I../Core/Inc -I../Drivers/STM32F4xx_HAL_Driver/Inc -I../Drivers/STM32F4xx_HAL_Driver/Inc/Legacy -I../Drivers/CMSIS/Device/ST/STM32F4xx/Include -I../Drivers/CMSIS/Include -O0 -ffunction-sections -fdata-sections -Wall -fstack-usage -MMD -MP -MF"Drivers/STM32F4xx_HAL_Driver/Src/stm32f4xx_hal_pwr.d" -MT"Drivers/STM32F4xx_HAL_Driver/Src/stm32f4xx_hal_pwr.o" --specs=nano.specs -mfpu=fpv4-sp-d16 -mfloat-abi=hard -mthumb -o "Drivers/STM32F4xx_HAL_Driver/Src/stm32f4xx_hal_pwr.o"
arm-none-eabi-gcc "../Drivers/STM32F4xx_HAL_Driver/Src/stm32f4xx_hal_pwr_ex.c" -mcpu=cortex-m4 -std=gnu11 -g3 -DDEBUG -DUSE_HAL_DRIVER -DSTM32F407xx -c -I../Core/Inc -I../Drivers/STM32F4xx_HAL_Driver/Inc -I../Drivers/STM32F4xx_HAL_Driver/Inc/Legacy -I../Drivers/CMSIS/Device/ST/STM32F4xx/Include -I../Drivers/CMSIS/Include -O0 -ffunction-sections -fdata-sections -Wall -fstack-usage -MMD -MP -MF"Drivers/STM32F4xx_HAL_Driver/Src/stm32f4xx_hal_pwr_ex.d" -MT"Drivers/STM32F4xx_HAL_Driver/Src/stm32f4xx_hal_pwr_ex.o" --specs=nano.specs -mfpu=fpv4-sp-d16 -mfloat-abi=hard -mthumb -o "Drivers/STM32F4xx_HAL_Driver/Src/stm32f4xx_hal_pwr_ex.o"
arm-none-eabi-gcc "../Drivers/STM32F4xx_HAL_Driver/Src/stm32f4xx_hal_rcc.c" -mcpu=cortex-m4 -std=gnu11 -g3 -DDEBUG -DUSE_HAL_DRIVER -DSTM32F407xx -c -I../Core/Inc -I../Drivers/STM32F4xx_HAL_Driver/Inc -I../Drivers/STM32F4xx_HAL_Driver/Inc/Legacy -I../Drivers/CMSIS/Device/ST/STM32F4xx/Include -I../Drivers/CMSIS/Include -O0 -ffunction-sections -fdata-sections -Wall -fstack-usage -MMD -MP -MF"Drivers/STM32F4xx_HAL_Driver/Src/stm32f4xx_hal_rcc.d" -MT"Drivers/STM32F4xx_HAL_Driver/Src/stm32f4xx_hal_rcc.o" --specs=nano.specs -mfpu=fpv4-sp-d16 -mfloat-abi=hard -mthumb -o "Drivers/STM32F4xx_HAL_Driver/Src/stm32f4xx_hal_rcc.o"
arm-none-eabi-gcc "../Drivers/STM32F4xx_HAL_Driver/Src/stm32f4xx_hal_rcc_ex.c" -mcpu=cortex-m4 -std=gnu11 -g3 -DDEBUG -DUSE_HAL_DRIVER -DSTM32F407xx -c -I../Core/Inc -I../Drivers/STM32F4xx_HAL_Driver/Inc -I../Drivers/STM32F4xx_HAL_Driver/Inc/Legacy -I../Drivers/CMSIS/Device/ST/STM32F4xx/Include -I../Drivers/CMSIS/Include -O0 -ffunction-sections -fdata-sections -Wall -fstack-usage -MMD -MP -MF"Drivers/STM32F4xx_HAL_Driver/Src/stm32f4xx_hal_rcc_ex.d" -MT"Drivers/STM32F4xx_HAL_Driver/Src/stm32f4xx_hal_rcc_ex.o" --specs=nano.specs -mfpu=fpv4-sp-d16 -mfloat-abi=hard -mthumb -o "Drivers/STM32F4xx_HAL_Driver/Src/stm32f4xx_hal_rcc_ex.o"
arm-none-eabi-gcc "../Drivers/STM32F4xx_HAL_Driver/Src/stm32f4xx_hal_tim.c" -mcpu=cortex-m4 -std=gnu11 -g3 -DDEBUG -DUSE_HAL_DRIVER -DSTM32F407xx -c -I../Core/Inc -I../Drivers/STM32F4xx_HAL_Driver/Inc -I../Drivers/STM32F4xx_HAL_Driver/Inc/Legacy -I../Drivers/CMSIS/Device/ST/STM32F4xx/Include -I../Drivers/CMSIS/Include -O0 -ffunction-sections -fdata-sections -Wall -fstack-usage -MMD -MP -MF"Drivers/STM32F4xx_HAL_Driver/Src/stm32f4xx_hal_tim.d" -MT"Drivers/STM32F4xx_HAL_Driver/Src/stm32f4xx_hal_tim.o" --specs=nano.specs -mfpu=fpv4-sp-d16 -mfloat-abi=hard -mthumb -o "Drivers/STM32F4xx_HAL_Driver/Src/stm32f4xx_hal_tim.o"
arm-none-eabi-gcc "../Drivers/STM32F4xx_HAL_Driver/Src/stm32f4xx_hal_tim_ex.c" -mcpu=cortex-m4 -std=gnu11 -g3 -DDEBUG -DUSE_HAL_DRIVER -DSTM32F407xx -c -I../Core/Inc -I../Drivers/STM32F4xx_HAL_Driver/Inc -I../Drivers/STM32F4xx_HAL_Driver/Inc/Legacy -I../Drivers/CMSIS/Device/ST/STM32F4xx/Include -I../Drivers/CMSIS/Include -O0 -ffunction-sections -fdata-sections -Wall -fstack-usage -MMD -MP -MF"Drivers/STM32F4xx_HAL_Driver/Src/stm32f4xx_hal_tim_ex.d" -MT"Drivers/STM32F4xx_HAL_Driver/Src/stm32f4xx_hal_tim_ex.o" --specs=nano.specs -mfpu=fpv4-sp-d16 -mfloat-abi=hard -mthumb -o "Drivers/STM32F4xx_HAL_Driver/Src/stm32f4xx_hal_tim_ex.o"
arm-none-eabi-gcc "../Drivers/STM32F4xx_HAL_Driver/Src/stm32f4xx_hal_uart.c" -mcpu=cortex-m4 -std=gnu11 -g3 -DDEBUG -DUSE_HAL_DRIVER -DSTM32F407xx -c -I../Core/Inc -I../Drivers/STM32F4xx_HAL_Driver/Inc -I../Drivers/STM32F4xx_HAL_Driver/Inc/Legacy -I../Drivers/CMSIS/Device/ST/STM32F4xx/Include -I../Drivers/CMSIS/Include -O0 -ffunction-sections -fdata-sections -Wall -fstack-usage -MMD -MP -MF"Drivers/STM32F4xx_HAL_Driver/Src/stm32f4xx_hal_uart.d" -MT"Drivers/STM32F4xx_HAL_Driver/Src/stm32f4xx_hal_uart.o" --specs=nano.specs -mfpu=fpv4-sp-d16 -mfloat-abi=hard -mthumb -o "Drivers/STM32F4xx_HAL_Driver/Src/stm32f4xx_hal_uart.o"
arm-none-eabi-gcc "../Core/Src/main.c" -mcpu=cortex-m4 -std=gnu11 -g3 -DDEBUG -DUSE_HAL_DRIVER -DSTM32F407xx -c -I../Core/Inc -I../Drivers/STM32F4xx_HAL_Driver/Inc -I../Drivers/STM32F4xx_HAL_Driver/Inc/Legacy -I../Drivers/CMSIS/Device/ST/STM32F4xx/Include -I../Drivers/CMSIS/Include -O0 -ffunction-sections -fdata-sections -Wall -fstack-usage -MMD -MP -MF"Core/Src/main.d" -MT"Core/Src/main.o" --specs=nano.specs -mfpu=fpv4-sp-d16 -mfloat-abi=hard -mthumb -o "Core/Src/main.o"
arm-none-eabi-gcc "../Core/Src/motor.c" -mcpu=cortex-m4 -std=gnu11 -g3 -DDEBUG -DUSE_HAL_DRIVER -DSTM32F407xx -c -I../Core/Inc -I../Drivers/STM32F4xx_HAL_Driver/Inc -I../Drivers/STM32F4xx_HAL_Driver/Inc/Legacy -I../Drivers/CMSIS/Device/ST/STM32F4xx/Include -I../Drivers/CMSIS/Include -O0 -ffunction-sections -fdata-sections -Wall -fstack-usage -MMD -MP -MF"Core/Src/motor.d" -MT"Core/Src/motor.o" --specs=nano.specs -mfpu=fpv4-sp-d16 -mfloat-abi=hard -mthumb -o "Core/Src/motor.o"
../Core/Src/main.c: In function 'HAL_TIM_PeriodElapsedCallback':
../Core/Src/main.c:111:4: warning: implicit declaration of function 'reset_pid' [-Wimplicit-function-declaration]
  111 |    reset_pid(&pid_instance_mot1);
      |    ^~~~~~~~~
arm-none-eabi-gcc "../Core/Src/motor_encoder.c" -mcpu=cortex-m4 -std=gnu11 -g3 -DDEBUG -DUSE_HAL_DRIVER -DSTM32F407xx -c -I../Core/Inc -I../Drivers/STM32F4xx_HAL_Driver/Inc -I../Drivers/STM32F4xx_HAL_Driver/Inc/Legacy -I../Drivers/CMSIS/Device/ST/STM32F4xx/Include -I../Drivers/CMSIS/Include -O0 -ffunction-sections -fdata-sections -Wall -fstack-usage -MMD -MP -MF"Core/Src/motor_encoder.d" -MT"Core/Src/motor_encoder.o" --specs=nano.specs -mfpu=fpv4-sp-d16 -mfloat-abi=hard -mthumb -o "Core/Src/motor_encoder.o"
arm-none-eabi-gcc "../Core/Src/stm32f4xx_hal_msp.c" -mcpu=cortex-m4 -std=gnu11 -g3 -DDEBUG -DUSE_HAL_DRIVER -DSTM32F407xx -c -I../Core/Inc -I../Drivers/STM32F4xx_HAL_Driver/Inc -I../Drivers/STM32F4xx_HAL_Driver/Inc/Legacy -I../Drivers/CMSIS/Device/ST/STM32F4xx/Include -I../Drivers/CMSIS/Include -O0 -ffunction-sections -fdata-sections -Wall -fstack-usage -MMD -MP -MF"Core/Src/stm32f4xx_hal_msp.d" -MT"Core/Src/stm32f4xx_hal_msp.o" --specs=nano.specs -mfpu=fpv4-sp-d16 -mfloat-abi=hard -mthumb -o "Core/Src/stm32f4xx_hal_msp.o"
At top level:
../Core/Src/main.c:55:46: warning: 'pid_instance_mot2' defined but not used [-Wunused-variable]
   55 | static pid_instance_int16 pid_instance_mot1, pid_instance_mot2;
      |                                              ^~~~~~~~~~~~~~~~~
arm-none-eabi-gcc "../Core/Src/stm32f4xx_it.c" -mcpu=cortex-m4 -std=gnu11 -g3 -DDEBUG -DUSE_HAL_DRIVER -DSTM32F407xx -c -I../Core/Inc -I../Drivers/STM32F4xx_HAL_Driver/Inc -I../Drivers/STM32F4xx_HAL_Driver/Inc/Legacy -I../Drivers/CMSIS/Device/ST/STM32F4xx/Include -I../Drivers/CMSIS/Include -O0 -ffunction-sections -fdata-sections -Wall -fstack-usage -MMD -MP -MF"Core/Src/stm32f4xx_it.d" -MT"Core/Src/stm32f4xx_it.o" --specs=nano.specs -mfpu=fpv4-sp-d16 -mfloat-abi=hard -mthumb -o "Core/Src/stm32f4xx_it.o"
arm-none-eabi-gcc "../Core/Src/system_stm32f4xx.c" -mcpu=cortex-m4 -std=gnu11 -g3 -DDEBUG -DUSE_HAL_DRIVER -DSTM32F407xx -c -I../Core/Inc -I../Drivers/STM32F4xx_HAL_Driver/Inc -I../Drivers/STM32F4xx_HAL_Driver/Inc/Legacy -I../Drivers/CMSIS/Device/ST/STM32F4xx/Include -I../Drivers/CMSIS/Include -O0 -ffunction-sections -fdata-sections -Wall -fstack-usage -MMD -MP -MF"Core/Src/system_stm32f4xx.d" -MT"Core/Src/system_stm32f4xx.o" --specs=nano.specs -mfpu=fpv4-sp-d16 -mfloat-abi=hard -mthumb -o "Core/Src/system_stm32f4xx.o"
arm-none-eabi-gcc -o "BALANCING_ROBOT.elf" @"objects.list"   -mcpu=cortex-m4 -T"C:\Users\Yerkebulan\Dropbox\online course\balancing robot\firmware\BALANCING_ROBOT\STM32F407VGTX_FLASH.ld" --specs=nosys.specs -Wl,-Map="BALANCING_ROBOT.map" -Wl,--gc-sections -static --specs=nano.specs -mfpu=fpv4-sp-d16 -mfloat-abi=hard -mthumb -Wl,--start-group -lc -lm -Wl,--end-group
Finished building target: BALANCING_ROBOT.elf
 
arm-none-eabi-size   BALANCING_ROBOT.elf 
arm-none-eabi-objdump -h -S  BALANCING_ROBOT.elf  > "BALANCING_ROBOT.list"
   text	   data	    bss	    dec	    hex	filename
  26444	    120	   2336	  28900	   70e4	BALANCING_ROBOT.elf
Finished building: default.size.stdout
 
Finished building: BALANCING_ROBOT.list
 
23:01:47 **** Incremental Build of configuration Debug for project BALANCING_ROBOT ****
make -j4 all 
arm-none-eabi-gcc "../Core/Src/main.c" -mcpu=cortex-m4 -std=gnu11 -g3 -DDEBUG -DUSE_HAL_DRIVER -DSTM32F407xx -c -I../Core/Inc -I../Drivers/STM32F4xx_HAL_Driver/Inc -I../Drivers/STM32F4xx_HAL_Driver/Inc/Legacy -I../Drivers/CMSIS/Device/ST/STM32F4xx/Include -I../Drivers/CMSIS/Include -O0 -ffunction-sections -fdata-sections -Wall -fstack-usage -MMD -MP -MF"Core/Src/main.d" -MT"Core/Src/main.o" --specs=nano.specs -mfpu=fpv4-sp-d16 -mfloat-abi=hard -mthumb -o "Core/Src/main.o"
../Core/Src/main.c: In function 'HAL_TIM_PeriodElapsedCallback':
../Core/Src/main.c:111:4: warning: implicit declaration of function 'reset_pid' [-Wimplicit-function-declaration]
  111 |    reset_pid(&pid_instance_mot1);
      |    ^~~~~~~~~
At top level:
../Core/Src/main.c:55:46: warning: 'pid_instance_mot2' defined but not used [-Wunused-variable]
   55 | static pid_instance_int16 pid_instance_mot1, pid_instance_mot2;
      |                                              ^~~~~~~~~~~~~~~~~
arm-none-eabi-gcc -o "BALANCING_ROBOT.elf" @"objects.list"   -mcpu=cortex-m4 -T"C:\Users\Yerkebulan\Dropbox\online course\balancing robot\firmware\BALANCING_ROBOT\STM32F407VGTX_FLASH.ld" --specs=nosys.specs -Wl,-Map="BALANCING_ROBOT.map" -Wl,--gc-sections -static --specs=nano.specs -mfpu=fpv4-sp-d16 -mfloat-abi=hard -mthumb -Wl,--start-group -lc -lm -Wl,--end-group
Finished building target: BALANCING_ROBOT.elf
 
arm-none-eabi-size   BALANCING_ROBOT.elf 
arm-none-eabi-objdump -h -S  BALANCING_ROBOT.elf  > "BALANCING_ROBOT.list"
   text	   data	    bss	    dec	    hex	filename
  26444	    120	   2336	  28900	   70e4	BALANCING_ROBOT.elf
Finished building: default.size.stdout
 
Finished building: BALANCING_ROBOT.list
 
23:14:03 **** Incremental Build of configuration Debug for project BALANCING_ROBOT ****
make -j4 all 
arm-none-eabi-gcc "../Drivers/STM32F4xx_HAL_Driver/Src/stm32f4xx_hal.c" -mcpu=cortex-m4 -std=gnu11 -g3 -DDEBUG -DUSE_HAL_DRIVER -DSTM32F407xx -c -I../Core/Inc -I../Drivers/STM32F4xx_HAL_Driver/Inc -I../Drivers/STM32F4xx_HAL_Driver/Inc/Legacy -I../Drivers/CMSIS/Device/ST/STM32F4xx/Include -I../Drivers/CMSIS/Include -O0 -ffunction-sections -fdata-sections -Wall -fstack-usage -MMD -MP -MF"Drivers/STM32F4xx_HAL_Driver/Src/stm32f4xx_hal.d" -MT"Drivers/STM32F4xx_HAL_Driver/Src/stm32f4xx_hal.o" --specs=nano.specs -mfpu=fpv4-sp-d16 -mfloat-abi=hard -mthumb -o "Drivers/STM32F4xx_HAL_Driver/Src/stm32f4xx_hal.o"
arm-none-eabi-gcc "../Drivers/STM32F4xx_HAL_Driver/Src/stm32f4xx_hal_cortex.c" -mcpu=cortex-m4 -std=gnu11 -g3 -DDEBUG -DUSE_HAL_DRIVER -DSTM32F407xx -c -I../Core/Inc -I../Drivers/STM32F4xx_HAL_Driver/Inc -I../Drivers/STM32F4xx_HAL_Driver/Inc/Legacy -I../Drivers/CMSIS/Device/ST/STM32F4xx/Include -I../Drivers/CMSIS/Include -O0 -ffunction-sections -fdata-sections -Wall -fstack-usage -MMD -MP -MF"Drivers/STM32F4xx_HAL_Driver/Src/stm32f4xx_hal_cortex.d" -MT"Drivers/STM32F4xx_HAL_Driver/Src/stm32f4xx_hal_cortex.o" --specs=nano.specs -mfpu=fpv4-sp-d16 -mfloat-abi=hard -mthumb -o "Drivers/STM32F4xx_HAL_Driver/Src/stm32f4xx_hal_cortex.o"
arm-none-eabi-gcc "../Drivers/STM32F4xx_HAL_Driver/Src/stm32f4xx_hal_dma.c" -mcpu=cortex-m4 -std=gnu11 -g3 -DDEBUG -DUSE_HAL_DRIVER -DSTM32F407xx -c -I../Core/Inc -I../Drivers/STM32F4xx_HAL_Driver/Inc -I../Drivers/STM32F4xx_HAL_Driver/Inc/Legacy -I../Drivers/CMSIS/Device/ST/STM32F4xx/Include -I../Drivers/CMSIS/Include -O0 -ffunction-sections -fdata-sections -Wall -fstack-usage -MMD -MP -MF"Drivers/STM32F4xx_HAL_Driver/Src/stm32f4xx_hal_dma.d" -MT"Drivers/STM32F4xx_HAL_Driver/Src/stm32f4xx_hal_dma.o" --specs=nano.specs -mfpu=fpv4-sp-d16 -mfloat-abi=hard -mthumb -o "Drivers/STM32F4xx_HAL_Driver/Src/stm32f4xx_hal_dma.o"
arm-none-eabi-gcc "../Drivers/STM32F4xx_HAL_Driver/Src/stm32f4xx_hal_dma_ex.c" -mcpu=cortex-m4 -std=gnu11 -g3 -DDEBUG -DUSE_HAL_DRIVER -DSTM32F407xx -c -I../Core/Inc -I../Drivers/STM32F4xx_HAL_Driver/Inc -I../Drivers/STM32F4xx_HAL_Driver/Inc/Legacy -I../Drivers/CMSIS/Device/ST/STM32F4xx/Include -I../Drivers/CMSIS/Include -O0 -ffunction-sections -fdata-sections -Wall -fstack-usage -MMD -MP -MF"Drivers/STM32F4xx_HAL_Driver/Src/stm32f4xx_hal_dma_ex.d" -MT"Drivers/STM32F4xx_HAL_Driver/Src/stm32f4xx_hal_dma_ex.o" --specs=nano.specs -mfpu=fpv4-sp-d16 -mfloat-abi=hard -mthumb -o "Drivers/STM32F4xx_HAL_Driver/Src/stm32f4xx_hal_dma_ex.o"
arm-none-eabi-gcc "../Drivers/STM32F4xx_HAL_Driver/Src/stm32f4xx_hal_exti.c" -mcpu=cortex-m4 -std=gnu11 -g3 -DDEBUG -DUSE_HAL_DRIVER -DSTM32F407xx -c -I../Core/Inc -I../Drivers/STM32F4xx_HAL_Driver/Inc -I../Drivers/STM32F4xx_HAL_Driver/Inc/Legacy -I../Drivers/CMSIS/Device/ST/STM32F4xx/Include -I../Drivers/CMSIS/Include -O0 -ffunction-sections -fdata-sections -Wall -fstack-usage -MMD -MP -MF"Drivers/STM32F4xx_HAL_Driver/Src/stm32f4xx_hal_exti.d" -MT"Drivers/STM32F4xx_HAL_Driver/Src/stm32f4xx_hal_exti.o" --specs=nano.specs -mfpu=fpv4-sp-d16 -mfloat-abi=hard -mthumb -o "Drivers/STM32F4xx_HAL_Driver/Src/stm32f4xx_hal_exti.o"
arm-none-eabi-gcc "../Drivers/STM32F4xx_HAL_Driver/Src/stm32f4xx_hal_flash.c" -mcpu=cortex-m4 -std=gnu11 -g3 -DDEBUG -DUSE_HAL_DRIVER -DSTM32F407xx -c -I../Core/Inc -I../Drivers/STM32F4xx_HAL_Driver/Inc -I../Drivers/STM32F4xx_HAL_Driver/Inc/Legacy -I../Drivers/CMSIS/Device/ST/STM32F4xx/Include -I../Drivers/CMSIS/Include -O0 -ffunction-sections -fdata-sections -Wall -fstack-usage -MMD -MP -MF"Drivers/STM32F4xx_HAL_Driver/Src/stm32f4xx_hal_flash.d" -MT"Drivers/STM32F4xx_HAL_Driver/Src/stm32f4xx_hal_flash.o" --specs=nano.specs -mfpu=fpv4-sp-d16 -mfloat-abi=hard -mthumb -o "Drivers/STM32F4xx_HAL_Driver/Src/stm32f4xx_hal_flash.o"
arm-none-eabi-gcc "../Drivers/STM32F4xx_HAL_Driver/Src/stm32f4xx_hal_flash_ex.c" -mcpu=cortex-m4 -std=gnu11 -g3 -DDEBUG -DUSE_HAL_DRIVER -DSTM32F407xx -c -I../Core/Inc -I../Drivers/STM32F4xx_HAL_Driver/Inc -I../Drivers/STM32F4xx_HAL_Driver/Inc/Legacy -I../Drivers/CMSIS/Device/ST/STM32F4xx/Include -I../Drivers/CMSIS/Include -O0 -ffunction-sections -fdata-sections -Wall -fstack-usage -MMD -MP -MF"Drivers/STM32F4xx_HAL_Driver/Src/stm32f4xx_hal_flash_ex.d" -MT"Drivers/STM32F4xx_HAL_Driver/Src/stm32f4xx_hal_flash_ex.o" --specs=nano.specs -mfpu=fpv4-sp-d16 -mfloat-abi=hard -mthumb -o "Drivers/STM32F4xx_HAL_Driver/Src/stm32f4xx_hal_flash_ex.o"
arm-none-eabi-gcc "../Drivers/STM32F4xx_HAL_Driver/Src/stm32f4xx_hal_flash_ramfunc.c" -mcpu=cortex-m4 -std=gnu11 -g3 -DDEBUG -DUSE_HAL_DRIVER -DSTM32F407xx -c -I../Core/Inc -I../Drivers/STM32F4xx_HAL_Driver/Inc -I../Drivers/STM32F4xx_HAL_Driver/Inc/Legacy -I../Drivers/CMSIS/Device/ST/STM32F4xx/Include -I../Drivers/CMSIS/Include -O0 -ffunction-sections -fdata-sections -Wall -fstack-usage -MMD -MP -MF"Drivers/STM32F4xx_HAL_Driver/Src/stm32f4xx_hal_flash_ramfunc.d" -MT"Drivers/STM32F4xx_HAL_Driver/Src/stm32f4xx_hal_flash_ramfunc.o" --specs=nano.specs -mfpu=fpv4-sp-d16 -mfloat-abi=hard -mthumb -o "Drivers/STM32F4xx_HAL_Driver/Src/stm32f4xx_hal_flash_ramfunc.o"
arm-none-eabi-gcc "../Drivers/STM32F4xx_HAL_Driver/Src/stm32f4xx_hal_gpio.c" -mcpu=cortex-m4 -std=gnu11 -g3 -DDEBUG -DUSE_HAL_DRIVER -DSTM32F407xx -c -I../Core/Inc -I../Drivers/STM32F4xx_HAL_Driver/Inc -I../Drivers/STM32F4xx_HAL_Driver/Inc/Legacy -I../Drivers/CMSIS/Device/ST/STM32F4xx/Include -I../Drivers/CMSIS/Include -O0 -ffunction-sections -fdata-sections -Wall -fstack-usage -MMD -MP -MF"Drivers/STM32F4xx_HAL_Driver/Src/stm32f4xx_hal_gpio.d" -MT"Drivers/STM32F4xx_HAL_Driver/Src/stm32f4xx_hal_gpio.o" --specs=nano.specs -mfpu=fpv4-sp-d16 -mfloat-abi=hard -mthumb -o "Drivers/STM32F4xx_HAL_Driver/Src/stm32f4xx_hal_gpio.o"
arm-none-eabi-gcc "../Drivers/STM32F4xx_HAL_Driver/Src/stm32f4xx_hal_pwr.c" -mcpu=cortex-m4 -std=gnu11 -g3 -DDEBUG -DUSE_HAL_DRIVER -DSTM32F407xx -c -I../Core/Inc -I../Drivers/STM32F4xx_HAL_Driver/Inc -I../Drivers/STM32F4xx_HAL_Driver/Inc/Legacy -I../Drivers/CMSIS/Device/ST/STM32F4xx/Include -I../Drivers/CMSIS/Include -O0 -ffunction-sections -fdata-sections -Wall -fstack-usage -MMD -MP -MF"Drivers/STM32F4xx_HAL_Driver/Src/stm32f4xx_hal_pwr.d" -MT"Drivers/STM32F4xx_HAL_Driver/Src/stm32f4xx_hal_pwr.o" --specs=nano.specs -mfpu=fpv4-sp-d16 -mfloat-abi=hard -mthumb -o "Drivers/STM32F4xx_HAL_Driver/Src/stm32f4xx_hal_pwr.o"
arm-none-eabi-gcc "../Drivers/STM32F4xx_HAL_Driver/Src/stm32f4xx_hal_pwr_ex.c" -mcpu=cortex-m4 -std=gnu11 -g3 -DDEBUG -DUSE_HAL_DRIVER -DSTM32F407xx -c -I../Core/Inc -I../Drivers/STM32F4xx_HAL_Driver/Inc -I../Drivers/STM32F4xx_HAL_Driver/Inc/Legacy -I../Drivers/CMSIS/Device/ST/STM32F4xx/Include -I../Drivers/CMSIS/Include -O0 -ffunction-sections -fdata-sections -Wall -fstack-usage -MMD -MP -MF"Drivers/STM32F4xx_HAL_Driver/Src/stm32f4xx_hal_pwr_ex.d" -MT"Drivers/STM32F4xx_HAL_Driver/Src/stm32f4xx_hal_pwr_ex.o" --specs=nano.specs -mfpu=fpv4-sp-d16 -mfloat-abi=hard -mthumb -o "Drivers/STM32F4xx_HAL_Driver/Src/stm32f4xx_hal_pwr_ex.o"
arm-none-eabi-gcc "../Drivers/STM32F4xx_HAL_Driver/Src/stm32f4xx_hal_rcc.c" -mcpu=cortex-m4 -std=gnu11 -g3 -DDEBUG -DUSE_HAL_DRIVER -DSTM32F407xx -c -I../Core/Inc -I../Drivers/STM32F4xx_HAL_Driver/Inc -I../Drivers/STM32F4xx_HAL_Driver/Inc/Legacy -I../Drivers/CMSIS/Device/ST/STM32F4xx/Include -I../Drivers/CMSIS/Include -O0 -ffunction-sections -fdata-sections -Wall -fstack-usage -MMD -MP -MF"Drivers/STM32F4xx_HAL_Driver/Src/stm32f4xx_hal_rcc.d" -MT"Drivers/STM32F4xx_HAL_Driver/Src/stm32f4xx_hal_rcc.o" --specs=nano.specs -mfpu=fpv4-sp-d16 -mfloat-abi=hard -mthumb -o "Drivers/STM32F4xx_HAL_Driver/Src/stm32f4xx_hal_rcc.o"
arm-none-eabi-gcc "../Drivers/STM32F4xx_HAL_Driver/Src/stm32f4xx_hal_rcc_ex.c" -mcpu=cortex-m4 -std=gnu11 -g3 -DDEBUG -DUSE_HAL_DRIVER -DSTM32F407xx -c -I../Core/Inc -I../Drivers/STM32F4xx_HAL_Driver/Inc -I../Drivers/STM32F4xx_HAL_Driver/Inc/Legacy -I../Drivers/CMSIS/Device/ST/STM32F4xx/Include -I../Drivers/CMSIS/Include -O0 -ffunction-sections -fdata-sections -Wall -fstack-usage -MMD -MP -MF"Drivers/STM32F4xx_HAL_Driver/Src/stm32f4xx_hal_rcc_ex.d" -MT"Drivers/STM32F4xx_HAL_Driver/Src/stm32f4xx_hal_rcc_ex.o" --specs=nano.specs -mfpu=fpv4-sp-d16 -mfloat-abi=hard -mthumb -o "Drivers/STM32F4xx_HAL_Driver/Src/stm32f4xx_hal_rcc_ex.o"
arm-none-eabi-gcc "../Drivers/STM32F4xx_HAL_Driver/Src/stm32f4xx_hal_tim.c" -mcpu=cortex-m4 -std=gnu11 -g3 -DDEBUG -DUSE_HAL_DRIVER -DSTM32F407xx -c -I../Core/Inc -I../Drivers/STM32F4xx_HAL_Driver/Inc -I../Drivers/STM32F4xx_HAL_Driver/Inc/Legacy -I../Drivers/CMSIS/Device/ST/STM32F4xx/Include -I../Drivers/CMSIS/Include -O0 -ffunction-sections -fdata-sections -Wall -fstack-usage -MMD -MP -MF"Drivers/STM32F4xx_HAL_Driver/Src/stm32f4xx_hal_tim.d" -MT"Drivers/STM32F4xx_HAL_Driver/Src/stm32f4xx_hal_tim.o" --specs=nano.specs -mfpu=fpv4-sp-d16 -mfloat-abi=hard -mthumb -o "Drivers/STM32F4xx_HAL_Driver/Src/stm32f4xx_hal_tim.o"
arm-none-eabi-gcc "../Drivers/STM32F4xx_HAL_Driver/Src/stm32f4xx_hal_tim_ex.c" -mcpu=cortex-m4 -std=gnu11 -g3 -DDEBUG -DUSE_HAL_DRIVER -DSTM32F407xx -c -I../Core/Inc -I../Drivers/STM32F4xx_HAL_Driver/Inc -I../Drivers/STM32F4xx_HAL_Driver/Inc/Legacy -I../Drivers/CMSIS/Device/ST/STM32F4xx/Include -I../Drivers/CMSIS/Include -O0 -ffunction-sections -fdata-sections -Wall -fstack-usage -MMD -MP -MF"Drivers/STM32F4xx_HAL_Driver/Src/stm32f4xx_hal_tim_ex.d" -MT"Drivers/STM32F4xx_HAL_Driver/Src/stm32f4xx_hal_tim_ex.o" --specs=nano.specs -mfpu=fpv4-sp-d16 -mfloat-abi=hard -mthumb -o "Drivers/STM32F4xx_HAL_Driver/Src/stm32f4xx_hal_tim_ex.o"
arm-none-eabi-gcc "../Drivers/STM32F4xx_HAL_Driver/Src/stm32f4xx_hal_uart.c" -mcpu=cortex-m4 -std=gnu11 -g3 -DDEBUG -DUSE_HAL_DRIVER -DSTM32F407xx -c -I../Core/Inc -I../Drivers/STM32F4xx_HAL_Driver/Inc -I../Drivers/STM32F4xx_HAL_Driver/Inc/Legacy -I../Drivers/CMSIS/Device/ST/STM32F4xx/Include -I../Drivers/CMSIS/Include -O0 -ffunction-sections -fdata-sections -Wall -fstack-usage -MMD -MP -MF"Drivers/STM32F4xx_HAL_Driver/Src/stm32f4xx_hal_uart.d" -MT"Drivers/STM32F4xx_HAL_Driver/Src/stm32f4xx_hal_uart.o" --specs=nano.specs -mfpu=fpv4-sp-d16 -mfloat-abi=hard -mthumb -o "Drivers/STM32F4xx_HAL_Driver/Src/stm32f4xx_hal_uart.o"
arm-none-eabi-gcc "../Core/Src/main.c" -mcpu=cortex-m4 -std=gnu11 -g3 -DDEBUG -DUSE_HAL_DRIVER -DSTM32F407xx -c -I../Core/Inc -I../Drivers/STM32F4xx_HAL_Driver/Inc -I../Drivers/STM32F4xx_HAL_Driver/Inc/Legacy -I../Drivers/CMSIS/Device/ST/STM32F4xx/Include -I../Drivers/CMSIS/Include -O0 -ffunction-sections -fdata-sections -Wall -fstack-usage -MMD -MP -MF"Core/Src/main.d" -MT"Core/Src/main.o" --specs=nano.specs -mfpu=fpv4-sp-d16 -mfloat-abi=hard -mthumb -o "Core/Src/main.o"
arm-none-eabi-gcc "../Core/Src/motor.c" -mcpu=cortex-m4 -std=gnu11 -g3 -DDEBUG -DUSE_HAL_DRIVER -DSTM32F407xx -c -I../Core/Inc -I../Drivers/STM32F4xx_HAL_Driver/Inc -I../Drivers/STM32F4xx_HAL_Driver/Inc/Legacy -I../Drivers/CMSIS/Device/ST/STM32F4xx/Include -I../Drivers/CMSIS/Include -O0 -ffunction-sections -fdata-sections -Wall -fstack-usage -MMD -MP -MF"Core/Src/motor.d" -MT"Core/Src/motor.o" --specs=nano.specs -mfpu=fpv4-sp-d16 -mfloat-abi=hard -mthumb -o "Core/Src/motor.o"
../Core/Src/main.c: In function 'HAL_TIM_PeriodElapsedCallback':
../Core/Src/main.c:130:4: warning: implicit declaration of function 'reset_pid' [-Wimplicit-function-declaration]
  130 |    reset_pid(&pid_instance_mot1);
      |    ^~~~~~~~~
At top level:
../Core/Src/main.c:55:46: warning: 'pid_instance_mot2' defined but not used [-Wunused-variable]
   55 | static pid_instance_int16 pid_instance_mot1, pid_instance_mot2;
      |                                              ^~~~~~~~~~~~~~~~~
arm-none-eabi-gcc "../Core/Src/motor_encoder.c" -mcpu=cortex-m4 -std=gnu11 -g3 -DDEBUG -DUSE_HAL_DRIVER -DSTM32F407xx -c -I../Core/Inc -I../Drivers/STM32F4xx_HAL_Driver/Inc -I../Drivers/STM32F4xx_HAL_Driver/Inc/Legacy -I../Drivers/CMSIS/Device/ST/STM32F4xx/Include -I../Drivers/CMSIS/Include -O0 -ffunction-sections -fdata-sections -Wall -fstack-usage -MMD -MP -MF"Core/Src/motor_encoder.d" -MT"Core/Src/motor_encoder.o" --specs=nano.specs -mfpu=fpv4-sp-d16 -mfloat-abi=hard -mthumb -o "Core/Src/motor_encoder.o"
arm-none-eabi-gcc "../Core/Src/stm32f4xx_hal_msp.c" -mcpu=cortex-m4 -std=gnu11 -g3 -DDEBUG -DUSE_HAL_DRIVER -DSTM32F407xx -c -I../Core/Inc -I../Drivers/STM32F4xx_HAL_Driver/Inc -I../Drivers/STM32F4xx_HAL_Driver/Inc/Legacy -I../Drivers/CMSIS/Device/ST/STM32F4xx/Include -I../Drivers/CMSIS/Include -O0 -ffunction-sections -fdata-sections -Wall -fstack-usage -MMD -MP -MF"Core/Src/stm32f4xx_hal_msp.d" -MT"Core/Src/stm32f4xx_hal_msp.o" --specs=nano.specs -mfpu=fpv4-sp-d16 -mfloat-abi=hard -mthumb -o "Core/Src/stm32f4xx_hal_msp.o"
arm-none-eabi-gcc "../Core/Src/stm32f4xx_it.c" -mcpu=cortex-m4 -std=gnu11 -g3 -DDEBUG -DUSE_HAL_DRIVER -DSTM32F407xx -c -I../Core/Inc -I../Drivers/STM32F4xx_HAL_Driver/Inc -I../Drivers/STM32F4xx_HAL_Driver/Inc/Legacy -I../Drivers/CMSIS/Device/ST/STM32F4xx/Include -I../Drivers/CMSIS/Include -O0 -ffunction-sections -fdata-sections -Wall -fstack-usage -MMD -MP -MF"Core/Src/stm32f4xx_it.d" -MT"Core/Src/stm32f4xx_it.o" --specs=nano.specs -mfpu=fpv4-sp-d16 -mfloat-abi=hard -mthumb -o "Core/Src/stm32f4xx_it.o"
arm-none-eabi-gcc "../Core/Src/system_stm32f4xx.c" -mcpu=cortex-m4 -std=gnu11 -g3 -DDEBUG -DUSE_HAL_DRIVER -DSTM32F407xx -c -I../Core/Inc -I../Drivers/STM32F4xx_HAL_Driver/Inc -I../Drivers/STM32F4xx_HAL_Driver/Inc/Legacy -I../Drivers/CMSIS/Device/ST/STM32F4xx/Include -I../Drivers/CMSIS/Include -O0 -ffunction-sections -fdata-sections -Wall -fstack-usage -MMD -MP -MF"Core/Src/system_stm32f4xx.d" -MT"Core/Src/system_stm32f4xx.o" --specs=nano.specs -mfpu=fpv4-sp-d16 -mfloat-abi=hard -mthumb -o "Core/Src/system_stm32f4xx.o"
arm-none-eabi-gcc -o "BALANCING_ROBOT.elf" @"objects.list"   -mcpu=cortex-m4 -T"C:\Users\Yerkebulan\Dropbox\online course\balancing robot\firmware\BALANCING_ROBOT\STM32F407VGTX_FLASH.ld" --specs=nosys.specs -Wl,-Map="BALANCING_ROBOT.map" -Wl,--gc-sections -static --specs=nano.specs -mfpu=fpv4-sp-d16 -mfloat-abi=hard -mthumb -Wl,--start-group -lc -lm -Wl,--end-group
Finished building target: BALANCING_ROBOT.elf
 
arm-none-eabi-size   BALANCING_ROBOT.elf 
arm-none-eabi-objdump -h -S  BALANCING_ROBOT.elf  > "BALANCING_ROBOT.list"
   text	   data	    bss	    dec	    hex	filename
  26884	    120	   2336	  29340	   729c	BALANCING_ROBOT.elf
Finished building: default.size.stdout
 
Finished building: BALANCING_ROBOT.list
 
23:16:43 **** Incremental Build of configuration Debug for project BALANCING_ROBOT ****
make -j4 all 
arm-none-eabi-gcc "../Core/Src/main.c" -mcpu=cortex-m4 -std=gnu11 -g3 -DDEBUG -DUSE_HAL_DRIVER -DSTM32F407xx -c -I../Core/Inc -I../Drivers/STM32F4xx_HAL_Driver/Inc -I../Drivers/STM32F4xx_HAL_Driver/Inc/Legacy -I../Drivers/CMSIS/Device/ST/STM32F4xx/Include -I../Drivers/CMSIS/Include -O0 -ffunction-sections -fdata-sections -Wall -fstack-usage -MMD -MP -MF"Core/Src/main.d" -MT"Core/Src/main.o" --specs=nano.specs -mfpu=fpv4-sp-d16 -mfloat-abi=hard -mthumb -o "Core/Src/main.o"
arm-none-eabi-gcc "../Core/Src/motor.c" -mcpu=cortex-m4 -std=gnu11 -g3 -DDEBUG -DUSE_HAL_DRIVER -DSTM32F407xx -c -I../Core/Inc -I../Drivers/STM32F4xx_HAL_Driver/Inc -I../Drivers/STM32F4xx_HAL_Driver/Inc/Legacy -I../Drivers/CMSIS/Device/ST/STM32F4xx/Include -I../Drivers/CMSIS/Include -O0 -ffunction-sections -fdata-sections -Wall -fstack-usage -MMD -MP -MF"Core/Src/motor.d" -MT"Core/Src/motor.o" --specs=nano.specs -mfpu=fpv4-sp-d16 -mfloat-abi=hard -mthumb -o "Core/Src/motor.o"
../Core/Src/main.c:55:46: warning: 'pid_instance_mot2' defined but not used [-Wunused-variable]
   55 | static pid_instance_int16 pid_instance_mot1, pid_instance_mot2;
      |                                              ^~~~~~~~~~~~~~~~~
arm-none-eabi-gcc -o "BALANCING_ROBOT.elf" @"objects.list"   -mcpu=cortex-m4 -T"C:\Users\Yerkebulan\Dropbox\online course\balancing robot\firmware\BALANCING_ROBOT\STM32F407VGTX_FLASH.ld" --specs=nosys.specs -Wl,-Map="BALANCING_ROBOT.map" -Wl,--gc-sections -static --specs=nano.specs -mfpu=fpv4-sp-d16 -mfloat-abi=hard -mthumb -Wl,--start-group -lc -lm -Wl,--end-group
Finished building target: BALANCING_ROBOT.elf
 
arm-none-eabi-size   BALANCING_ROBOT.elf 
arm-none-eabi-objdump -h -S  BALANCING_ROBOT.elf  > "BALANCING_ROBOT.list"
   text	   data	    bss	    dec	    hex	filename
  26832	    120	   2336	  29288	   7268	BALANCING_ROBOT.elf
Finished building: default.size.stdout
 
Finished building: BALANCING_ROBOT.list
 
23:18:10 **** Incremental Build of configuration Debug for project BALANCING_ROBOT ****
make -j4 all 
arm-none-eabi-gcc "../Core/Src/main.c" -mcpu=cortex-m4 -std=gnu11 -g3 -DDEBUG -DUSE_HAL_DRIVER -DSTM32F407xx -c -I../Core/Inc -I../Drivers/STM32F4xx_HAL_Driver/Inc -I../Drivers/STM32F4xx_HAL_Driver/Inc/Legacy -I../Drivers/CMSIS/Device/ST/STM32F4xx/Include -I../Drivers/CMSIS/Include -O0 -ffunction-sections -fdata-sections -Wall -fstack-usage -MMD -MP -MF"Core/Src/main.d" -MT"Core/Src/main.o" --specs=nano.specs -mfpu=fpv4-sp-d16 -mfloat-abi=hard -mthumb -o "Core/Src/main.o"
arm-none-eabi-gcc "../Core/Src/motor.c" -mcpu=cortex-m4 -std=gnu11 -g3 -DDEBUG -DUSE_HAL_DRIVER -DSTM32F407xx -c -I../Core/Inc -I../Drivers/STM32F4xx_HAL_Driver/Inc -I../Drivers/STM32F4xx_HAL_Driver/Inc/Legacy -I../Drivers/CMSIS/Device/ST/STM32F4xx/Include -I../Drivers/CMSIS/Include -O0 -ffunction-sections -fdata-sections -Wall -fstack-usage -MMD -MP -MF"Core/Src/motor.d" -MT"Core/Src/motor.o" --specs=nano.specs -mfpu=fpv4-sp-d16 -mfloat-abi=hard -mthumb -o "Core/Src/motor.o"
../Core/Src/main.c:55:46: warning: 'pid_instance_mot2' defined but not used [-Wunused-variable]
   55 | static pid_instance_int16 pid_instance_mot1, pid_instance_mot2;
      |                                              ^~~~~~~~~~~~~~~~~
arm-none-eabi-gcc -o "BALANCING_ROBOT.elf" @"objects.list"   -mcpu=cortex-m4 -T"C:\Users\Yerkebulan\Dropbox\online course\balancing robot\firmware\BALANCING_ROBOT\STM32F407VGTX_FLASH.ld" --specs=nosys.specs -Wl,-Map="BALANCING_ROBOT.map" -Wl,--gc-sections -static --specs=nano.specs -mfpu=fpv4-sp-d16 -mfloat-abi=hard -mthumb -Wl,--start-group -lc -lm -Wl,--end-group
Finished building target: BALANCING_ROBOT.elf
 
arm-none-eabi-size   BALANCING_ROBOT.elf 
arm-none-eabi-objdump -h -S  BALANCING_ROBOT.elf  > "BALANCING_ROBOT.list"
   text	   data	    bss	    dec	    hex	filename
  26832	    120	   2336	  29288	   7268	BALANCING_ROBOT.elf
Finished building: default.size.stdout
 
Finished building: BALANCING_ROBOT.list
 
23:19:22 **** Incremental Build of configuration Debug for project BALANCING_ROBOT ****
make -j4 all 
arm-none-eabi-gcc "../Core/Src/motor.c" -mcpu=cortex-m4 -std=gnu11 -g3 -DDEBUG -DUSE_HAL_DRIVER -DSTM32F407xx -c -I../Core/Inc -I../Drivers/STM32F4xx_HAL_Driver/Inc -I../Drivers/STM32F4xx_HAL_Driver/Inc/Legacy -I../Drivers/CMSIS/Device/ST/STM32F4xx/Include -I../Drivers/CMSIS/Include -O0 -ffunction-sections -fdata-sections -Wall -fstack-usage -MMD -MP -MF"Core/Src/motor.d" -MT"Core/Src/motor.o" --specs=nano.specs -mfpu=fpv4-sp-d16 -mfloat-abi=hard -mthumb -o "Core/Src/motor.o"
arm-none-eabi-gcc -o "BALANCING_ROBOT.elf" @"objects.list"   -mcpu=cortex-m4 -T"C:\Users\Yerkebulan\Dropbox\online course\balancing robot\firmware\BALANCING_ROBOT\STM32F407VGTX_FLASH.ld" --specs=nosys.specs -Wl,-Map="BALANCING_ROBOT.map" -Wl,--gc-sections -static --specs=nano.specs -mfpu=fpv4-sp-d16 -mfloat-abi=hard -mthumb -Wl,--start-group -lc -lm -Wl,--end-group
Finished building target: BALANCING_ROBOT.elf
 
arm-none-eabi-size   BALANCING_ROBOT.elf 
arm-none-eabi-objdump -h -S  BALANCING_ROBOT.elf  > "BALANCING_ROBOT.list"
   text	   data	    bss	    dec	    hex	filename
  26832	    120	   2336	  29288	   7268	BALANCING_ROBOT.elf
Finished building: default.size.stdout
 
Finished building: BALANCING_ROBOT.list
 
23:21:29 **** Incremental Build of configuration Debug for project BALANCING_ROBOT ****
make -j4 all 
arm-none-eabi-gcc "../Core/Src/main.c" -mcpu=cortex-m4 -std=gnu11 -g3 -DDEBUG -DUSE_HAL_DRIVER -DSTM32F407xx -c -I../Core/Inc -I../Drivers/STM32F4xx_HAL_Driver/Inc -I../Drivers/STM32F4xx_HAL_Driver/Inc/Legacy -I../Drivers/CMSIS/Device/ST/STM32F4xx/Include -I../Drivers/CMSIS/Include -O0 -ffunction-sections -fdata-sections -Wall -fstack-usage -MMD -MP -MF"Core/Src/main.d" -MT"Core/Src/main.o" --specs=nano.specs -mfpu=fpv4-sp-d16 -mfloat-abi=hard -mthumb -o "Core/Src/main.o"
../Core/Src/main.c:55:46: warning: 'pid_instance_mot2' defined but not used [-Wunused-variable]
   55 | static pid_instance_int16 pid_instance_mot1, pid_instance_mot2;
      |                                              ^~~~~~~~~~~~~~~~~
arm-none-eabi-gcc -o "BALANCING_ROBOT.elf" @"objects.list"   -mcpu=cortex-m4 -T"C:\Users\Yerkebulan\Dropbox\online course\balancing robot\firmware\BALANCING_ROBOT\STM32F407VGTX_FLASH.ld" --specs=nosys.specs -Wl,-Map="BALANCING_ROBOT.map" -Wl,--gc-sections -static --specs=nano.specs -mfpu=fpv4-sp-d16 -mfloat-abi=hard -mthumb -Wl,--start-group -lc -lm -Wl,--end-group
Finished building target: BALANCING_ROBOT.elf
 
arm-none-eabi-size   BALANCING_ROBOT.elf 
arm-none-eabi-objdump -h -S  BALANCING_ROBOT.elf  > "BALANCING_ROBOT.list"
   text	   data	    bss	    dec	    hex	filename
  26832	    120	   2336	  29288	   7268	BALANCING_ROBOT.elf
Finished building: default.size.stdout
 
Finished building: BALANCING_ROBOT.list
 
23:23:35 **** Incremental Build of configuration Debug for project BALANCING_ROBOT ****
make -j4 all 
arm-none-eabi-gcc "../Core/Src/main.c" -mcpu=cortex-m4 -std=gnu11 -g3 -DDEBUG -DUSE_HAL_DRIVER -DSTM32F407xx -c -I../Core/Inc -I../Drivers/STM32F4xx_HAL_Driver/Inc -I../Drivers/STM32F4xx_HAL_Driver/Inc/Legacy -I../Drivers/CMSIS/Device/ST/STM32F4xx/Include -I../Drivers/CMSIS/Include -O0 -ffunction-sections -fdata-sections -Wall -fstack-usage -MMD -MP -MF"Core/Src/main.d" -MT"Core/Src/main.o" --specs=nano.specs -mfpu=fpv4-sp-d16 -mfloat-abi=hard -mthumb -o "Core/Src/main.o"
../Core/Src/main.c:55:46: warning: 'pid_instance_mot2' defined but not used [-Wunused-variable]
   55 | static pid_instance_int16 pid_instance_mot1, pid_instance_mot2;
      |                                              ^~~~~~~~~~~~~~~~~
arm-none-eabi-gcc -o "BALANCING_ROBOT.elf" @"objects.list"   -mcpu=cortex-m4 -T"C:\Users\Yerkebulan\Dropbox\online course\balancing robot\firmware\BALANCING_ROBOT\STM32F407VGTX_FLASH.ld" --specs=nosys.specs -Wl,-Map="BALANCING_ROBOT.map" -Wl,--gc-sections -static --specs=nano.specs -mfpu=fpv4-sp-d16 -mfloat-abi=hard -mthumb -Wl,--start-group -lc -lm -Wl,--end-group
Finished building target: BALANCING_ROBOT.elf
 
arm-none-eabi-size   BALANCING_ROBOT.elf 
arm-none-eabi-objdump -h -S  BALANCING_ROBOT.elf  > "BALANCING_ROBOT.list"
   text	   data	    bss	    dec	    hex	filename
  26832	    120	   2336	  29288	   7268	BALANCING_ROBOT.elf
Finished building: default.size.stdout
 
Finished building: BALANCING_ROBOT.list
 
23:24:16 **** Incremental Build of configuration Debug for project BALANCING_ROBOT ****
make -j4 all 
arm-none-eabi-gcc "../Core/Src/main.c" -mcpu=cortex-m4 -std=gnu11 -g3 -DDEBUG -DUSE_HAL_DRIVER -DSTM32F407xx -c -I../Core/Inc -I../Drivers/STM32F4xx_HAL_Driver/Inc -I../Drivers/STM32F4xx_HAL_Driver/Inc/Legacy -I../Drivers/CMSIS/Device/ST/STM32F4xx/Include -I../Drivers/CMSIS/Include -O0 -ffunction-sections -fdata-sections -Wall -fstack-usage -MMD -MP -MF"Core/Src/main.d" -MT"Core/Src/main.o" --specs=nano.specs -mfpu=fpv4-sp-d16 -mfloat-abi=hard -mthumb -o "Core/Src/main.o"
../Core/Src/main.c:55:46: warning: 'pid_instance_mot2' defined but not used [-Wunused-variable]
   55 | static pid_instance_int16 pid_instance_mot1, pid_instance_mot2;
      |                                              ^~~~~~~~~~~~~~~~~
arm-none-eabi-gcc -o "BALANCING_ROBOT.elf" @"objects.list"   -mcpu=cortex-m4 -T"C:\Users\Yerkebulan\Dropbox\online course\balancing robot\firmware\BALANCING_ROBOT\STM32F407VGTX_FLASH.ld" --specs=nosys.specs -Wl,-Map="BALANCING_ROBOT.map" -Wl,--gc-sections -static --specs=nano.specs -mfpu=fpv4-sp-d16 -mfloat-abi=hard -mthumb -Wl,--start-group -lc -lm -Wl,--end-group
Finished building target: BALANCING_ROBOT.elf
 
arm-none-eabi-size   BALANCING_ROBOT.elf 
arm-none-eabi-objdump -h -S  BALANCING_ROBOT.elf  > "BALANCING_ROBOT.list"
   text	   data	    bss	    dec	    hex	filename
  26832	    120	   2336	  29288	   7268	BALANCING_ROBOT.elf
Finished building: default.size.stdout
 
Finished building: BALANCING_ROBOT.list
 
23:24:56 **** Incremental Build of configuration Debug for project BALANCING_ROBOT ****
make -j4 all 
arm-none-eabi-gcc "../Core/Src/main.c" -mcpu=cortex-m4 -std=gnu11 -g3 -DDEBUG -DUSE_HAL_DRIVER -DSTM32F407xx -c -I../Core/Inc -I../Drivers/STM32F4xx_HAL_Driver/Inc -I../Drivers/STM32F4xx_HAL_Driver/Inc/Legacy -I../Drivers/CMSIS/Device/ST/STM32F4xx/Include -I../Drivers/CMSIS/Include -O0 -ffunction-sections -fdata-sections -Wall -fstack-usage -MMD -MP -MF"Core/Src/main.d" -MT"Core/Src/main.o" --specs=nano.specs -mfpu=fpv4-sp-d16 -mfloat-abi=hard -mthumb -o "Core/Src/main.o"
../Core/Src/main.c:55:46: warning: 'pid_instance_mot2' defined but not used [-Wunused-variable]
   55 | static pid_instance_int16 pid_instance_mot1, pid_instance_mot2;
      |                                              ^~~~~~~~~~~~~~~~~
arm-none-eabi-gcc -o "BALANCING_ROBOT.elf" @"objects.list"   -mcpu=cortex-m4 -T"C:\Users\Yerkebulan\Dropbox\online course\balancing robot\firmware\BALANCING_ROBOT\STM32F407VGTX_FLASH.ld" --specs=nosys.specs -Wl,-Map="BALANCING_ROBOT.map" -Wl,--gc-sections -static --specs=nano.specs -mfpu=fpv4-sp-d16 -mfloat-abi=hard -mthumb -Wl,--start-group -lc -lm -Wl,--end-group
Finished building target: BALANCING_ROBOT.elf
 
arm-none-eabi-size   BALANCING_ROBOT.elf 
arm-none-eabi-objdump -h -S  BALANCING_ROBOT.elf  > "BALANCING_ROBOT.list"
   text	   data	    bss	    dec	    hex	filename
  26832	    120	   2336	  29288	   7268	BALANCING_ROBOT.elf
Finished building: default.size.stdout
 
Finished building: BALANCING_ROBOT.list
 
23:26:28 **** Incremental Build of configuration Debug for project BALANCING_ROBOT ****
make -j4 all 
arm-none-eabi-gcc "../Core/Src/main.c" -mcpu=cortex-m4 -std=gnu11 -g3 -DDEBUG -DUSE_HAL_DRIVER -DSTM32F407xx -c -I../Core/Inc -I../Drivers/STM32F4xx_HAL_Driver/Inc -I../Drivers/STM32F4xx_HAL_Driver/Inc/Legacy -I../Drivers/CMSIS/Device/ST/STM32F4xx/Include -I../Drivers/CMSIS/Include -O0 -ffunction-sections -fdata-sections -Wall -fstack-usage -MMD -MP -MF"Core/Src/main.d" -MT"Core/Src/main.o" --specs=nano.specs -mfpu=fpv4-sp-d16 -mfloat-abi=hard -mthumb -o "Core/Src/main.o"
../Core/Src/main.c:55:46: warning: 'pid_instance_mot2' defined but not used [-Wunused-variable]
   55 | static pid_instance_int16 pid_instance_mot1, pid_instance_mot2;
      |                                              ^~~~~~~~~~~~~~~~~
arm-none-eabi-gcc -o "BALANCING_ROBOT.elf" @"objects.list"   -mcpu=cortex-m4 -T"C:\Users\Yerkebulan\Dropbox\online course\balancing robot\firmware\BALANCING_ROBOT\STM32F407VGTX_FLASH.ld" --specs=nosys.specs -Wl,-Map="BALANCING_ROBOT.map" -Wl,--gc-sections -static --specs=nano.specs -mfpu=fpv4-sp-d16 -mfloat-abi=hard -mthumb -Wl,--start-group -lc -lm -Wl,--end-group
[...]
arm-none-eabi-objdump -h -S  BALANCING_ROBOT.elf  > "BALANCING_ROBOT.list"
   text	   data	    bss	    dec	    hex	filename
  26832	    120	   2336	  29288	   7268	BALANCING_ROBOT.elf
Finished building: default.size.stdout
 
Finished building: BALANCING_ROBOT.list
 
23:28:23 **** Incremental Build of configuration Debug for project BALANCING_ROBOT ****
make -j4 all 
arm-none-eabi-gcc "../Core/Src/main.c" -mcpu=cortex-m4 -std=gnu11 -g3 -DDEBUG -DUSE_HAL_DRIVER -DSTM32F407xx -c -I../Core/Inc -I../Drivers/STM32F4xx_HAL_Driver/Inc -I../Drivers/STM32F4xx_HAL_Driver/Inc/Legacy -I../Drivers/CMSIS/Device/ST/STM32F4xx/Include -I../Drivers/CMSIS/Include -O0 -ffunction-sections -fdata-sections -Wall -fstack-usage -MMD -MP -MF"Core/Src/main.d" -MT"Core/Src/main.o" --specs=nano.specs -mfpu=fpv4-sp-d16 -mfloat-abi=hard -mthumb -o "Core/Src/main.o"
../Core/Src/main.c:55:46: warning: 'pid_instance_mot2' defined but not used [-Wunused-variable]
   55 | static pid_instance_int16 pid_instance_mot1, pid_instance_mot2;
      |                                              ^~~~~~~~~~~~~~~~~
arm-none-eabi-gcc -o "BALANCING_ROBOT.elf" @"objects.list"   -mcpu=cortex-m4 -T"C:\Users\Yerkebulan\Dropbox\online course\balancing robot\firmware\BALANCING_ROBOT\STM32F407VGTX_FLASH.ld" --specs=nosys.specs -Wl,-Map="BALANCING_ROBOT.map" -Wl,--gc-sections -static --specs=nano.specs -mfpu=fpv4-sp-d16 -mfloat-abi=hard -mthumb -Wl,--start-group -lc -lm -Wl,--end-group
Finished building target: BALANCING_ROBOT.elf
 
arm-none-eabi-size   BALANCING_ROBOT.elf 
arm-none-eabi-objdump -h -S  BALANCING_ROBOT.elf  > "BALANCING_ROBOT.list"
   text	   data	    bss	    dec	    hex	filename
  26832	    120	   2336	  29288	   7268	BALANCING_ROBOT.elf
Finished building: default.size.stdout
 
Finished building: BALANCING_ROBOT.list
 
23:28:59 **** Incremental Build of configuration Debug for project BALANCING_ROBOT ****
make -j4 all 
arm-none-eabi-gcc "../Core/Src/main.c" -mcpu=cortex-m4 -std=gnu11 -g3 -DDEBUG -DUSE_HAL_DRIVER -DSTM32F407xx -c -I../Core/Inc -I../Drivers/STM32F4xx_HAL_Driver/Inc -I../Drivers/STM32F4xx_HAL_Driver/Inc/Legacy -I../Drivers/CMSIS/Device/ST/STM32F4xx/Include -I../Drivers/CMSIS/Include -O0 -ffunction-sections -fdata-sections -Wall -fstack-usage -MMD -MP -MF"Core/Src/main.d" -MT"Core/Src/main.o" --specs=nano.specs -mfpu=fpv4-sp-d16 -mfloat-abi=hard -mthumb -o "Core/Src/main.o"
../Core/Src/main.c:55:46: warning: 'pid_instance_mot2' defined but not used [-Wunused-variable]
   55 | static pid_instance_int16 pid_instance_mot1, pid_instance_mot2;
      |                                              ^~~~~~~~~~~~~~~~~
arm-none-eabi-gcc -o "BALANCING_ROBOT.elf" @"objects.list"   -mcpu=cortex-m4 -T"C:\Users\Yerkebulan\Dropbox\online course\balancing robot\firmware\BALANCING_ROBOT\STM32F407VGTX_FLASH.ld" --specs=nosys.specs -Wl,-Map="BALANCING_ROBOT.map" -Wl,--gc-sections -static --specs=nano.specs -mfpu=fpv4-sp-d16 -mfloat-abi=hard -mthumb -Wl,--start-group -lc -lm -Wl,--end-group
Finished building target: BALANCING_ROBOT.elf
 
arm-none-eabi-size   BALANCING_ROBOT.elf 
arm-none-eabi-objdump -h -S  BALANCING_ROBOT.elf  > "BALANCING_ROBOT.list"
   text	   data	    bss	    dec	    hex	filename
  26828	    120	   2336	  29284	   7264	BALANCING_ROBOT.elf
Finished building: default.size.stdout
 
Finished building: BALANCING_ROBOT.list
 
23:29:37 **** Incremental Build of configuration Debug for project BALANCING_ROBOT ****
make -j4 all 
arm-none-eabi-gcc "../Core/Src/main.c" -mcpu=cortex-m4 -std=gnu11 -g3 -DDEBUG -DUSE_HAL_DRIVER -DSTM32F407xx -c -I../Core/Inc -I../Drivers/STM32F4xx_HAL_Driver/Inc -I../Drivers/STM32F4xx_HAL_Driver/Inc/Legacy -I../Drivers/CMSIS/Device/ST/STM32F4xx/Include -I../Drivers/CMSIS/Include -O0 -ffunction-sections -fdata-sections -Wall -fstack-usage -MMD -MP -MF"Core/Src/main.d" -MT"Core/Src/main.o" --specs=nano.specs -mfpu=fpv4-sp-d16 -mfloat-abi=hard -mthumb -o "Core/Src/main.o"
../Core/Src/main.c:55:46: warning: 'pid_instance_mot2' defined but not used [-Wunused-variable]
   55 | static pid_instance_int16 pid_instance_mot1, pid_instance_mot2;
      |                                              ^~~~~~~~~~~~~~~~~
arm-none-eabi-gcc -o "BALANCING_ROBOT.elf" @"objects.list"   -mcpu=cortex-m4 -T"C:\Users\Yerkebulan\Dropbox\online course\balancing robot\firmware\BALANCING_ROBOT\STM32F407VGTX_FLASH.ld" --specs=nosys.specs -Wl,-Map="BALANCING_ROBOT.map" -Wl,--gc-sections -static --specs=nano.specs -mfpu=fpv4-sp-d16 -mfloat-abi=hard -mthumb -Wl,--start-group -lc -lm -Wl,--end-group
Finished building target: BALANCING_ROBOT.elf
 
arm-none-eabi-size   BALANCING_ROBOT.elf 
arm-none-eabi-objdump -h -S  BALANCING_ROBOT.elf  > "BALANCING_ROBOT.list"
   text	   data	    bss	    dec	    hex	filename
  26832	    120	   2336	  29288	   7268	BALANCING_ROBOT.elf
Finished building: default.size.stdout
 
Finished building: BALANCING_ROBOT.list
 
23:30:33 **** Incremental Build of configuration Debug for project BALANCING_ROBOT ****
make -j4 all 
arm-none-eabi-gcc "../Core/Src/main.c" -mcpu=cortex-m4 -std=gnu11 -g3 -DDEBUG -DUSE_HAL_DRIVER -DSTM32F407xx -c -I../Core/Inc -I../Drivers/STM32F4xx_HAL_Driver/Inc -I../Drivers/STM32F4xx_HAL_Driver/Inc/Legacy -I../Drivers/CMSIS/Device/ST/STM32F4xx/Include -I../Drivers/CMSIS/Include -O0 -ffunction-sections -fdata-sections -Wall -fstack-usage -MMD -MP -MF"Core/Src/main.d" -MT"Core/Src/main.o" --specs=nano.specs -mfpu=fpv4-sp-d16 -mfloat-abi=hard -mthumb -o "Core/Src/main.o"
../Core/Src/main.c:55:46: warning: 'pid_instance_mot2' defined but not used [-Wunused-variable]
   55 | static pid_instance_int16 pid_instance_mot1, pid_instance_mot2;
      |                                              ^~~~~~~~~~~~~~~~~
arm-none-eabi-gcc -o "BALANCING_ROBOT.elf" @"objects.list"   -mcpu=cortex-m4 -T"C:\Users\Yerkebulan\Dropbox\online course\balancing robot\firmware\BALANCING_ROBOT\STM32F407VGTX_FLASH.ld" --specs=nosys.specs -Wl,-Map="BALANCING_ROBOT.map" -Wl,--gc-sections -static --specs=nano.specs -mfpu=fpv4-sp-d16 -mfloat-abi=hard -mthumb -Wl,--start-group -lc -lm -Wl,--end-group
Finished building target: BALANCING_ROBOT.elf
 
arm-none-eabi-size   BALANCING_ROBOT.elf 
arm-none-eabi-objdump -h -S  BALANCING_ROBOT.elf  > "BALANCING_ROBOT.list"
   text	   data	    bss	    dec	    hex	filename
  26832	    120	   2336	  29288	   7268	BALANCING_ROBOT.elf
Finished building: default.size.stdout
 
Finished building: BALANCING_ROBOT.list
 
23:31:18 **** Incremental Build of configuration Debug for project BALANCING_ROBOT ****
make -j4 all 
arm-none-eabi-size   BALANCING_ROBOT.elf 
   text	   data	    bss	    dec	    hex	filename
  26832	    120	   2336	  29288	   7268	BALANCING_ROBOT.elf
Finished building: default.size.stdout
 
23:31:39 **** Incremental Build of configuration Debug for project BALANCING_ROBOT ****
make -j4 all 
arm-none-eabi-size   BALANCING_ROBOT.elf 
   text	   data	    bss	    dec	    hex	filename
  26832	    120	   2336	  29288	   7268	BALANCING_ROBOT.elf
Finished building: default.size.stdout
 
23:32:36 **** Incremental Build of configuration Debug for project BALANCING_ROBOT ****
make -j4 all 
arm-none-eabi-gcc "../Core/Src/main.c" -mcpu=cortex-m4 -std=gnu11 -g3 -DDEBUG -DUSE_HAL_DRIVER -DSTM32F407xx -c -I../Core/Inc -I../Drivers/STM32F4xx_HAL_Driver/Inc -I../Drivers/STM32F4xx_HAL_Driver/Inc/Legacy -I../Drivers/CMSIS/Device/ST/STM32F4xx/Include -I../Drivers/CMSIS/Include -O0 -ffunction-sections -fdata-sections -Wall -fstack-usage -MMD -MP -MF"Core/Src/main.d" -MT"Core/Src/main.o" --specs=nano.specs -mfpu=fpv4-sp-d16 -mfloat-abi=hard -mthumb -o "Core/Src/main.o"
../Core/Src/main.c:55:46: warning: 'pid_instance_mot2' defined but not used [-Wunused-variable]
   55 | static pid_instance_int16 pid_instance_mot1, pid_instance_mot2;
      |                                              ^~~~~~~~~~~~~~~~~
arm-none-eabi-gcc -o "BALANCING_ROBOT.elf" @"objects.list"   -mcpu=cortex-m4 -T"C:\Users\Yerkebulan\Dropbox\online course\balancing robot\firmware\BALANCING_ROBOT\STM32F407VGTX_FLASH.ld" --specs=nosys.specs -Wl,-Map="BALANCING_ROBOT.map" -Wl,--gc-sections -static --specs=nano.specs -mfpu=fpv4-sp-d16 -mfloat-abi=hard -mthumb -Wl,--start-group -lc -lm -Wl,--end-group
Finished building target: BALANCING_ROBOT.elf
 
arm-none-eabi-size   BALANCING_ROBOT.elf 
arm-none-eabi-objdump -h -S  BALANCING_ROBOT.elf  > "BALANCING_ROBOT.list"
   text	   data	    bss	    dec	    hex	filename
  26832	    120	   2336	  29288	   7268	BALANCING_ROBOT.elf
Finished building: default.size.stdout
 
Finished building: BALANCING_ROBOT.list
 
23:33:26 **** Incremental Build of configuration Debug for project BALANCING_ROBOT ****
make -j4 all 
arm-none-eabi-gcc "../Core/Src/main.c" -mcpu=cortex-m4 -std=gnu11 -g3 -DDEBUG -DUSE_HAL_DRIVER -DSTM32F407xx -c -I../Core/Inc -I../Drivers/STM32F4xx_HAL_Driver/Inc -I../Drivers/STM32F4xx_HAL_Driver/Inc/Legacy -I../Drivers/CMSIS/Device/ST/STM32F4xx/Include -I../Drivers/CMSIS/Include -O0 -ffunction-sections -fdata-sections -Wall -fstack-usage -MMD -MP -MF"Core/Src/main.d" -MT"Core/Src/main.o" --specs=nano.specs -mfpu=fpv4-sp-d16 -mfloat-abi=hard -mthumb -o "Core/Src/main.o"
../Core/Src/main.c:55:46: warning: 'pid_instance_mot2' defined but not used [-Wunused-variable]
   55 | static pid_instance_int16 pid_instance_mot1, pid_instance_mot2;
      |                                              ^~~~~~~~~~~~~~~~~
arm-none-eabi-gcc -o "BALANCING_ROBOT.elf" @"objects.list"   -mcpu=cortex-m4 -T"C:\Users\Yerkebulan\Dropbox\online course\balancing robot\firmware\BALANCING_ROBOT\STM32F407VGTX_FLASH.ld" --specs=nosys.specs -Wl,-Map="BALANCING_ROBOT.map" -Wl,--gc-sections -static --specs=nano.specs -mfpu=fpv4-sp-d16 -mfloat-abi=hard -mthumb -Wl,--start-group -lc -lm -Wl,--end-group
Finished building target: BALANCING_ROBOT.elf
 
arm-none-eabi-size   BALANCING_ROBOT.elf 
arm-none-eabi-objdump -h -S  BALANCING_ROBOT.elf  > "BALANCING_ROBOT.list"
   text	   data	    bss	    dec	    hex	filename
  26832	    120	   2336	  29288	   7268	BALANCING_ROBOT.elf
Finished building: default.size.stdout
 
Finished building: BALANCING_ROBOT.list
 
01:15:45 **** Incremental Build of configuration Debug for project BALANCING_ROBOT ****
make -j4 all 
arm-none-eabi-gcc "../Core/Src/main.c" -mcpu=cortex-m4 -std=gnu11 -g3 -DDEBUG -DUSE_HAL_DRIVER -DSTM32F407xx -c -I../Core/Inc -I../Drivers/STM32F4xx_HAL_Driver/Inc -I../Drivers/STM32F4xx_HAL_Driver/Inc/Legacy -I../Drivers/CMSIS/Device/ST/STM32F4xx/Include -I../Drivers/CMSIS/Include -O0 -ffunction-sections -fdata-sections -Wall -fstack-usage -MMD -MP -MF"Core/Src/main.d" -MT"Core/Src/main.o" --specs=nano.specs -mfpu=fpv4-sp-d16 -mfloat-abi=hard -mthumb -o "Core/Src/main.o"
../Core/Src/main.c:55:46: warning: 'pid_instance_mot2' defined but not used [-Wunused-variable]
   55 | static pid_instance_int16 pid_instance_mot1, pid_instance_mot2;
      |                                              ^~~~~~~~~~~~~~~~~
arm-none-eabi-gcc -o "BALANCING_ROBOT.elf" @"objects.list"   -mcpu=cortex-m4 -T"C:\Users\Yerkebulan\Dropbox\online course\balancing robot\firmware\BALANCING_ROBOT\STM32F407VGTX_FLASH.ld" --specs=nosys.specs -Wl,-Map="BALANCING_ROBOT.map" -Wl,--gc-sections -static --specs=nano.specs -mfpu=fpv4-sp-d16 -mfloat-abi=hard -mthumb -Wl,--start-group -lc -lm -Wl,--end-group
Finished building target: BALANCING_ROBOT.elf
 
arm-none-eabi-size   BALANCING_ROBOT.elf 
arm-none-eabi-objdump -h -S  BALANCING_ROBOT.elf  > "BALANCING_ROBOT.list"
   text	   data	    bss	    dec	    hex	filename
  26832	    120	   2336	  29288	   7268	BALANCING_ROBOT.elf
Finished building: default.size.stdout
 
Finished building: BALANCING_ROBOT.list
 
01:20:57 **** Incremental Build of configuration Debug for project BALANCING_ROBOT ****
make -j4 all 
arm-none-eabi-size   BALANCING_ROBOT.elf 
   text	   data	    bss	    dec	    hex	filename
  26832	    120	   2336	  29288	   7268	BALANCING_ROBOT.elf
Finished building: default.size.stdout
 
23:39:48 **** Incremental Build of configuration Debug for project BALANCING_ROBOT ****
make -j4 all 
arm-none-eabi-size   BALANCING_ROBOT.elf 
   text	   data	    bss	    dec	    hex	filename
  26832	    120	   2336	  29288	   7268	BALANCING_ROBOT.elf
Finished building: default.size.stdout
 
00:34:45 **** Incremental Build of configuration Debug for project BALANCING_ROBOT ****
make -j4 all 
arm-none-eabi-size   BALANCING_ROBOT.elf 
   text	   data	    bss	    dec	    hex	filename
  26832	    120	   2336	  29288	   7268	BALANCING_ROBOT.elf
Finished building: default.size.stdout
 
00:35:10 **** Incremental Build of configuration Debug for project BALANCING_ROBOT ****
make -j4 all 
arm-none-eabi-size   BALANCING_ROBOT.elf 
   text	   data	    bss	    dec	    hex	filename
  26832	    120	   2336	  29288	   7268	BALANCING_ROBOT.elf
Finished building: default.size.stdout
 
00:35:17 **** Incremental Build of configuration Debug for project BALANCING_ROBOT ****
make -j4 all 
arm-none-eabi-size   BALANCING_ROBOT.elf 
   text	   data	    bss	    dec	    hex	filename
  26832	    120	   2336	  29288	   7268	BALANCING_ROBOT.elf
Finished building: default.size.stdout
 
00:35:26 **** Incremental Build of configuration Debug for project BALANCING_ROBOT ****
make -j4 all 
arm-none-eabi-size   BALANCING_ROBOT.elf 
   text	   data	    bss	    dec	    hex	filename
  26832	    120	   2336	  29288	   7268	BALANCING_ROBOT.elf
Finished building: default.size.stdout
 
00:35:40 **** Incremental Build of configuration Debug for project BALANCING_ROBOT ****
make -j4 all 
arm-none-eabi-size   BALANCING_ROBOT.elf 
   text	   data	    bss	    dec	    hex	filename
  26832	    120	   2336	  29288	   7268	BALANCING_ROBOT.elf
Finished building: default.size.stdout
 
00:36:21 **** Incremental Build of configuration Debug for project BALANCING_ROBOT ****
make -j4 all 
arm-none-eabi-size   BALANCING_ROBOT.elf 
   text	   data	    bss	    dec	    hex	filename
  26832	    120	   2336	  29288	   7268	BALANCING_ROBOT.elf
Finished building: default.size.stdout
 
00:37:11 **** Incremental Build of configuration Debug for project BALANCING_ROBOT ****
make -j4 all 
arm-none-eabi-size   BALANCING_ROBOT.elf 
   text	   data	    bss	    dec	    hex	filename
  26832	    120	   2336	  29288	   7268	BALANCING_ROBOT.elf
Finished building: default.size.stdout
 
00:37:29 **** Incremental Build of configuration Debug for project BALANCING_ROBOT ****
make -j4 all 
arm-none-eabi-size   BALANCING_ROBOT.elf 
   text	   data	    bss	    dec	    hex	filename
  26832	    120	   2336	  29288	   7268	BALANCING_ROBOT.elf
Finished building: default.size.stdout
 
00:38:29 **** Incremental Build of configuration Debug for project BALANCING_ROBOT ****
make -j4 all 
arm-none-eabi-size   BALANCING_ROBOT.elf 
   text	   data	    bss	    dec	    hex	filename
  26832	    120	   2336	  29288	   7268	BALANCING_ROBOT.elf
Finished building: default.size.stdout
 
00:39:28 **** Incremental Build of configuration Debug for project BALANCING_ROBOT ****
make -j4 all 
arm-none-eabi-size   BALANCING_ROBOT.elf 
   text	   data	    bss	    dec	    hex	filename
  26832	    120	   2336	  29288	   7268	BALANCING_ROBOT.elf
Finished building: default.size.stdout
 
00:41:52 **** Incremental Build of configuration Debug for project BALANCING_ROBOT ****
make -j4 all 
arm-none-eabi-size   BALANCING_ROBOT.elf 
   text	   data	    bss	    dec	    hex	filename
  26832	    120	   2336	  29288	   7268	BALANCING_ROBOT.elf
Finished building: default.size.stdout
 
00:42:51 **** Incremental Build of configuration Debug for project BALANCING_ROBOT ****
make -j4 all 
arm-none-eabi-size   BALANCING_ROBOT.elf 
   text	   data	    bss	    dec	    hex	filename
  26832	    120	   2336	  29288	   7268	BALANCING_ROBOT.elf
Finished building: default.size.stdout
 
00:45:05 **** Incremental Build of configuration Debug for project BALANCING_ROBOT ****
make -j4 all 
arm-none-eabi-size   BALANCING_ROBOT.elf 
   text	   data	    bss	    dec	    hex	filename
  26832	    120	   2336	  29288	   7268	BALANCING_ROBOT.elf
Finished building: default.size.stdout
 
00:45:33 **** Incremental Build of configuration Debug for project BALANCING_ROBOT ****
make -j4 all 
arm-none-eabi-size   BALANCING_ROBOT.elf 
   text	   data	    bss	    dec	    hex	filename
  26832	    120	   2336	  29288	   7268	BALANCING_ROBOT.elf
Finished building: default.size.stdout
 
00:47:13 **** Incremental Build of configuration Debug for project BALANCING_ROBOT ****
make -j4 all 
arm-none-eabi-size   BALANCING_ROBOT.elf 
   text	   data	    bss	    dec	    hex	filename
  26832	    120	   2336	  29288	   7268	BALANCING_ROBOT.elf
Finished building: default.size.stdout
 
00:47:47 **** Incremental Build of configuration Debug for project BALANCING_ROBOT ****
make -j4 all 
arm-none-eabi-size   BALANCING_ROBOT.elf 
   text	   data	    bss	    dec	    hex	filename
  26832	    120	   2336	  29288	   7268	BALANCING_ROBOT.elf
Finished building: default.size.stdout
 
00:49:40 **** Incremental Build of configuration Debug for project BALANCING_ROBOT ****
make -j4 all 
arm-none-eabi-size   BALANCING_ROBOT.elf 
   text	   data	    bss	    dec	    hex	filename
  26832	    120	   2336	  29288	   7268	BALANCING_ROBOT.elf
Finished building: default.size.stdout
 
00:49:56 **** Incremental Build of configuration Debug for project BALANCING_ROBOT ****
make -j4 all 
arm-none-eabi-size   BALANCING_ROBOT.elf 
   text	   data	    bss	    dec	    hex	filename
  26832	    120	   2336	  29288	   7268	BALANCING_ROBOT.elf
Finished building: default.size.stdout
 
00:55:26 **** Incremental Build of configuration Debug for project BALANCING_ROBOT ****
make -j4 all 
arm-none-eabi-size   BALANCING_ROBOT.elf 
   text	   data	    bss	    dec	    hex	filename
  26832	    120	   2336	  29288	   7268	BALANCING_ROBOT.elf
Finished building: default.size.stdout
 
01:00:49 **** Incremental Build of configuration Debug for project BALANCING_ROBOT ****
make -j4 all 
arm-none-eabi-size   BALANCING_ROBOT.elf 
   text	   data	    bss	    dec	    hex	filename
  26832	    120	   2336	  29288	   7268	BALANCING_ROBOT.elf
Finished building: default.size.stdout
 
01:04:23 **** Incremental Build of configuration Debug for project BALANCING_ROBOT ****
make -j4 all 
arm-none-eabi-size   BALANCING_ROBOT.elf 
   text	   data	    bss	    dec	    hex	filename
  26832	    120	   2336	  29288	   7268	BALANCING_ROBOT.elf
Finished building: default.size.stdout
 
01:07:45 **** Incremental Build of configuration Debug for project BALANCING_ROBOT ****
make -j4 all 
arm-none-eabi-gcc "../Core/Src/main.c" -mcpu=cortex-m4 -std=gnu11 -g3 -DDEBUG -DUSE_HAL_DRIVER -DSTM32F407xx -c -I../Core/Inc -I../Drivers/STM32F4xx_HAL_Driver/Inc -I../Drivers/STM32F4xx_HAL_Driver/Inc/Legacy -I../Drivers/CMSIS/Device/ST/STM32F4xx/Include -I../Drivers/CMSIS/Include -O0 -ffunction-sections -fdata-sections -Wall -fstack-usage -MMD -MP -MF"Core/Src/main.d" -MT"Core/Src/main.o" --specs=nano.specs -mfpu=fpv4-sp-d16 -mfloat-abi=hard -mthumb -o "Core/Src/main.o"
../Core/Src/main.c:55:46: warning: 'pid_instance_mot2' defined but not used [-Wunused-variable]
   55 | static pid_instance_int16 pid_instance_mot1, pid_instance_mot2;
      |                                              ^~~~~~~~~~~~~~~~~
arm-none-eabi-gcc -o "BALANCING_ROBOT.elf" @"objects.list"   -mcpu=cortex-m4 -T"C:\Users\Yerkebulan\Dropbox\online course\balancing robot\firmware\BALANCING_ROBOT\STM32F407VGTX_FLASH.ld" --specs=nosys.specs -Wl,-Map="BALANCING_ROBOT.map" -Wl,--gc-sections -static --specs=nano.specs -mfpu=fpv4-sp-d16 -mfloat-abi=hard -mthumb -Wl,--start-group -lc -lm -Wl,--end-group
Finished building target: BALANCING_ROBOT.elf
 
arm-none-eabi-size   BALANCING_ROBOT.elf 
arm-none-eabi-objdump -h -S  BALANCING_ROBOT.elf  > "BALANCING_ROBOT.list"
   text	   data	    bss	    dec	    hex	filename
  26832	    120	   2336	  29288	   7268	BALANCING_ROBOT.elf
Finished building: default.size.stdout
 
Finished building: BALANCING_ROBOT.list
 
