../Core/Src/main.c:167:6:HAL_TIM_IC_CaptureCallback	16	static
../Core/Src/main.c:336:6:HAL_ADC_ConvCpltCallback	16	static
../Core/Src/main.c:367:6:HAL_UART_RxCpltCallback	16	static
../Core/Src/main.c:373:6:Start_mise_a_zero	8	static
../Core/Src/main.c:380:6:Mise_a_zero_encour	8	static
../Core/Src/main.c:388:6:senddataholdTo_st2	8	static
../Core/Src/main.c:398:6:check_batterie	8	static
../Core/Src/main.c:417:6:convert_Frompolar_Tocourse	48	static
../Core/Src/main.c:428:6:roundpulse	24	static
../Core/Src/main.c:434:6:ConvertMM_topulse	24	static
../Core/Src/main.c:441:6:determinerVecteurTEMPS	32	static
../Core/Src/main.c:449:6:moveTo	40	static
../Core/Src/main.c:663:6:moveTozero	40	static
../Core/Src/main.c:882:5:main	8	static
../Core/Src/main.c:1005:6:SystemClock_Config	88	static
../Core/Src/main.c:1061:6:Error_Handler	4	static,ignoring_inline_asm
