../Core/Src/main.c:89:6:HAL_UART_RxCpltCallback	16	static
../Core/Src/main.c:101:6:sendParameter	8	static
../Core/Src/main.c:111:6:sendParameter1	8	static
../Core/Src/main.c:126:5:main	8	static
../Core/Src/main.c:177:6:SystemClock_Config	88	static
../Core/Src/main.c:230:13:MX_ADC1_Init	24	static
../Core/Src/main.c:282:13:MX_ADC2_Init	24	static
../Core/Src/main.c:334:13:MX_USART1_UART_Init	8	static
../Core/Src/main.c:367:13:MX_DMA_Init	16	static
../Core/Src/main.c:388:13:MX_GPIO_Init	40	static
../Core/Src/main.c:421:6:Error_Handler	4	static,ignoring_inline_asm
