../Core/Src/main.c:141:6:HAL_TIM_IC_CaptureCallback	24	static
../Core/Src/main.c:314:6:HAL_ADC_ConvCpltCallback	8	static
../Core/Src/main.c:319:6:roundpulse	16	static
../Core/Src/main.c:325:6:ConvertMM_topulse	16	static
../Core/Src/main.c:332:6:determinerVecteurTEMPS	24	static
../Core/Src/main.c:542:6:convert_Frompolar_Tocourse	64	static
../Core/Src/main.c:342:6:moveTo	80	static
../Core/Src/main.c:554:6:Commander_Moteuraxial	8	static
../Core/Src/main.c:692:6:SystemClock_Config	88	static,ignoring_inline_asm
../Core/Src/main.c:582:5:main	16	static
../Core/Src/main.c:749:6:Error_Handler	0	static,ignoring_inline_asm
