../Core/Src/tim.c:102:6:MX_TIM2_Init	32	static
../Core/Src/tim.c:201:6:MX_TIM4_Init	32	static
../Core/Src/tim.c:256:6:MX_TIM8_Init	32	static
../Core/Src/tim.c:300:6:HAL_TIM_PWM_MspInit	8	static
../Core/Src/tim.c:327:6:HAL_TIM_IC_MspInit	56	static
../Core/Src/tim.c:413:6:HAL_TIM_MspPostInit	48	static
../Core/Src/tim.c:34:6:MX_TIM1_Init	80	static
../Core/Src/tim.c:145:6:MX_TIM3_Init	48	static
../Core/Src/tim.c:474:6:HAL_TIM_PWM_MspDeInit	0	static
../Core/Src/tim.c:501:6:HAL_TIM_IC_MspDeInit	8	static
